<html>
<body>
<pre>
<h1>µVision Build Log</h1>
<h2>Project:</h2>
D:\DFI\MT\Prj\M7_S\MDK-ARM\Project.uvproj
Project File Date:  01/12/2020

<h2>Output:</h2>
Build target 'STM32F429_439xx'
compiling main.c...
linking...
Program Size: Code=100084 RO-data=8132 RW-data=3572 ZI-data=79748  
FromELF: creating hex file...
After Build - User command #1: C:\Keil\\ARM\ARMCC\bin\fromelf.exe --bin --output=DF6-V100.bin .\STM32F429_439xx\DF6-V100.axf
".\STM32F429_439xx\DF6-V100.axf" - 0 Error(s), 0 Warning(s).
Load "D:\\DFI\\MT\\Prj\\M7_S\\MDK-ARM\\STM32F429_439xx\\DF6-V100.axf" 
Erase Done.
Programming Done.
Verify OK.
Application running ...
</pre>
</body>
</html>
SB.c...
linking...
Program Size: Code=100084 RO-data=8132 RW-data=3568 ZI-data=79744  
FromELF: creating hex file...
After Build - User command #1: C:\Keil\\ARM\ARMCC\bin\fromelf.exe --bin --output=DF6-V100.bin .\STM32F429_439xx\DF6-V100.axf
".\STM32F429_439xx\DF6-V100.axf" - 0 Error(s), 0 Warning(s).
Load "D:\\DFI\\MT\\Prj\\M7_S\\MDK-ARM\\STM32F429_439xx\\DF6-V100.axf" 
Erase Done.
Programming Done.
Verify OK.
Application running ...
iling stm32f4xx_pwr.c...
compiling stm32f4xx_rng.c...
compiling stm32f4xx_sai.c...
compiling stm32f4xx_spi.c...
compiling stm32f4xx_tim.c...
compiling stm32f4xx_wwdg.c...
compiling stm32f4xx_adc.c...
compiling stm32f4xx_cryp_aes.c...
compiling stm32f4xx_dbgmcu.c...
compiling stm32f4xx_exti.c...
compiling stm32f4xx_gpio.c...
compiling stm32f4xx_i2c.c...
compiling stm32f4xx_rcc.c...
compiling stm32f4xx_sdio.c...
compiling stm32f4xx_usart.c...
compiling stm32f4xx_crc.c...
compiling stm32f4xx_dma.c...
compiling stm32f4xx_hash_md5.c...
compiling stm32f4xx_rtc.c...
compiling stm32f4xx_cryp_tdes.c...
compiling stm32f4xx_ltdc.c...
compiling stm32f4xx_syscfg.c...
compiling stm32f4xx_fmc.c...
compiling usb_bsp.c...
compiling usb_core.c...
compiling usb_hcd.c...
compiling usb_hcd_int.c...
compiling usbh_core.c...
..\USB\USBLib\usbh_core.c(393): warning:  #188-D: enumerated type mixed with another type
      HCD_Init(pdev,pdev->cfg.coreID);
..\USB\USBLib\usbh_core.c: 1 warning, 0 errors
compiling usbh_hcs.c...
compiling usbh_hid_core.c...
compiling usbh_hid_keybd.c...
compiling usbh_hid_mouse.c...
compiling usbh_ioreq.c...
compiling usbh_msc_bot.c...
compiling usbh_msc_core.c...
compiling usbh_msc_fatfs.c...
compiling usbh_msc_scsi.c...
compiling usbh_stdreq.c...
compiling ff.c...
compiling USB_FILE.c...
compiling USB.c...
linking...
Program Size: Code=100140 RO-data=8132 RW-data=3572 ZI-data=79748  
FromELF: creating hex file...
After Build - User command #1: C:\Keil\\ARM\ARMCC\bin\fromelf.exe --bin --output=DF6-tst0.bin .\STM32F429_439xx\DF6-tst0.axf
".\STM32F429_439xx\DF6-tst0.axf" - 0 Error(s), 1 Warning(s).
Load "D:\\DFI\\MT\\Prj\\M7_S\\MDK-ARM\\STM32F429_439xx\\DF6-tst0.axf" 
Erase Done.
Programming Done.
Verify OK.
Application running ...
