<html>
<body>
<pre>
<h1>礦ision Build Log</h1>
<h2>Project:</h2>
C:\Users\Administrator\OneDrive - Moe, Inc\Firmware\R-600S\备悼何\MT\Prj\M7_S_Current\MDK-ARM\Project.uvproj
Project File Date:  09/02/2020

<h2>Output:</h2>
Build target 'STM32F429_439xx'
linking...
Program Size: Code=135516 RO-data=9644 RW-data=4808 ZI-data=162528  
FromELF: creating hex file...
After Build - User command #1: C:\Keil\\ARM\ARMCC\bin\fromelf.exe --bin --output=DF6-V100.bin .\STM32F429_439xx\DF6-V100.axf
".\STM32F429_439xx\DF6-V100.axf" - 0 Error(s), 0 Warning(s).
Load "C:\\Users\\Administrator\\OneDrive - Moe, Inc\\Firmware\\R-600S\\备悼何\\MT\\Prj\\M7_S_Current\\MDK-ARM\\STM32F429_439xx\\DF6-V100.axf" 
Erase Done.
Programming Done.
Verify OK.
Application running ...
Load "C:\\Users\\Administrator\\OneDrive - Moe, Inc\\Firmware\\R-600S\\备悼何\\MT\\Prj\\M7_S_Current\\MDK-ARM\\STM32F429_439xx\\DF6-V100.axf" 
Erase Done.
Programming Done.
Verify OK.
Application running ...
lication running ...
Load "C:\\Users\\Administrator\\OneDrive - Moe, Inc\\Firmware\\R-600S\\备悼何\\MT\\Prj\\M7_S_Current\\MDK-ARM\\STM32F429_439xx\\DF6-V100.axf" 
Erase Done.
Programming Done.
Verify OK.
Application running ...
Load "C:\\Users\\Administrator\\OneDrive - Moe, Inc\\Firmware\\R-600S\\备悼何\\MT\\Prj\\M7_S_Current\\MDK-ARM\\STM32F429_439xx\\DF6-V100.axf" 
Error: Flash Download failed  -  Target DLL has been cancelled
Load "C:\\Users\\Administrator\\OneDrive - Moe, Inc\\Firmware\\R-600S\\备悼何\\MT\\Prj\\M7_S_Current\\MDK-ARM\\STM32F429_439xx\\DF6-V100.axf" 
Erase Done.
Programming Done.
Verify OK.
Application running ...
