ARM Linker, 5.03 [Build 76] [MDK-ARM Professional]

==============================================================================

Section Cross References

    main.o(i.chk_barcoard) refers to usart.o(i.printf5) for printf5
    main.o(i.chk_barcoard) refers to printfa.o(i.__0sprintf) for __2sprintf
    main.o(i.chk_barcoard) refers to lcd.o(i.LCDbmpxx) for LCDbmpxx
    main.o(i.chk_barcoard) refers to lcd.o(i.out_line_16) for out_line_16
    main.o(i.chk_barcoard) refers to dsp.o(i.dsp_los_table) for dsp_los_table
    main.o(i.chk_barcoard) refers to touch.o(.data) for modex
    main.o(i.chk_barcoard) refers to usbh_hid_usr.o(.data) for new_barcode
    main.o(i.chk_barcoard) refers to main.o(.data) for usb_delay
    main.o(i.chk_barcoard) refers to usbh_hid_usr.o(.bss) for barcode
    main.o(i.chk_barcoard) refers to meas.o(.data) for test_loscnt
    main.o(i.chk_barcoard) refers to meas.o(.bss) for MEASuserid
    main.o(i.chk_barcoard) refers to dsp.o(.data) for maxTempCnt
    main.o(i.chk_barcoard) refers to dsp.o(.bss) for tempSampleID
    main.o(i.dsp_first) refers to usart.o(i.kdelay) for kdelay
    main.o(i.dsp_first) refers to 32f429_port.o(i.PORT_LEDOff) for PORT_LEDOff
    main.o(i.dsp_first) refers to 32f429_port.o(i.PORT_LEDOn) for PORT_LEDOn
    main.o(i.init_ststem) refers to 32f429_port.o(i.PORT_Config) for PORT_Config
    main.o(i.init_ststem) refers to 32f429_port.o(i.DSW_Init) for DSW_Init
    main.o(i.init_ststem) refers to para.o(i.init_RAM) for init_RAM
    main.o(i.init_ststem) refers to usart.o(i.TIM_Config) for TIM_Config
    main.o(i.init_ststem) refers to usart.o(i.TIM_SetUsec) for TIM_SetUsec
    main.o(i.init_ststem) refers to usart.o(i.USART_Config) for USART_Config
    main.o(i.init_ststem) refers to usart.o(i.printf5) for printf5
    main.o(i.init_ststem) refers to tm_adc.o(i.init_ADC) for init_ADC
    main.o(i.init_ststem) refers to resm.o(i.initRTC) for initRTC
    main.o(i.init_ststem) refers to resm.o(i.readAllRTC) for readAllRTC
    main.o(i.init_ststem) refers to 32f429_port.o(i.DSW_Read) for DSW_Read
    main.o(i.init_ststem) refers to resm.o(i.read_jedec) for read_jedec
    main.o(i.init_ststem) refers to eep.o(i.initEEP) for initEEP
    main.o(i.init_ststem) refers to flash.o(i.FMC_NAND_Check) for FMC_NAND_Check
    main.o(i.init_ststem) refers to flash.o(i.move_BMP_second) for move_BMP_second
    main.o(i.init_ststem) refers to flash.o(i.move_BMP) for move_BMP
    main.o(i.init_ststem) refers to flash.o(i.move_FONT) for move_FONT
    main.o(i.init_ststem) refers to tm_adc.o(i.TM4_LEDS_port) for TM4_LEDS_port
    main.o(i.init_ststem) refers to tm_adc.o(i.init_BUZZ) for init_BUZZ
    main.o(i.init_ststem) refers to eep.o(.data) for LANGUAGE_FLAG
    main.o(i.init_ststem) refers to flash.o(.data) for BMP_NUMBER
    main.o(i.main) refers to main.o(i.dsp_first) for dsp_first
    main.o(i.main) refers to main.o(i.init_ststem) for init_ststem
    main.o(i.main) refers to eep.o(i.make_index) for make_index
    main.o(i.main) refers to usb.o(i.USB_FS_Init) for USB_FS_Init
    main.o(i.main) refers to touch.o(i.update_bmp) for update_bmp
    main.o(i.main) refers to dsp.o(i.dsp_home) for dsp_home
    main.o(i.main) refers to usart.o(i.printf5) for printf5
    main.o(i.main) refers to main.o(i.time_loop) for time_loop
    main.o(i.main) refers to touch.o(i.tch_read) for tch_read
    main.o(i.main) refers to main.o(i.read_strip) for read_strip
    main.o(i.main) refers to main.o(i.motor_loop) for motor_loop
    main.o(i.main) refers to main.o(i.chk_barcoard) for chk_barcoard
    main.o(i.main) refers to resm.o(i.chk_table) for chk_table
    main.o(i.main) refers to com.o(i.chk_com_dly) for chk_com_dly
    main.o(i.main) refers to flash.o(i.prog_decode) for prog_decode
    main.o(i.main) refers to usb.o(i.USB_FS_Process) for USB_FS_Process
    main.o(i.main) refers to usart.o(.data) for MS10
    main.o(i.main) refers to resm.o(.data) for read_strip_move
    main.o(i.main) refers to meas.o(.data) for trayFlag
    main.o(i.main) refers to main.o(.data) for tick_usb_process
    main.o(i.motor_loop) refers to usart.o(i.key_buzzer) for key_buzzer
    main.o(i.motor_loop) refers to resm.o(i.delay_ms) for delay_ms
    main.o(i.motor_loop) refers to lcd.o(i.out_line_16) for out_line_16
    main.o(i.motor_loop) refers to lcd.o(i.LCDbmpxx) for LCDbmpxx
    main.o(i.motor_loop) refers to usart.o(i.printf5) for printf5
    main.o(i.motor_loop) refers to resm.o(i.push_strip) for push_strip
    main.o(i.motor_loop) refers to dsp.o(i.dsp_strip) for dsp_strip
    main.o(i.motor_loop) refers to resm.o(i.move_strip) for move_strip
    main.o(i.motor_loop) refers to meas.o(i.run_measure) for run_measure
    main.o(i.motor_loop) refers to touch.o(.data) for flag_motor_run
    main.o(i.motor_loop) refers to resm.o(.data) for flag_table
    main.o(i.motor_loop) refers to meas.o(.data) for plateFlag
    main.o(i.motor_loop) refers to main.o(.data) for second_strip_check
[...]
    get_sum                                  0x20000738   Data           4  usart.o(.data)
    delay_150                                0x2000073c   Data           4  usart.o(.data)
    meas_sum                                 0x20000740   Data           2  usart.o(.data)
    buzz_delay                               0x20000742   Data           1  usart.o(.data)
    baud_delay                               0x20000743   Data           1  usart.o(.data)
    usbpnt                                   0x20000744   Data           4  usart.o(.data)
    dly_stepa                                0x20000748   Data           2  usart.o(.data)
    dly_stepb                                0x2000074a   Data           2  usart.o(.data)
    flag_flash                               0x2000074c   Data           1  flash.o(.data)
    flag_upload                              0x2000074d   Data           1  flash.o(.data)
    flag_second                              0x2000074e   Data           1  flash.o(.data)
    BMP_NUMBER                               0x20000750   Data           2  flash.o(.data)
    BMP_VERSION                              0x20000752   Data           2  flash.o(.data)
    FONT_NUMBER                              0x20000754   Data           2  flash.o(.data)
    FONT_VERSION                             0x20000756   Data           2  flash.o(.data)
    ENG40ADR                                 0x20000758   Data           4  flash.o(.data)
    ENG48ADR                                 0x2000075c   Data           4  flash.o(.data)
    ENG56ADR                                 0x20000760   Data           4  flash.o(.data)
    ENG64ADR                                 0x20000764   Data           4  flash.o(.data)
    SEQ_NO                                   0x20000768   Data           2  eep.o(.data)
    QC_NO                                    0x2000076a   Data           2  eep.o(.data)
    PRINT_FLAG                               0x2000076c   Data           1  eep.o(.data)
    UNIT_FLAG                                0x2000076d   Data           1  eep.o(.data)
    STRIP_NO                                 0x2000076e   Data           1  eep.o(.data)
    MAX_STRIPNO                              0x2000076f   Data           1  eep.o(.data)
    AUTO_FLAG                                0x20000770   Data           1  eep.o(.data)
    PLUS_FLAG                                0x20000771   Data           1  eep.o(.data)
    MARK_FLAG                                0x20000772   Data           1  eep.o(.data)
    oper_no                                  0x20000773   Data           1  eep.o(.data)
    oper_cursor                              0x20000774   Data           1  eep.o(.data)
    tmp_strip                                0x20000775   Data           1  eep.o(.data)
    SOUND_FLAG                               0x20000776   Data           1  eep.o(.data)
    BAUD_FLAG                                0x20000777   Data           1  eep.o(.data)
    SBAUD_FLAG                               0x20000778   Data           1  eep.o(.data)
    COLOR_NO                                 0x20000779   Data           1  eep.o(.data)
    TURBI_NO                                 0x2000077a   Data           1  eep.o(.data)
    SERIAL_FLAG                              0x2000077b   Data           1  eep.o(.data)
    temp_SERIAL_FLAG                         0x2000077c   Data           1  eep.o(.data)
    ErrCode                                  0x2000077d   Data           1  eep.o(.data)
    NEGPOS                                   0x2000077e   Data           1  eep.o(.data)
    LANGUAGE_FLAG                            0x2000077f   Data           1  eep.o(.data)
    memCount                                 0x20000780   Data           2  eep.o(.data)
    init_err                                 0x20000782   Data           2  eep.o(.data)
    sum_ext                                  0x20000784   Data           2  eep.o(.data)
    sum_int                                  0x20000786   Data           2  eep.o(.data)
    flag_backup                              0x20000788   Data           2  eep.o(.data)
    check_adr                                0x2000078c   Data           4  eep.o(.data)
    text_SEQ_NO                              0x20000790   Data           4  lcd.o(.data)
    text_ID_NO                               0x20000794   Data           4  lcd.o(.data)
    LCDx_res                                 0x20000798   Data           4  lcd.o(.data)
    LCDy_res                                 0x2000079c   Data           4  lcd.o(.data)
    LCDx_bpp_res                             0x200007a0   Data           4  lcd.o(.data)
    RASTNO                                   0x200007a4   Data           1  lcd.o(.data)
    ENG32ADR                                 0x200007a8   Data           4  lcd.o(.data)
    HAN32ADR                                 0x200007ac   Data           4  lcd.o(.data)
    ENG24ADR                                 0x200007b0   Data           4  lcd.o(.data)
    HAN24ADR                                 0x200007b4   Data           4  lcd.o(.data)
    ENG16ADR                                 0x200007b8   Data           4  lcd.o(.data)
    HAN16ADR                                 0x200007bc   Data           4  lcd.o(.data)
    FIG32ADR                                 0x200007c0   Data           4  lcd.o(.data)
    ENG20ADR                                 0x200007c4   Data           4  lcd.o(.data)
    LcdBuffer                                0x200007c8   Data           4  lcd.o(.data)
    ar_printform                             0x200007cc   Data         800  para.o(.data)
    si_printform                             0x20000aec   Data         800  para.o(.data)
    co_printform                             0x20000e0c   Data         800  para.o(.data)
    COM_USART                                0x2000112c   Data          28  stm324x9i_eval.o(.data)
    COM_TX_PORT                              0x20001148   Data          28  stm324x9i_eval.o(.data)
    COM_RX_PORT                              0x20001164   Data          28  stm324x9i_eval.o(.data)
    GPIO_PORT                                0x20001180   Data         116  32f429_port.o(.data)
    dsw_data                                 0x200011f4   Data           1  32f429_port.o(.data)
    BSP_delay                                0x20001208   Data           4  usb_bsp.o(.data)
    HSEStartUpStatus                         0x2000120c   Data           1  usb_bsp.o(.data)
    USBH_HCD_INT_cb                          0x20001210   Data          20  usbh_core.o(.data)
    USBH_HCD_INT_fops                        0x20001224   Data           4  usbh_core.o(.data)
    suspend_flag                             0x20001228   Data           4  usbh_core.o(.data)
    start_toggle                             0x20001230   Data           1  usbh_hid_core.o(.data)
    HID_cb                                   0x20001234   Data          16  usbh_hid_core.o(.data)
    HID_Setup                                0x20001244   Data           8  usbh_hid_core.o(.data)
    HID_KEYBRD_cb                            0x2000124c   Data           8  usbh_hid_keybd.o(.data)
    HID_MOUSE_cb                             0x2000126c   Data           8  usbh_hid_mouse.o(.data)
    HID_MOUSE_Data                           0x20001274   Data           4  usbh_hid_mouse.o(.data)
    MSCErrorCount                            0x20001290   Data           1  usbh_msc_core.o(.data)
    USBH_MSC_cb                              0x20001294   Data          16  usbh_msc_core.o(.data)
    MSC_Setup                                0x200012a6   Data           8  usbh_msc_core.o(.data)
    file_count                               0x200012ba   Data           1  usb_file.o(.data)
    res                                      0x200012bb   Data           1  usb_file.o(.data)
    USBH_USR_ApplicationState                0x200012bc   Data           1  usb.o(.data)
    USBFS_EnumDone                           0x200012bd   Data           1  usb.o(.data)
    USBHS_EnumDone                           0x200012be   Data           1  usb.o(.data)
    HS_DemoDisconnHandled                    0x200012bf   Data           1  usb.o(.data)
    FS_DemoDisconnHandled                    0x200012c0   Data           1  usb.o(.data)
    demo                                     0x200012c1   Data           5  usb.o(.data)
    flash_buff                               0x200012c8   Data        4096  resm.o(.bss)
    flash_read                               0x200022c8   Data        4096  resm.o(.bss)
    buff256                                  0x200032c8   Data         256  resm.o(.bss)
    barcode                                  0x200033c8   Data          30  usbh_hid_usr.o(.bss)
    oper_name                                0x200033e6   Data          13  touch.o(.bss)
    buff_date                                0x200033f3   Data          16  touch.o(.bss)
    buff_time                                0x20003403   Data          16  touch.o(.bss)
    buff_user_id                             0x20003414   Data          21  dsp.o(.bss)
    buff_oper_id                             0x20003429   Data          16  dsp.o(.bss)
    buff_seqno                               0x20003439   Data          16  dsp.o(.bss)
    buff_strip_name                          0x20003449   Data          19  dsp.o(.bss)
    tempSampleID                             0x2000345c   Data       19000  dsp.o(.bss)
    tempSampleID2                            0x20007e94   Data       19000  dsp.o(.bss)
    temp_seqno                               0x2000c8cc   Data        2000  dsp.o(.bss)
    temp_seqno2                              0x2000d09c   Data        2000  dsp.o(.bss)
    temp_lotno                               0x2000d86c   Data        7000  dsp.o(.bss)
    temp_lotno2                              0x2000f3c4   Data        7000  dsp.o(.bss)
    temp_stripno                             0x20010f1c   Data        2000  dsp.o(.bss)
    temp_stripno2                            0x200116ec   Data        2000  dsp.o(.bss)
    temp_colorno                             0x20011ebc   Data        2000  dsp.o(.bss)
    temp_colorno2                            0x2001268c   Data        2000  dsp.o(.bss)
    temp_turbino                             0x20012e5c   Data        2000  dsp.o(.bss)
    temp_turbino2                            0x2001362c   Data        2000  dsp.o(.bss)
    temp_negpos                              0x20013dfc   Data        2000  dsp.o(.bss)
    temp_negpos2                             0x200145cc   Data        2000  dsp.o(.bss)
    searchSEQ                                0x20014d9c   Data       10000  dsp.o(.bss)
    backup_user_id                           0x200174ac   Data          21  dsp.o(.bss)
    backup_oper_id                           0x200174c1   Data          13  dsp.o(.bss)
    buffRED1                                 0x200174ce   Data        1538  meas.o(.bss)
    buffGRN1                                 0x20017ad0   Data        1538  meas.o(.bss)
    buffBLU1                                 0x200180d2   Data        1538  meas.o(.bss)
    spanRED                                  0x200186d4   Data        1528  meas.o(.bss)
    spanGRN                                  0x20018ccc   Data        1528  meas.o(.bss)
    spanBLU                                  0x200192c4   Data        1528  meas.o(.bss)
    ref_red_buf                              0x200198bc   Data        1528  meas.o(.bss)
    ref_grn_buf                              0x20019eb4   Data        1528  meas.o(.bss)
    ref_blu_buf                              0x2001a4ac   Data        1528  meas.o(.bss)
    dataRED1                                 0x2001aaa4   Data          30  meas.o(.bss)
    dataGRN1                                 0x2001aac2   Data          30  meas.o(.bss)
    dataBLU1                                 0x2001aae0   Data          30  meas.o(.bss)
    STRIP_INFO                               0x2001aafe   Data          33  meas.o(.bss)
    temp_result                              0x2001ab1f   Data          20  meas.o(.bss)
    temp_solution                            0x2001ab33   Data         100  meas.o(.bss)
    PARA_NEW                                 0x2001ab98   Data         440  meas.o(.bss)
    TEMP_PARA_NEW                            0x2001ad50   Data         440  meas.o(.bss)
    m_final_results                          0x2001af08   Data          15  meas.o(.bss)
    StripPosition                            0x2001af18   Data          32  meas.o(.bss)
    weight                                   0x2001af38   Data          22  meas.o(.bss)
    buffRESULT                               0x2001af4e   Data        1024  meas.o(.bss)
    MEASoperid                               0x2001b34e   Data          11  meas.o(.bss)
    MEASuserid                               0x2001b359   Data          19  meas.o(.bss)
    MEASstripname                            0x2001b36c   Data          11  meas.o(.bss)
    MEASstripinfo                            0x2001b377   Data          16  meas.o(.bss)
    MEAS_results                             0x2001b387   Data          14  meas.o(.bss)
    print_buff                               0x2001b395   Data        1024  meas.o(.bss)
    rx1buf                                   0x2001b795   Data         256  usart.o(.bss)
    tx1buf                                   0x2001b895   Data         256  usart.o(.bss)
    rx2buf                                   0x2001b995   Data         256  usart.o(.bss)
    rx3buf                                   0x2001ba95   Data         256  usart.o(.bss)
    rx4buf                                   0x2001bb95   Data         256  usart.o(.bss)
    rx5buf                                   0x2001bc95   Data         256  usart.o(.bss)
    rx6buf                                   0x2001bd95   Data         256  usart.o(.bss)
    tx6buf                                   0x2001be95   Data         256  usart.o(.bss)
    rx7buf                                   0x2001bf95   Data         256  usart.o(.bss)
    tx7buf                                   0x2001c095   Data         256  usart.o(.bss)
    string                                   0x2001c195   Data         256  usart.o(.bss)
    charbuff                                 0x2001c295   Data         256  usart.o(.bss)
    rcv_buff                                 0x2001c395   Data          32  usart.o(.bss)
    BMP_TB                                   0x2001c3b6   Data        2048  flash.o(.bss)
    NAND_TB                                  0x2001cbb6   Data        2048  flash.o(.bss)
    FONT_HEAD                                0x2001d3b6   Data        4096  flash.o(.bss)
    SYS_ID                                   0x2001e3b6   Data          14  eep.o(.bss)
    OPER_ID                                  0x2001e3c4   Data          13  eep.o(.bss)
    oper_buff                                0x2001e3d1   Data         225  eep.o(.bss)
    strip_name                               0x2001e4b2   Data          19  eep.o(.bss)
    USER_ID                                  0x2001e4c5   Data          21  eep.o(.bss)
    cmdbuff                                  0x2001e4da   Data        5080  eep.o(.bss)
    size16                                   0x2001f8b2   Data         128  lcd.o(.bss)
    size24                                   0x2001f932   Data         128  lcd.o(.bss)
    size32                                   0x2001f9b2   Data         128  lcd.o(.bss)
    size40                                   0x2001fa32   Data         128  lcd.o(.bss)
    size48                                   0x2001fab2   Data         128  lcd.o(.bss)
    size56                                   0x2001fb32   Data         128  lcd.o(.bss)
    size64                                   0x2001fbb2   Data         128  lcd.o(.bss)
    top_str                                  0x2001fc32   Data          64  lcd.o(.bss)
    bmp_head                                 0x2001fc72   Data        1536  lcd.o(.bss)
    ar_item_ram                              0x20020272   Data        2310  para.o(.bss)
    co_item_ram                              0x20020b78   Data        2310  para.o(.bss)
    si_item_ram                              0x2002147e   Data        2310  para.o(.bss)
    nandTxBuffer                             0x20021d84   Data        2048  fsmc_nand.o(.bss)
    nandRxBuffer                             0x20022584   Data        2048  fsmc_nand.o(.bss)
    HID_Machine                              0x20022d84   Data          84  usbh_hid_core.o(.bss)
    HID_Report                               0x20022dd8   Data          72  usbh_hid_core.o(.bss)
    HID_Desc                                 0x20022e20   Data          10  usbh_hid_core.o(.bss)
    USBH_MSC_CBWData                         0x20022e2c   Data          32  usbh_msc_bot.o(.bss)
    USBH_MSC_CSWData                         0x20022e4c   Data          16  usbh_msc_bot.o(.bss)
    USBH_MSC_BOTXferParam                    0x20022e5c   Data          16  usbh_msc_bot.o(.bss)
    MSC_Machine                              0x20022e6c   Data          74  usbh_msc_core.o(.bss)
    USBH_MSC_Param                           0x20022eb8   Data          16  usbh_msc_scsi.o(.bss)
    USBH_DataInBuffer                        0x20022ec8   Data         512  usbh_msc_scsi.o(.bss)
    USBH_DataOutBuffer                       0x200230c8   Data         512  usbh_msc_scsi.o(.bss)
    USBH_CfgDesc                             0x200232c8   Data         512  usbh_stdreq.o(.bss)
    usb_read_buffer                          0x200234c8   Data       16384  usb_file.o(.bss)
    usb_write_buffer                         0x200274c8   Data        1024  usb_file.o(.bss)
    fatfs                                    0x200278c8   Data         560  usb_file.o(.bss)
    file                                     0x20027af8   Data         548  usb_file.o(.bss)
    USB_OTG_Core                             0x20027d1c   Data        1456  usb.o(.bss)
    USB_Host                                 0x200282cc   Data         148  usb.o(.bss)
    USB_OTG_FS_Core                          0x20028360   Data        1456  usb.o(.bss)
    USB_FS_Process_Host                      0x20028910   Data         148  usb.o(.bss)
    __initial_sp                             0x20028da8   Data           0  startup_stm32f40xx.o(STACK)



==============================================================================

Memory Map of the image

  Image Entry point : 0x08020189

  Load Region LR_IROM1 (Base: 0x08020000, Size: 0x000249d0, Max: 0x00060000, ABSOLUTE, COMPRESSED[0x00023cd8])

    Execution Region ER_IROM1 (Base: 0x08020000, Size: 0x00023708, Max: 0x00060000, ABSOLUTE)

    Base Addr    Size         Type   Attr      Idx    E Section Name        Object

    0x08020000   0x00000188   Data   RO         4495    RESET               startup_stm32f40xx.o
    0x08020188   0x00000000   Code   RO        10549  * .ARM.Collect$$$$00000000  mc_w.l(entry.o)
    0x08020188   0x00000004   Code   RO        10819    .ARM.Collect$$$$00000001  mc_w.l(entry2.o)
    0x0802018c   0x00000004   Code   RO        10822    .ARM.Collect$$$$00000004  mc_w.l(entry5.o)
    0x08020190   0x00000000   Code   RO        10824    .ARM.Collect$$$$00000008  mc_w.l(entry7b.o)
    0x08020190   0x00000000   Code   RO        10826    .ARM.Collect$$$$0000000A  mc_w.l(entry8b.o)
    0x08020190   0x00000008   Code   RO        10827    .ARM.Collect$$$$0000000B  mc_w.l(entry9a.o)
    0x08020198   0x00000000   Code   RO        10829    .ARM.Collect$$$$0000000D  mc_w.l(entry10a.o)
    0x08020198   0x00000000   Code   RO        10831    .ARM.Collect$$$$0000000F  mc_w.l(entry11a.o)
    0x08020198   0x00000004   Code   RO        10820    .ARM.Collect$$$$00002712  mc_w.l(entry2.o)
    0x0802019c   0x00000024   Code   RO         4496    .text               startup_stm32f40xx.o
    0x080201c0   0x00000062   Code   RO        10552    .text               mc_w.l(uldiv.o)
    0x08020222   0x00000024   Code   RO        10554    .text               mc_w.l(strstr.o)
    0x08020246   0x00000012   Code   RO        10556    .text               mc_w.l(strcpy.o)
    0x08020258   0x0000002c   Code   RO        10836    .text               mc_w.l(uidiv.o)
    0x08020284   0x0000001e   Code   RO        10838    .text               mc_w.l(llshl.o)
    0x080202a2   0x00000020   Code   RO        10840    .text               mc_w.l(llushr.o)
    0x080202c2   0x00000000   Code   RO        10842    .text               mc_w.l(iusefp.o)
    0x080202c2   0x0000014e   Code   RO        10843    .text               mf_w.l(dadd.o)
    0x08020410   0x000000e4   Code   RO        10845    .text               mf_w.l(dmul.o)
    0x080204f4   0x000000de   Code   RO        10847    .text               mf_w.l(ddiv.o)
    0x080205d2   0x00000030   Code   RO        10849    .text               mf_w.l(dfixul.o)
    0x08020602   0x00000002   PAD
    0x08020604   0x00000028   Code   RO        10851    .text               mf_w.l(cdrcmple.o)
    0x0802062c   0x00000024   Code   RO        10853    .text               mc_w.l(init.o)
    0x08020650   0x00000024   Code   RO        10856    .text               mc_w.l(llsshr.o)
    0x08020674   0x000000be   Code   RO        10859    .text               mf_w.l(depilogue.o)
    0x08020732   0x00000060   Code   RO        10869    .text               mc_w.l(__dclz77c.o)
    0x08020792   0x00000002   PAD
    0x08020794   0x00000038   Code   RO         6540    i.ADC_CommonInit    stm32f4xx_adc.o
    0x080207cc   0x00000054   Code   RO         6559    i.ADC_Init          stm32f4xx_adc.o
    0x08020820   0x000000b8   Code   RO         6564    i.ADC_RegularChannelConfig  stm32f4xx_adc.o
    0x080208d8   0x0000002c   Code   RO         8955    i.BSP_Delay         usb_bsp.o
    0x08020904   0x0000006c   Code   RO         8956    i.BSP_SetTime       usb_bsp.o
    0x08020970   0x00000004   Code   RO         3739    i.BusFault_Handler  stm32f4xx_it.o
    0x08020974   0x000000a0   Code   RO         4340    i.DSW_Init          32f429_port.o
    0x08020a14   0x000000bc   Code   RO         4341    i.DSW_Read          32f429_port.o
    0x08020ad0   0x00000002   Code   RO         3740    i.DebugMon_Handler  stm32f4xx_it.o
    0x08020ad2   0x0000000c   Code   RO          311    i.Delay1302         resm.o
    0x08020ade   0x00000002   PAD
    0x08020ae0   0x00000250   Code   RO        10426    i.ExploreUSB        usb_file.o
    0x08020d30   0x0000000c   Code   RO         3845    i.FLASH_ClearFlag   stm32f4xx_flash.o
    0x08020d3c   0x00000088   Code   RO         3851    i.FLASH_EraseSector  stm32f4xx_flash.o
    0x08020dc4   0x00000054   Code   RO         3853    i.FLASH_GetStatus   stm32f4xx_flash.o
    0x08020e18   0x000000ac   Code   RO         3855    i.FLASH_If_Erase    stm32f4xx_flash.o
    0x08020ec4   0x00000014   Code   RO         3858    i.FLASH_Lock        stm32f4xx_flash.o
    0x08020ed8   0x00000050   Code   RO         3882    i.FLASH_ProgramWord  stm32f4xx_flash.o
    0x08020f28   0x00000024   Code   RO         3884    i.FLASH_Unlock      stm32f4xx_flash.o
    0x08020f4c   0x00000022   Code   RO         3885    i.FLASH_WaitForLastOperation  stm32f4xx_flash.o
    0x08020f6e   0x00000002   PAD
    0x08020f70   0x0000005c   Code   RO         8786    i.FMC_NANDCmd       stm32f4xx_fmc.o
    0x08020fcc   0x00000048   Code   RO         8787    i.FMC_NANDDeInit    stm32f4xx_fmc.o
    0x08021014   0x0000008c   Code   RO         8789    i.FMC_NANDInit      stm32f4xx_fmc.o
    0x080210a0   0x00000038   Code   RO         4403    i.FMC_NAND_AddressIncrement  fsmc_nand.o
    0x080210d8   0x00000164   Code   RO         2727    i.FMC_NAND_Check    flash.o
    0x0802123c   0x00000050   Code   RO         4404    i.FMC_NAND_EraseBlock  fsmc_nand.o
    0x0802128c   0x0000002a   Code   RO         4405    i.FMC_NAND_GetStatus  fsmc_nand.o
    0x080212b6   0x00000002   PAD
    0x080212b8   0x00000174   Code   RO         4406    i.FMC_NAND_Init     fsmc_nand.o
    0x0802142c   0x0000002c   Code   RO         4407    i.FMC_NAND_ReadID   fsmc_nand.o
    0x08021458   0x000000ac   Code   RO         4408    i.FMC_NAND_ReadSmallPage  fsmc_nand.o
    0x08021504   0x000000b0   Code   RO         4409    i.FMC_NAND_ReadSpareArea  fsmc_nand.o
    0x080215b4   0x0000002c   Code   RO         4410    i.FMC_NAND_ReadStatus  fsmc_nand.o
    0x080215e0   0x000000c0   Code   RO         4413    i.FMC_NAND_WriteSmallPage  fsmc_nand.o
    0x080216a0   0x000000c0   Code   RO         4414    i.FMC_NAND_WriteSpareArea  fsmc_nand.o
    0x08021760   0x0000018c   Code   RO        10427    i.FirmwareUSB       usb_file.o
    0x080218ec   0x00000090   Code   RO         6926    i.GPIO_Init         stm32f4xx_gpio.o
    0x0802197c   0x00000046   Code   RO         6927    i.GPIO_PinAFConfig  stm32f4xx_gpio.o
    0x080219c2   0x00000012   Code   RO         6930    i.GPIO_ReadInputDataBit  stm32f4xx_gpio.o
    0x080219d4   0x00000004   Code   RO         6933    i.GPIO_ResetBits    stm32f4xx_gpio.o
    0x080219d8   0x00000004   Code   RO         6934    i.GPIO_SetBits      stm32f4xx_gpio.o
    0x080219dc   0x0000000a   Code   RO         9267    i.HCD_GetCurrentFrame  usb_hcd.o
    0x080219e6   0x00000014   Code   RO         9268    i.HCD_GetCurrentSpeed  usb_hcd.o
    0x080219fa   0x0000000a   Code   RO         9270    i.HCD_GetURB_State  usb_hcd.o
    0x08021a04   0x0000000c   Code   RO         9271    i.HCD_GetXferCnt    usb_hcd.o
    0x08021a10   0x00000060   Code   RO         9273    i.HCD_Init          usb_hcd.o
    0x08021a70   0x00000008   Code   RO         9274    i.HCD_IsDeviceConnected  usb_hcd.o
    0x08021a78   0x00000008   Code   RO         9275    i.HCD_IsPortEnabled  usb_hcd.o
    0x08021a80   0x0000000e   Code   RO         9276    i.HCD_ResetPort     usb_hcd.o
    0x08021a8e   0x00000020   Code   RO         9277    i.HCD_SubmitRequest  usb_hcd.o
    0x08021aae   0x00000004   Code   RO         3741    i.HardFault_Handler  stm32f4xx_it.o
    0x08021ab2   0x00000002   PAD
    0x08021ab4   0x000001f4   Code   RO         1795    i.IncreseSampleID   meas.o
    0x08021ca8   0x00000154   Code   RO         9678    i.KEYBRD_Decode     usbh_hid_keybd.o
    0x08021dfc   0x00000008   Code   RO         9679    i.KEYBRD_Init       usbh_hid_keybd.o
    0x08021e04   0x000000f0   Code   RO         3242    i.LCDbmpxx          lcd.o
    0x08021ef4   0x00000020   Code   RO         9713    i.MOUSE_Decode      usbh_hid_mouse.o
    0x08021f14   0x00000008   Code   RO         9714    i.MOUSE_Init        usbh_hid_mouse.o
    0x08021f1c   0x00000004   Code   RO         3742    i.MemManage_Handler  stm32f4xx_it.o
    0x08021f20   0x00000002   Code   RO         3743    i.NMI_Handler       stm32f4xx_it.o
    0x08021f22   0x00000002   PAD
    0x08021f24   0x00000078   Code   RO         4502    i.NVIC_Init         misc.o
    0x08021f9c   0x00000014   Code   RO         4503    i.NVIC_PriorityGroupConfig  misc.o
    0x08021fb0   0x00000010   Code   RO         3744    i.OTG_FS_IRQHandler  stm32f4xx_it.o
    0x08021fc0   0x00000010   Code   RO         3745    i.OTG_HS_IRQHandler  stm32f4xx_it.o
    0x08021fd0   0x0000019a   Code   RO         4342    i.PORT_Config       32f429_port.o
    0x0802216a   0x00000002   PAD
    0x0802216c   0x00000058   Code   RO         4343    i.PORT_LEDInit      32f429_port.o
    0x080221c4   0x00000018   Code   RO         4344    i.PORT_LEDOff       32f429_port.o
    0x080221dc   0x00000018   Code   RO         4345    i.PORT_LEDOn        32f429_port.o
    0x080221f4   0x00000024   Code   RO         4346    i.PORT_LEDTog       32f429_port.o
    0x08022218   0x00000002   Code   RO         3746    i.PendSV_Handler    stm32f4xx_it.o
    0x0802221a   0x00000002   PAD
    0x0802221c   0x00000020   Code   RO         7247    i.RCC_AHB1PeriphClockCmd  stm32f4xx_rcc.o
    0x0802223c   0x00000020   Code   RO         7248    i.RCC_AHB1PeriphClockLPModeCmd  stm32f4xx_rcc.o
    0x0802225c   0x00000020   Code   RO         7250    i.RCC_AHB2PeriphClockCmd  stm32f4xx_rcc.o
    0x0802227c   0x00000020   Code   RO         7253    i.RCC_AHB3PeriphClockCmd  stm32f4xx_rcc.o
    0x0802229c   0x00000020   Code   RO         7256    i.RCC_APB1PeriphClockCmd  stm32f4xx_rcc.o
    0x080222bc   0x00000020   Code   RO         7259    i.RCC_APB2PeriphClockCmd  stm32f4xx_rcc.o
    0x080222dc   0x000000e8   Code   RO         7268    i.RCC_GetClocksFreq  stm32f4xx_rcc.o
    0x080223c4   0x00000118   Code   RO        10428    i.ReadFileFromUSB   usb_file.o
    0x080224dc   0x00000002   Code   RO         2879    i.ReadLos12         eep.o
    0x080224de   0x00000002   PAD
    0x080224e0   0x000000a8   Code   RO         2880    i.ReadMemory        eep.o
    0x08022588   0x00000110   Code   RO         3712    i.STM_EVAL_COMInit  stm324x9i_eval.o
    0x08022698   0x00000002   Code   RO         3747    i.SVC_Handler       stm32f4xx_it.o
    0x0802269a   0x00000002   PAD
    0x0802269c   0x00000834   Code   RO         1796    i.Send720           meas.o
    0x08022ed0   0x0000011c   Code   RO         3684    i.SetSysClock       system_stm32f4xx.o
    0x08022fec   0x00000002   Code   RO         3748    i.SysTick_Handler   stm32f4xx_it.o
    0x08022fee   0x00000002   PAD
    0x08022ff0   0x0000006c   Code   RO         3685    i.SystemInit        system_stm32f4xx.o
    0x0802305c   0x00000410   Code   RO         2473    i.TIM2_IRQHandler   usart.o
    0x0802346c   0x00000008   Code   RO         3749    i.TIM5_IRQHandler   stm32f4xx_it.o
    0x08023474   0x00000018   Code   RO         5913    i.TIM_ARRPreloadConfig  stm32f4xx_tim.o
    0x0802348c   0x00000006   Code   RO         5920    i.TIM_ClearITPendingBit  stm32f4xx_tim.o
    0x08023492   0x00000018   Code   RO         5925    i.TIM_Cmd           stm32f4xx_tim.o
    0x080234aa   0x0000002e   Code   RO         2474    i.TIM_Config        usart.o
    0x080234d8   0x00000022   Code   RO         5946    i.TIM_GetITStatus   stm32f4xx_tim.o
    0x080234fa   0x00000012   Code   RO         5950    i.TIM_ITConfig      stm32f4xx_tim.o
    0x0802350c   0x000000a4   Code   RO         5959    i.TIM_OC2Init       stm32f4xx_tim.o
    0x080235b0   0x0000001a   Code   RO         5962    i.TIM_OC2PreloadConfig  stm32f4xx_tim.o
    0x080235ca   0x0000005c   Code   RO         2475    i.TIM_SetUsec       usart.o
    0x08023626   0x00000002   PAD
    0x08023628   0x00000084   Code   RO         5997    i.TIM_TimeBaseInit  stm32f4xx_tim.o
    0x080236ac   0x0000003c   Code   RO         2338    i.TM4_LEDS_Init     tm_adc.o
    0x080236e8   0x0000003c   Code   RO         2339    i.TM4_LEDS_port     tm_adc.o
    0x08023724   0x00000034   Code   RO         2340    i.TM4_PWM_Init      tm_adc.o
    0x08023758   0x0000003c   Code   RO         2341    i.TM4_TIMER_Init    tm_adc.o
    0x08023794   0x00000028   Code   RO         2344    i.TM_ADC_INT_Channel_4_Init  tm_adc.o
    0x080237bc   0x00000028   Code   RO         2345    i.TM_ADC_INT_Channel_5_Init  tm_adc.o
    0x080237e4   0x00000028   Code   RO         2346    i.TM_ADC_INT_Channel_6_Init  tm_adc.o
    0x0802380c   0x00000040   Code   RO         2347    i.TM_ADC_INT_Channel_7_Init  tm_adc.o
    0x0802384c   0x0000001e   Code   RO         2348    i.TM_ADC_INT_InitPin  tm_adc.o
    0x0802386a   0x0000003e   Code   RO         2349    i.TM_ADC_Init       tm_adc.o
    0x080238a8   0x000000a0   Code   RO         2350    i.TM_ADC_InitADC    tm_adc.o
    0x08023948   0x00000018   Code   RO         7773    i.USART_Cmd         stm32f4xx_usart.o
    0x08023960   0x000001a0   Code   RO         2476    i.USART_Config      usart.o
    0x08023b00   0x0000001a   Code   RO         7776    i.USART_GetFlagStatus  stm32f4xx_usart.o
    0x08023b1a   0x00000002   PAD
    0x08023b1c   0x000000d4   Code   RO         7780    i.USART_Init        stm32f4xx_usart.o
    0x08023bf0   0x0000000a   Code   RO         7787    i.USART_ReceiveData  stm32f4xx_usart.o
    0x08023bfa   0x00000002   PAD
    0x08023bfc   0x00000014   Code   RO        10429    i.USBFatReady       usb_file.o
    0x08023c10   0x00000026   Code   RO         9532    i.USBH_Alloc_Channel  usbh_hcs.o
    0x08023c36   0x00000060   Code   RO         9747    i.USBH_BulkReceiveData  usbh_ioreq.o
    0x08023c96   0x0000005e   Code   RO         9748    i.USBH_BulkSendData  usbh_ioreq.o
    0x08023cf4   0x0000004c   Code   RO        10045    i.USBH_ClrFeature   usbh_stdreq.o
    0x08023d40   0x0000000c   Code   RO         9421    i.USBH_Connected    usbh_core.o
    0x08023d4c   0x00000046   Code   RO         9749    i.USBH_CtlReceiveData  usbh_ioreq.o
    0x08023d92   0x00000064   Code   RO         9750    i.USBH_CtlReq       usbh_ioreq.o
    0x08023df6   0x0000006e   Code   RO         9751    i.USBH_CtlSendData  usbh_ioreq.o
    0x08023e64   0x00000042   Code   RO         9752    i.USBH_CtlSendSetup  usbh_ioreq.o
    0x08023ea6   0x0000001c   Code   RO         9533    i.USBH_DeAllocate_AllChannel  usbh_hcs.o
    0x08023ec2   0x0000003a   Code   RO         9422    i.USBH_DeInit       usbh_core.o
    0x08023efc   0x0000000c   Code   RO         9423    i.USBH_Disconnected  usbh_core.o
    0x08023f08   0x0000002e   Code   RO         9424    i.USBH_ErrorHandle  usbh_core.o
    0x08023f36   0x0000001e   Code   RO         9534    i.USBH_Free_Channel  usbh_hcs.o
    0x08023f54   0x00000044   Code   RO        10046    i.USBH_GetDescriptor  usbh_stdreq.o
    0x08023f98   0x00000028   Code   RO         9535    i.USBH_GetFreeChannel  usbh_hcs.o
    0x08023fc0   0x00000012   Code   RO        10047    i.USBH_GetNextDesc  usbh_stdreq.o
    0x08023fd2   0x00000002   PAD
    0x08023fd4   0x0000006c   Code   RO        10048    i.USBH_Get_CfgDesc  usbh_stdreq.o
    0x08024040   0x00000038   Code   RO        10049    i.USBH_Get_DevDesc  usbh_stdreq.o
    0x08024078   0x00000028   Code   RO         9598    i.USBH_Get_HID_Descriptor  usbh_hid_core.o
    0x080240a0   0x00000028   Code   RO         9599    i.USBH_Get_HID_ReportDescriptor  usbh_hid_core.o
    0x080240c8   0x0000003c   Code   RO        10050    i.USBH_Get_StringDesc  usbh_stdreq.o
    0x08024104   0x000000b0   Code   RO         9600    i.USBH_HID_ClassRequest  usbh_hid_core.o
    0x080241b4   0x00000104   Code   RO         9601    i.USBH_HID_Handle   usbh_hid_core.o
    0x080242b8   0x00000068   Code   RO         9602    i.USBH_HID_InterfaceDeInit  usbh_hid_core.o
    0x08024320   0x00000304   Code   RO         9603    i.USBH_HID_InterfaceInit  usbh_hid_core.o
    0x08024624   0x00000020   Code   RO          562    i.USBH_HID_USR_Configuration_DescAvailable  usbh_hid_usr.o
    0x08024644   0x00000002   Code   RO          563    i.USBH_HID_USR_DeInit  usbh_hid_usr.o
    0x08024646   0x00000002   Code   RO          564    i.USBH_HID_USR_DeviceAddressAssigned  usbh_hid_usr.o
    0x08024648   0x00000010   Code   RO          565    i.USBH_HID_USR_DeviceAttached  usbh_hid_usr.o
    0x08024658   0x00000018   Code   RO          566    i.USBH_HID_USR_DeviceDisconnected  usbh_hid_usr.o
    0x08024670   0x00000030   Code   RO          567    i.USBH_HID_USR_DeviceNotSupported  usbh_hid_usr.o
    0x080246a0   0x00000040   Code   RO          568    i.USBH_HID_USR_DeviceSpeedDetected  usbh_hid_usr.o
    0x080246e0   0x00000048   Code   RO          569    i.USBH_HID_USR_Device_DescAvailable  usbh_hid_usr.o
    0x08024728   0x00000018   Code   RO          570    i.USBH_HID_USR_EnumerationDone  usbh_hid_usr.o
    0x08024740   0x00000002   Code   RO          571    i.USBH_HID_USR_Init  usbh_hid_usr.o
    0x08024742   0x00000002   PAD
    0x08024744   0x0000003c   Code   RO          572    i.USBH_HID_USR_Manufacturer_String  usbh_hid_usr.o
    0x08024780   0x00000030   Code   RO          573    i.USBH_HID_USR_OverCurrentDetected  usbh_hid_usr.o
    0x080247b0   0x00000034   Code   RO          574    i.USBH_HID_USR_Product_String  usbh_hid_usr.o
    0x080247e4   0x00000002   Code   RO          575    i.USBH_HID_USR_ResetDevice  usbh_hid_usr.o
    0x080247e6   0x00000002   PAD
    0x080247e8   0x0000003c   Code   RO          576    i.USBH_HID_USR_SerialNum_String  usbh_hid_usr.o
    0x08024824   0x00000010   Code   RO          577    i.USBH_HID_USR_UnrecoveredError  usbh_hid_usr.o
    0x08024834   0x00000004   Code   RO          578    i.USBH_HID_USR_UserInput  usbh_hid_usr.o
    0x08024838   0x0000022c   Code   RO         9425    i.USBH_HandleControl  usbh_core.o
    0x08024a64   0x000001e4   Code   RO         9426    i.USBH_HandleEnum   usbh_core.o
    0x08024c48   0x00000034   Code   RO         9427    i.USBH_Init         usbh_core.o
    0x08024c7c   0x00000078   Code   RO         9753    i.USBH_InterruptReceiveData  usbh_ioreq.o
    0x08024cf4   0x00000060   Code   RO         9826    i.USBH_MSC_BOT_Abort  usbh_msc_bot.o
    0x08024d54   0x00000014   Code   RO         9879    i.USBH_MSC_ClassRequest  usbh_msc_core.o
    0x08024d68   0x00000080   Code   RO         9827    i.USBH_MSC_DecodeCSW  usbh_msc_bot.o
    0x08024de8   0x00000044   Code   RO         9880    i.USBH_MSC_ErrorHandle  usbh_msc_core.o
    0x08024e2c   0x0000002c   Code   RO         9881    i.USBH_MSC_GETMaxLUN  usbh_msc_core.o
    0x08024e58   0x00000184   Code   RO         9882    i.USBH_MSC_Handle   usbh_msc_core.o
    0x08024fdc   0x00000408   Code   RO         9828    i.USBH_MSC_HandleBOTXfer  usbh_msc_bot.o
    0x080253e4   0x00000044   Code   RO         9829    i.USBH_MSC_Init     usbh_msc_bot.o
    0x08025428   0x0000004c   Code   RO         9883    i.USBH_MSC_InterfaceDeInit  usbh_msc_core.o
    0x08025474   0x00000278   Code   RO         9884    i.USBH_MSC_InterfaceInit  usbh_msc_core.o
    0x080256ec   0x000000d0   Code   RO         9987    i.USBH_MSC_ModeSense6  usbh_msc_scsi.o
    0x080257bc   0x00000100   Code   RO         9988    i.USBH_MSC_Read10   usbh_msc_scsi.o
    0x080258bc   0x000000dc   Code   RO         9989    i.USBH_MSC_ReadCapacity10  usbh_msc_scsi.o
    0x08025998   0x000000e0   Code   RO         9990    i.USBH_MSC_RequestSense  usbh_msc_scsi.o
    0x08025a78   0x000000b0   Code   RO         9991    i.USBH_MSC_TestUnitReady  usbh_msc_scsi.o
    0x08025b28   0x000000e4   Code   RO         9992    i.USBH_MSC_Write10  usbh_msc_scsi.o
    0x08025c0c   0x00000064   Code   RO         9536    i.USBH_Modify_Channel  usbh_hcs.o
    0x08025c70   0x000000a8   Code   RO         9347    i.USBH_OTG_ISR_Handler  usb_hcd_int.o
    0x08025d18   0x0000009a   Code   RO         9537    i.USBH_Open_Channel  usbh_hcs.o
    0x08025db2   0x00000002   PAD
    0x08025db4   0x00000134   Code   RO        10051    i.USBH_ParseCfgDesc  usbh_stdreq.o
    0x08025ee8   0x00000058   Code   RO        10052    i.USBH_ParseDevDesc  usbh_stdreq.o
    0x08025f40   0x00000020   Code   RO        10053    i.USBH_ParseEPDesc  usbh_stdreq.o
    0x08025f60   0x0000002a   Code   RO         9604    i.USBH_ParseHIDDesc  usbh_hid_core.o
    0x08025f8a   0x00000026   Code   RO        10054    i.USBH_ParseInterfaceDesc  usbh_stdreq.o
    0x08025fb0   0x00000036   Code   RO        10055    i.USBH_ParseStringDesc  usbh_stdreq.o
    0x08025fe6   0x0000000c   Code   RO         9428    i.USBH_PortDisabled  usbh_core.o
    0x08025ff2   0x0000000c   Code   RO         9429    i.USBH_PortEnabled  usbh_core.o
    0x08025ffe   0x000001dc   Code   RO         9430    i.USBH_Process      usbh_core.o
    0x080261da   0x00000006   Code   RO         9431    i.USBH_SOF          usbh_core.o
    0x080261e0   0x00000026   Code   RO        10056    i.USBH_SetAddress   usbh_stdreq.o
    0x08026206   0x00000026   Code   RO        10057    i.USBH_SetCfg       usbh_stdreq.o
    0x0802622c   0x00000030   Code   RO         9605    i.USBH_Set_Idle     usbh_hid_core.o
    0x0802625c   0x00000030   Code   RO         9606    i.USBH_Set_Protocol  usbh_hid_core.o
    0x0802628c   0x00000018   Code   RO         9757    i.USBH_SubmitSetupRequest  usbh_ioreq.o
    0x080262a4   0x00000020   Code   RO          803    i.USBH_USR_Configuration_DescAvailable  usbh_msc_usr.o
    0x080262c4   0x0000000c   Code   RO          804    i.USBH_USR_DeInit   usbh_msc_usr.o
    0x080262d0   0x00000002   Code   RO          805    i.USBH_USR_DeviceAddressAssigned  usbh_msc_usr.o
    0x080262d2   0x00000002   PAD
    0x080262d4   0x00000010   Code   RO          806    i.USBH_USR_DeviceAttached  usbh_msc_usr.o
    0x080262e4   0x00000024   Code   RO          807    i.USBH_USR_DeviceDisconnected  usbh_msc_usr.o
    0x08026308   0x0000003c   Code   RO          808    i.USBH_USR_DeviceNotSupported  usbh_msc_usr.o
    0x08026344   0x00000040   Code   RO          809    i.USBH_USR_DeviceSpeedDetected  usbh_msc_usr.o
    0x08026384   0x00000038   Code   RO          810    i.USBH_USR_Device_DescAvailable  usbh_msc_usr.o
    0x080263bc   0x00000018   Code   RO          811    i.USBH_USR_EnumerationDone  usbh_msc_usr.o
    0x080263d4   0x0000000c   Code   RO          812    i.USBH_USR_Init     usbh_msc_usr.o
    0x080263e0   0x0000009c   Code   RO          813    i.USBH_USR_MSC_Application  usbh_msc_usr.o
    0x0802647c   0x00000030   Code   RO          814    i.USBH_USR_Manufacturer_String  usbh_msc_usr.o
    0x080264ac   0x0000002c   Code   RO          815    i.USBH_USR_OverCurrentDetected  usbh_msc_usr.o
    0x080264d8   0x00000028   Code   RO          816    i.USBH_USR_Product_String  usbh_msc_usr.o
    0x08026500   0x0000000c   Code   RO          817    i.USBH_USR_ResetDevice  usbh_msc_usr.o
    0x0802650c   0x00000030   Code   RO          818    i.USBH_USR_SerialNum_String  usbh_msc_usr.o
    0x0802653c   0x00000010   Code   RO          819    i.USBH_USR_UnrecoveredError  usbh_msc_usr.o
    0x0802654c   0x00000004   Code   RO          820    i.USBH_USR_UserInput  usbh_msc_usr.o
    0x08026550   0x00000088   Code   RO        10485    i.USB_FS_Init       usb.o
    0x080265d8   0x00000028   Code   RO        10486    i.USB_FS_Process    usb.o
    0x08026600   0x00000070   Code   RO        10487    i.USB_HS_Init       usb.o
    0x08026670   0x0000001c   Code   RO        10488    i.USB_HS_Process    usb.o
    0x0802668c   0x00000094   Code   RO         8957    i.USB_OTG_BSP_ConfigVBUS  usb_bsp.o
    0x08026720   0x00000048   Code   RO         8958    i.USB_OTG_BSP_DriveVBUS  usb_bsp.o
    0x08026768   0x00000056   Code   RO         8959    i.USB_OTG_BSP_EnableInterrupt  usb_bsp.o
    0x080267be   0x00000002   PAD
    0x080267c0   0x000000c0   Code   RO         8960    i.USB_OTG_BSP_Init  usb_bsp.o
    0x08026880   0x0000002e   Code   RO         8961    i.USB_OTG_BSP_TimeInit  usb_bsp.o
    0x080268ae   0x00000002   PAD
    0x080268b0   0x00000038   Code   RO         8962    i.USB_OTG_BSP_TimerIRQ  usb_bsp.o
    0x080268e8   0x0000000e   Code   RO         8963    i.USB_OTG_BSP_mDelay  usb_bsp.o
    0x080268f6   0x0000000e   Code   RO         8964    i.USB_OTG_BSP_uDelay  usb_bsp.o
    0x08026904   0x00000132   Code   RO         9037    i.USB_OTG_CoreInit  usb_core.o
    0x08026a36   0x0000011c   Code   RO         9038    i.USB_OTG_CoreInitHost  usb_core.o
    0x08026b52   0x00000002   PAD
    0x08026b54   0x0000006c   Code   RO         9039    i.USB_OTG_CoreReset  usb_core.o
    0x08026bc0   0x00000022   Code   RO         9040    i.USB_OTG_DisableGlobalInt  usb_core.o
    0x08026be2   0x0000005c   Code   RO         9041    i.USB_OTG_DriveVbus  usb_core.o
    0x08026c3e   0x00000034   Code   RO         9042    i.USB_OTG_EnableCommonInt  usb_core.o
    0x08026c72   0x00000022   Code   RO         9043    i.USB_OTG_EnableGlobalInt  usb_core.o
    0x08026c94   0x00000084   Code   RO         9044    i.USB_OTG_EnableHostInt  usb_core.o
    0x08026d18   0x0000004c   Code   RO         9045    i.USB_OTG_FlushRxFifo  usb_core.o
    0x08026d64   0x00000054   Code   RO         9046    i.USB_OTG_FlushTxFifo  usb_core.o
    0x08026db8   0x0000000c   Code   RO         9047    i.USB_OTG_GetMode   usb_core.o
    0x08026dc4   0x0000005a   Code   RO         9048    i.USB_OTG_HC_DoPing  usb_core.o
    0x08026e1e   0x0000009a   Code   RO         9049    i.USB_OTG_HC_Halt   usb_core.o
    0x08026eb8   0x00000238   Code   RO         9050    i.USB_OTG_HC_Init   usb_core.o
    0x080270f0   0x000001f6   Code   RO         9051    i.USB_OTG_HC_StartXfer  usb_core.o
    0x080272e6   0x00000018   Code   RO         9052    i.USB_OTG_InitFSLSPClkSel  usb_core.o
    0x080272fe   0x00000010   Code   RO         9054    i.USB_OTG_IsEvenFrame  usb_core.o
    0x0802730e   0x00000014   Code   RO         9055    i.USB_OTG_IsHostMode  usb_core.o
    0x08027322   0x00000010   Code   RO         9056    i.USB_OTG_ReadCoreItr  usb_core.o
    0x08027332   0x00000030   Code   RO         9057    i.USB_OTG_ReadHPRT0  usb_core.o
    0x08027362   0x00000008   Code   RO         9058    i.USB_OTG_ReadHostAllChannels_intr  usb_core.o
    0x0802736a   0x00000028   Code   RO         9060    i.USB_OTG_ReadPacket  usb_core.o
    0x08027392   0x00000040   Code   RO         9061    i.USB_OTG_ResetPort  usb_core.o
    0x080273d2   0x00000002   PAD
    0x080273d4   0x000000d4   Code   RO         9062    i.USB_OTG_SelectCore  usb_core.o
    0x080274a8   0x0000004e   Code   RO         9063    i.USB_OTG_SetCurrentMode  usb_core.o
    0x080274f6   0x00000002   PAD
    0x080274f8   0x0000002c   Code   RO         9348    i.USB_OTG_USBH_handle_Disconnect_ISR  usb_hcd_int.o
    0x08027524   0x00000046   Code   RO         9349    i.USB_OTG_USBH_handle_IncompletePeriodicXfer_ISR  usb_hcd_int.o
    0x0802756a   0x00000056   Code   RO         9350    i.USB_OTG_USBH_handle_hc_ISR  usb_hcd_int.o
    0x080275c0   0x0000041c   Code   RO         9351    i.USB_OTG_USBH_handle_hc_n_In_ISR  usb_hcd_int.o
    0x080279dc   0x000003b8   Code   RO         9352    i.USB_OTG_USBH_handle_hc_n_Out_ISR  usb_hcd_int.o
    0x08027d94   0x0000012e   Code   RO         9353    i.USB_OTG_USBH_handle_nptxfempty_ISR  usb_hcd_int.o
    0x08027ec2   0x00000002   PAD
    0x08027ec4   0x0000013c   Code   RO         9354    i.USB_OTG_USBH_handle_port_ISR  usb_hcd_int.o
    0x08028000   0x0000012e   Code   RO         9355    i.USB_OTG_USBH_handle_ptxfempty_ISR  usb_hcd_int.o
    0x0802812e   0x00000164   Code   RO         9356    i.USB_OTG_USBH_handle_rx_qlvl_ISR  usb_hcd_int.o
    0x08028292   0x00000002   PAD
    0x08028294   0x0000002c   Code   RO         9357    i.USB_OTG_USBH_handle_sof_ISR  usb_hcd_int.o
    0x080282c0   0x00000040   Code   RO         9065    i.USB_OTG_WritePacket  usb_core.o
    0x08028300   0x00000010   Code   RO          579    i.USR_KEYBRD_Init   usbh_hid_usr.o
    0x08028310   0x000000b4   Code   RO          580    i.USR_KEYBRD_ProcessData  usbh_hid_usr.o
    0x080283c4   0x00000002   Code   RO          581    i.USR_MOUSE_Init    usbh_hid_usr.o
    0x080283c6   0x00000002   Code   RO          582    i.USR_MOUSE_ProcessData  usbh_hid_usr.o
    0x080283c8   0x00000028   Code   RO         2477    i.Uart_Send2        usart.o
    0x080283f0   0x00000028   Code   RO         2478    i.Uart_Send3        usart.o
    0x08028418   0x00000004   Code   RO         3750    i.UsageFault_Handler  stm32f4xx_it.o
    0x0802841c   0x00000028   Code   RO        10793    i.__0sprintf        mc_w.l(printfa.o)
    0x08028444   0x00000024   Code   RO        10797    i.__0vsprintf       mc_w.l(printfa.o)
    0x08028468   0x0000000e   Code   RO        10863    i.__scatterload_copy  mc_w.l(handlers.o)
    0x08028476   0x00000002   Code   RO        10864    i.__scatterload_null  mc_w.l(handlers.o)
    0x08028478   0x0000000e   Code   RO        10865    i.__scatterload_zeroinit  mc_w.l(handlers.o)
    0x08028486   0x00000002   PAD
    0x08028488   0x0000015c   Code   RO        10798    i._fp_digits        mc_w.l(printfa.o)
    0x080285e4   0x000006f0   Code   RO        10799    i._printf_core      mc_w.l(printfa.o)
    0x08028cd4   0x00000026   Code   RO        10800    i._printf_post_padding  mc_w.l(printfa.o)
    0x08028cfa   0x00000030   Code   RO        10801    i._printf_pre_padding  mc_w.l(printfa.o)
    0x08028d2a   0x0000000a   Code   RO        10803    i._sputc            mc_w.l(printfa.o)
    0x08028d34   0x000001bc   Code   RO         2354    i.adc_loop          tm_adc.o
    0x08028ef0   0x0000008c   Code   RO         2881    i.add_index         eep.o
    0x08028f7c   0x00000058   Code   RO         1310    i.add_los_memory    dsp.o
    0x08028fd4   0x00000058   Code   RO         1312    i.add_los_test      dsp.o
    0x0802902c   0x000000f0   Code   RO          937    i.alpa_mem_oid      touch.o
    0x0802911c   0x000000c0   Code   RO          938    i.alpa_mem_seq      touch.o
    0x080291dc   0x000000f0   Code   RO          939    i.alpa_mem_sid      touch.o
    0x080292cc   0x00000144   Code   RO          940    i.alpa_qc_lot       touch.o
    0x08029410   0x00000184   Code   RO          941    i.alpa_test_sid     touch.o
    0x08029594   0x00000042   Code   RO         3243    i.asc2bin4          lcd.o
    0x080295d6   0x00000014   Code   RO         3244    i.asc2bin_1         lcd.o
    0x080295ea   0x00000016   Code   RO         2882    i.asc2dec           eep.o
    0x08029600   0x00000016   Code   RO         2883    i.asc2hex           eep.o
    0x08029616   0x00000002   PAD
    0x08029618   0x00000038   Code   RO         2885    i.backup_intflash   eep.o
    0x08029650   0x0000004c   Code   RO         1313    i.backup_mem_set    dsp.o
    0x0802969c   0x00000014   Code   RO          312    i.bcd2bin2          resm.o
    0x080296b0   0x00000024   Code   RO          313    i.bin2bcd2          resm.o
    0x080296d4   0x00000080   Code   RO         3247    i.bin2bcd6          lcd.o
    0x08029754   0x0000003a   Code   RO         3249    i.bin2bcdasc4       lcd.o
    0x0802978e   0x00000016   Code   RO         3250    i.bin2hexasc        lcd.o
    0x080297a4   0x00000036   Code   RO         3251    i.bin2hexasc4       lcd.o
    0x080297da   0x00000002   PAD
    0x080297dc   0x00000030   Code   RO          314    i.blankFR4K         resm.o
    0x0802980c   0x00000148   Code   RO         1797    i.calc_ratio2       meas.o
    0x08029954   0x0000004c   Code   RO         1314    i.cancel_mem_set    dsp.o
    0x080299a0   0x00000090   Code   RO         1315    i.cancel_qc_set     dsp.o
    0x08029a30   0x00000090   Code   RO         1316    i.cancel_test_set   dsp.o
    0x08029ac0   0x00000098   Code   RO        10159    i.check_fs          ff.o
    0x08029b58   0x000000a0   Code   RO         2886    i.check_result      eep.o
    0x08029bf8   0x00000140   Code   RO            3    i.chk_barcoard      main.o
    0x08029d38   0x00000014   Code   RO        10160    i.chk_chr           ff.o
    0x08029d4c   0x000002d0   Code   RO         2091    i.chk_com_dly       com.o
    0x0802a01c   0x0000019c   Code   RO         2887    i.chk_index         eep.o
    0x0802a1b8   0x000001f4   Code   RO         2888    i.chk_ini_para      eep.o
    0x0802a3ac   0x000001c4   Code   RO         2889    i.chk_ini_position  eep.o
    0x0802a570   0x00000308   Code   RO         2890    i.chk_ini_printform  eep.o
    0x0802a878   0x000001cc   Code   RO         2891    i.chk_ini_strip     eep.o
    0x0802aa44   0x0000008c   Code   RO         2893    i.chk_sum_ext_buff  eep.o
    0x0802aad0   0x00000094   Code   RO         2894    i.chk_sum_int_buff  eep.o
    0x0802ab64   0x000000f4   Code   RO          315    i.chk_table         resm.o
    0x0802ac58   0x000000c0   Code   RO         3252    i.clr_cursor_mem_set  lcd.o
    0x0802ad18   0x00000080   Code   RO         3253    i.clr_cursor_qc_set  lcd.o
    0x0802ad98   0x00000080   Code   RO         3254    i.clr_cursor_test_set  lcd.o
    0x0802ae18   0x00000058   Code   RO         1317    i.clr_screen        dsp.o
    0x0802ae70   0x00000070   Code   RO         3255    i.clr_screen_box    lcd.o
    0x0802aee0   0x00000048   Code   RO         2895    i.clr_sys_id        eep.o
    0x0802af28   0x00000024   Code   RO         2896    i.clr_user_id       eep.o
    0x0802af4c   0x00000020   Code   RO        10161    i.clust2sect        ff.o
    0x0802af6c   0x00000038   Code   RO          316    i.cmpFR4k           resm.o
    0x0802afa4   0x00000044   Code   RO         1318    i.cmp_operid        dsp.o
    0x0802afe8   0x00000044   Code   RO         1319    i.cmp_userid        dsp.o
    0x0802b02c   0x00000078   Code   RO         2481    i.com_clear         usart.o
    0x0802b0a4   0x000000d8   Code   RO         2092    i.com_full_raw_data  com.o
    0x0802b17c   0x00000094   Code   RO         2093    i.com_meas_result   com.o
    0x0802b210   0x0000001c   Code   RO         2094    i.com_msg           com.o
    0x0802b22c   0x000000b8   Code   RO         2095    i.com_operid_set    com.o
    0x0802b2e4   0x00000034   Code   RO         2096    i.com_para_read     com.o
    0x0802b318   0x0000009c   Code   RO         2097    i.com_para_write    com.o
    0x0802b3b4   0x00000090   Code   RO         2098    i.com_pform_read    com.o
    0x0802b444   0x0000013c   Code   RO         2099    i.com_pform_write   com.o
    0x0802b580   0x00000054   Code   RO         2100    i.com_position_read  com.o
    0x0802b5d4   0x00000074   Code   RO         2101    i.com_position_write  com.o
    0x0802b648   0x00000034   Code   RO         2102    i.com_strip_info_read  com.o
    0x0802b67c   0x0000009c   Code   RO         2103    i.com_strip_info_write  com.o
    0x0802b718   0x0000005c   Code   RO         2104    i.com_strip_no_read  com.o
    0x0802b774   0x0000008c   Code   RO         2105    i.com_strip_no_write  com.o
    0x0802b800   0x00000002   Code   RO         2106    i.com_sys_check     com.o
    0x0802b802   0x00000002   PAD
    0x0802b804   0x00000094   Code   RO         2107    i.com_sys_id_set    com.o
    0x0802b898   0x0000008c   Code   RO         2108    i.com_sys_info      com.o
    0x0802b924   0x00000140   Code   RO         2109    i.com_time_read     com.o
    0x0802ba64   0x00000190   Code   RO         2110    i.com_time_write    com.o
    0x0802bbf4   0x00000078   Code   RO         2111    i.com_userid_set    com.o
    0x0802bc6c   0x000000a4   Code   RO         2112    i.com_version_read  com.o
    0x0802bd10   0x000006f8   Code   RO         1798    i.conv_result       meas.o
    0x0802c408   0x000006dc   Code   RO         1799    i.conv_result_store  meas.o
    0x0802cae4   0x000001cc   Code   RO         1800    i.correction_curve  meas.o
    0x0802ccb0   0x000000ea   Code   RO        10162    i.create_chain      ff.o
    0x0802cd9a   0x00000002   PAD
    0x0802cd9c   0x00000164   Code   RO        10163    i.create_name       ff.o
    0x0802cf00   0x0000003c   Code   RO          317    i.dataRTC           resm.o
    0x0802cf3c   0x00000090   Code   RO          942    i.dayInMonth        touch.o
    0x0802cfcc   0x000001c0   Code   RO         2897    i.default_id        eep.o
    0x0802d18c   0x00000034   Code   RO         2898    i.del_index         eep.o
    0x0802d1c0   0x00000012   Code   RO          318    i.delay_FR          resm.o
    0x0802d1d2   0x00000002   PAD
    0x0802d1d4   0x00000020   Code   RO          319    i.delay_ms          resm.o
    0x0802d1f4   0x00000010   Code   RO          320    i.delay_us          resm.o
    0x0802d204   0x00000034   Code   RO          944    i.delete_memory_all  touch.o
    0x0802d238   0x00000084   Code   RO         2899    i.delete_record     eep.o
    0x0802d2bc   0x00000064   Code   RO        10164    i.dir_alloc         ff.o
    0x0802d320   0x00000064   Code   RO        10165    i.dir_find          ff.o
    0x0802d384   0x00000158   Code   RO        10166    i.dir_next          ff.o
    0x0802d4dc   0x0000007a   Code   RO        10167    i.dir_read          ff.o
    0x0802d556   0x00000046   Code   RO        10168    i.dir_register      ff.o
    0x0802d59c   0x000000c8   Code   RO        10170    i.dir_sdi           ff.o
    0x0802d664   0x00000028   Code   RO         9931    i.disk_initialize   usbh_msc_fatfs.o
    0x0802d68c   0x00000060   Code   RO         9932    i.disk_ioctl        usbh_msc_fatfs.o
    0x0802d6ec   0x0000006c   Code   RO         9933    i.disk_read         usbh_msc_fatfs.o
    0x0802d758   0x00000014   Code   RO         9934    i.disk_status       usbh_msc_fatfs.o
    0x0802d76c   0x0000007c   Code   RO         9935    i.disk_write        usbh_msc_fatfs.o
    0x0802d7e8   0x0000006c   Code   RO         3260    i.draw_box          lcd.o
    0x0802d854   0x0000003c   Code   RO         1320    i.dsp_base_bar      dsp.o
    0x0802d890   0x00000170   Code   RO         1321    i.dsp_change_PR     dsp.o
    0x0802da00   0x00000164   Code   RO         1322    i.dsp_color_no      dsp.o
    0x0802db64   0x00000068   Code   RO         3261    i.dsp_cursor_mem_date  lcd.o
    0x0802dbcc   0x0000006c   Code   RO         3262    i.dsp_cursor_mem_oid  lcd.o
    0x0802dc38   0x0000006c   Code   RO         3263    i.dsp_cursor_mem_seq  lcd.o
    0x0802dca4   0x00000068   Code   RO         3264    i.dsp_cursor_mem_sid  lcd.o
    0x0802dd0c   0x00000068   Code   RO         3265    i.dsp_cursor_mem_time  lcd.o
    0x0802dd74   0x00000078   Code   RO         3267    i.dsp_cursor_qc_lot  lcd.o
    0x0802ddec   0x0000007c   Code   RO         3270    i.dsp_cursor_test_sid  lcd.o
    0x0802de68   0x000000a8   Code   RO         1323    i.dsp_date          dsp.o
    0x0802df10   0x000000d4   Code   RO         1324    i.dsp_date_set      dsp.o
    0x0802dfe4   0x00000388   Code   RO         1325    i.dsp_datetime      dsp.o
    0x0802e36c   0x0000003e   Code   RO            4    i.dsp_first         main.o
    0x0802e3aa   0x00000008   Code   RO         1326    i.dsp_font_update   dsp.o
    0x0802e3b2   0x00000002   PAD
    0x0802e3b4   0x000000a8   Code   RO         1327    i.dsp_fw_update     dsp.o
    0x0802e45c   0x00000048   Code   RO         1328    i.dsp_home          dsp.o
    0x0802e4a4   0x00000008   Code   RO         1329    i.dsp_image_update  dsp.o
    0x0802e4ac   0x0000023c   Code   RO         1330    i.dsp_item_tb       dsp.o
    0x0802e6e8   0x0000029c   Code   RO         1331    i.dsp_item_title    dsp.o
    0x0802e984   0x000000b0   Code   RO         1332    i.dsp_los_table     dsp.o
    0x0802ea34   0x000000f4   Code   RO         1333    i.dsp_los_table_store  dsp.o
    0x0802eb28   0x00000118   Code   RO         1334    i.dsp_maintanence   dsp.o
    0x0802ec40   0x00000108   Code   RO         1335    i.dsp_measure       dsp.o
    0x0802ed48   0x0000015c   Code   RO         1336    i.dsp_mem_line8     dsp.o
    0x0802eea4   0x0000016c   Code   RO         1337    i.dsp_mem_number8   dsp.o
    0x0802f010   0x00000174   Code   RO         1338    i.dsp_mem_oper8     dsp.o
    0x0802f184   0x00000174   Code   RO         1339    i.dsp_mem_sample8   dsp.o
    0x0802f2f8   0x000000a0   Code   RO         1340    i.dsp_mem_set       dsp.o
    0x0802f398   0x00000178   Code   RO         1341    i.dsp_mem_set_oid   dsp.o
    0x0802f510   0x00000100   Code   RO         1342    i.dsp_mem_set_seqno  dsp.o
    0x0802f610   0x0000021c   Code   RO         1343    i.dsp_mem_set_sid   dsp.o
    0x0802f82c   0x000001c8   Code   RO         1344    i.dsp_memory        dsp.o
    0x0802f9f4   0x000001fc   Code   RO         1346    i.dsp_oper_info     dsp.o
    0x0802fbf0   0x00000024   Code   RO         1347    i.dsp_oper_name     dsp.o
    0x0802fc14   0x00000050   Code   RO         1348    i.dsp_oper_new      dsp.o
    0x0802fc64   0x0000005c   Code   RO         1349    i.dsp_oper_set      dsp.o
    0x0802fcc0   0x00000104   Code   RO         1350    i.dsp_qc            dsp.o
    0x0802fdc4   0x00000084   Code   RO         1351    i.dsp_qc_set        dsp.o
    0x0802fe48   0x0000004c   Code   RO         1352    i.dsp_qc_set_lot    dsp.o
    0x0802fe94   0x0000005c   Code   RO         1353    i.dsp_qc_set_negpos  dsp.o
    0x0802fef0   0x0000005c   Code   RO         1354    i.dsp_qc_set_seqno  dsp.o
    0x0802ff4c   0x00000128   Code   RO         1355    i.dsp_result        dsp.o
    0x08030074   0x000000c4   Code   RO         1356    i.dsp_result_qc     dsp.o
    0x08030138   0x000001a0   Code   RO         1357    i.dsp_result_store  dsp.o
    0x080302d8   0x000000c8   Code   RO         1358    i.dsp_serial_data   dsp.o
    0x080303a0   0x00000062   Code   RO         1359    i.dsp_setting       dsp.o
    0x08030402   0x00000002   PAD
    0x08030404   0x00000050   Code   RO         1360    i.dsp_strip         dsp.o
    0x08030454   0x000000b4   Code   RO         1361    i.dsp_strip_set     dsp.o
    0x08030508   0x000002dc   Code   RO         1362    i.dsp_sysset        dsp.o
    0x080307e4   0x00000150   Code   RO         1363    i.dsp_system_check  dsp.o
    0x08030934   0x000000e0   Code   RO         1364    i.dsp_test          dsp.o
    0x08030a14   0x000000a8   Code   RO         1365    i.dsp_test_set      dsp.o
    0x08030abc   0x0000015c   Code   RO         1366    i.dsp_test_set_color  dsp.o
    0x08030c18   0x0000005c   Code   RO         1367    i.dsp_test_set_seqno  dsp.o
    0x08030c74   0x0000004c   Code   RO         1368    i.dsp_test_set_sid  dsp.o
    0x08030cc0   0x000000d0   Code   RO         1369    i.dsp_test_set_strip  dsp.o
    0x08030d90   0x00000110   Code   RO         1370    i.dsp_test_set_turbi  dsp.o
    0x08030ea0   0x00000050   Code   RO         1371    i.dsp_test_type     dsp.o
    0x08030ef0   0x00000050   Code   RO         1372    i.dsp_test_type_set  dsp.o
    0x08030f40   0x00000144   Code   RO         1373    i.dsp_time          dsp.o
    0x08031084   0x00000170   Code   RO         1374    i.dsp_time_set      dsp.o
    0x080311f4   0x00000104   Code   RO         1375    i.dsp_trubi_no      dsp.o
    0x080312f8   0x000000f4   Code   RO         1376    i.dsp_unit          dsp.o
    0x080313ec   0x00000034   Code   RO         1377    i.enter_mem_set     dsp.o
    0x08031420   0x0000010c   Code   RO         1378    i.enter_qc_set      dsp.o
    0x0803152c   0x00000108   Code   RO         1379    i.enter_test_set    dsp.o
    0x08031634   0x0000006c   Code   RO          321    i.eraseFR           resm.o
    0x080316a0   0x0000007a   Code   RO          322    i.eraseFR4K         resm.o
    0x0803171a   0x00000002   PAD
    0x0803171c   0x00000084   Code   RO         3272    i.erase_box0        lcd.o
    0x080317a0   0x00000022   Code   RO        10172    i.f_close           ff.o
    0x080317c2   0x00000002   PAD
    0x080317c4   0x00000060   Code   RO        10177    i.f_mount           ff.o
    0x08031824   0x0000017a   Code   RO        10178    i.f_open            ff.o
    0x0803199e   0x00000080   Code   RO        10179    i.f_opendir         ff.o
    0x08031a1e   0x000001ee   Code   RO        10180    i.f_read            ff.o
    0x08031c0c   0x0000005c   Code   RO        10181    i.f_readdir         ff.o
    0x08031c68   0x000000ce   Code   RO        10184    i.f_sync            ff.o
    0x08031d36   0x0000002c   Code   RO         2113    i.fill_space        com.o
    0x08031d62   0x00000020   Code   RO         2114    i.fill_space2       com.o
    0x08031d82   0x00000028   Code   RO         1380    i.fill_zero         dsp.o
    0x08031daa   0x00000002   PAD
    0x08031dac   0x000003d4   Code   RO        10189    i.find_volume       ff.o
    0x08032180   0x000002f8   Code   RO         2729    i.flash_decode      flash.o
    0x08032478   0x000001c8   Code   RO         1980    i.fnb_update        sysadj.o
    0x08032640   0x0000009c   Code   RO        10190    i.follow_path       ff.o
    0x080326dc   0x000000ee   Code   RO        10191    i.get_fat           ff.o
    0x080327ca   0x00000004   Code   RO         9936    i.get_fattime       usbh_msc_fatfs.o
    0x080327ce   0x00000072   Code   RO        10192    i.get_fileinfo      ff.o
    0x08032840   0x00000048   Code   RO        10193    i.get_ldnumber      ff.o
    0x08032888   0x00000090   Code   RO         2900    i.get_max_stripno   eep.o
    0x08032918   0x0000001a   Code   RO         2730    i.get_max_wide      flash.o
    0x08032932   0x00000002   PAD
    0x08032934   0x00000078   Code   RO         1803    i.get_pad_data      meas.o
    0x080329ac   0x00000034   Code   RO         2901    i.get_strip_name    eep.o
    0x080329e0   0x00000040   Code   RO         2902    i.get_white_high    eep.o
    0x08032a20   0x0000001c   Code   RO         2482    i.getcmd1           usart.o
    0x08032a3c   0x0000001c   Code   RO         2483    i.getcmd2           usart.o
    0x08032a58   0x0000001c   Code   RO         2484    i.getcmd3           usart.o
    0x08032a74   0x0000001c   Code   RO         2486    i.getcmd5           usart.o
    0x08032a90   0x00000016   Code   RO         3276    i.hexasc2bin_1      lcd.o
    0x08032aa6   0x00000002   PAD
    0x08032aa8   0x00000390   Code   RO         2903    i.initEEP           eep.o
    0x08032e38   0x0000013c   Code   RO          323    i.initRTC           resm.o
    0x08032f74   0x0000002c   Code   RO         2355    i.init_ADC          tm_adc.o
    0x08032fa0   0x00000020   Code   RO         2356    i.init_BUZZ         tm_adc.o
    0x08032fc0   0x000000ac   Code   RO         3655    i.init_RAM          para.o
    0x0803306c   0x000001e4   Code   RO         1381    i.init_qc_set       dsp.o
    0x08033250   0x000000a8   Code   RO            5    i.init_ststem       main.o
    0x080332f8   0x0000012c   Code   RO         1382    i.init_test_set     dsp.o
    0x08033424   0x00000022   Code   RO         2489    i.kdelay            usart.o
    0x08033446   0x00000002   PAD
    0x08033448   0x00000020   Code   RO         2490    i.key_buzzer        usart.o
    0x08033468   0x00000018   Code   RO         2904    i.key_buzzer2       eep.o
    0x08033480   0x00000022   Code   RO         2905    i.key_buzzer3       eep.o
    0x080334a2   0x00000002   PAD
    0x080334a4   0x00000014   Code   RO          947    i.key_clear         touch.o
    0x080334b8   0x0000022c   Code   RO          948    i.key_decode        touch.o
    0x080336e4   0x00000022   Code   RO        10194    i.ld_clust          ff.o
    0x08033706   0x00000002   PAD
    0x08033708   0x000000bc   Code   RO            6    i.main              main.o
    0x080337c4   0x0000011c   Code   RO         2906    i.make_index        eep.o
    0x080338e0   0x000001b0   Code   RO         1804    i.make_result       meas.o
    0x08033a90   0x00000020   Code   RO         1383    i.make_seqno2dgtstr  dsp.o
    0x08033ab0   0x00000200   Code   RO         1384    i.make_seqno_dgt    dsp.o
    0x08033cb0   0x00000026   Code   RO        10195    i.mem_cmp           ff.o
    0x08033cd6   0x0000001a   Code   RO        10196    i.mem_cpy           ff.o
    0x08033cf0   0x00000014   Code   RO        10197    i.mem_set           ff.o
    0x08033d04   0x00000238   Code   RO            7    i.motor_loop        main.o
    0x08033f3c   0x00000208   Code   RO         2731    i.move_BMP          flash.o
    0x08034144   0x00000210   Code   RO         2732    i.move_BMP_second   flash.o
    0x08034354   0x00000300   Code   RO         2733    i.move_FONT         flash.o
    0x08034654   0x0000005c   Code   RO         2734    i.move_font16       flash.o
    0x080346b0   0x0000004c   Code   RO         2735    i.move_font24       flash.o
    0x080346fc   0x0000004c   Code   RO         2736    i.move_font32       flash.o
    0x08034748   0x0000004c   Code   RO         2737    i.move_font40       flash.o
    0x08034794   0x0000004c   Code   RO         2738    i.move_font48       flash.o
    0x080347e0   0x0000004c   Code   RO         2739    i.move_font56       flash.o
    0x0803482c   0x0000004c   Code   RO         2740    i.move_font64       flash.o
    0x08034878   0x00000028   Code   RO         2907    i.move_int2ext      eep.o
    0x080348a0   0x000000ec   Code   RO         2908    i.move_parameter    eep.o
    0x0803498c   0x0000008c   Code   RO         2909    i.move_position     eep.o
    0x08034a18   0x00000174   Code   RO         2910    i.move_printform    eep.o
    0x08034b8c   0x00000034   Code   RO          324    i.move_strip        resm.o
    0x08034bc0   0x00000124   Code   RO         2911    i.move_strip_info   eep.o
    0x08034ce4   0x00000038   Code   RO        10198    i.move_window       ff.o
    0x08034d1c   0x00000032   Code   RO         3283    i.msg16             lcd.o
    0x08034d4e   0x00000032   Code   RO         3284    i.msg24             lcd.o
    0x08034d80   0x00000344   Code   RO         1981    i.out_check         sysadj.o
    0x080350c4   0x0000003a   Code   RO         3286    i.out_line_16       lcd.o
    0x080350fe   0x0000003a   Code   RO         3287    i.out_line_24       lcd.o
    0x08035138   0x0000003a   Code   RO         3288    i.out_line_32       lcd.o
    0x08035172   0x0000003a   Code   RO         3290    i.out_line_48       lcd.o
    0x080351ac   0x000000c8   Code   RO         3293    i.out_text_16e      lcd.o
    0x08035274   0x000000dc   Code   RO         3294    i.out_text_24e      lcd.o
    0x08035350   0x000000dc   Code   RO         3295    i.out_text_32e      lcd.o
    0x0803542c   0x00000180   Code   RO         3297    i.out_text_48e      lcd.o
    0x080355ac   0x00000040   Code   RO          325    i.out_time          resm.o
    0x080355ec   0x00000780   Code   RO         1805    i.print_result      meas.o
    0x08035d6c   0x0000005c   Code   RO         1806    i.print_save        meas.o
    0x08035dc8   0x00000028   Code   RO         2491    i.printf2           usart.o
    0x08035df0   0x00000028   Code   RO         2492    i.printf3           usart.o
    0x08035e18   0x00000034   Code   RO         2494    i.printf5           usart.o
    0x08035e4c   0x00000068   Code   RO         2741    i.prog_decode       flash.o
    0x08035eb4   0x0000004c   Code   RO         1983    i.prog_update       sysadj.o
    0x08035f00   0x00000020   Code   RO         2495    i.prt_msg           usart.o
    0x08035f20   0x00000034   Code   RO          326    i.push_strip        resm.o
    0x08035f54   0x00000064   Code   RO         1808    i.put_albumin       meas.o
    0x08035fb8   0x00000040   Code   RO         1809    i.put_arb           meas.o
    0x08035ff8   0x0000014a   Code   RO        10199    i.put_fat           ff.o
    0x08036142   0x00000002   PAD
    0x08036144   0x000000c0   Code   RO         1810    i.put_result1       meas.o
    0x08036204   0x000000c4   Code   RO         1811    i.put_result2       meas.o
    0x080362c8   0x0000000c   Code   RO         2912    i.read24            eep.o
    0x080362d4   0x00000018   Code   RO         2913    i.read24w           eep.o
    0x080362ec   0x0000007c   Code   RO          327    i.readAllRTC        resm.o
    0x08036368   0x000001ac   Code   RO          329    i.readFR4k          resm.o
    0x08036514   0x00000040   Code   RO          330    i.readRTC           resm.o
    0x08036554   0x00000148   Code   RO          331    i.readTime          resm.o
    0x0803669c   0x000005ac   Code   RO         2914    i.read_eep_all      eep.o
    0x08036c48   0x000000d4   Code   RO          332    i.read_jedec        resm.o
    0x08036d1c   0x00000218   Code   RO         2917    i.read_ref_data     eep.o
    0x08036f34   0x000000ac   Code   RO         2918    i.read_result       eep.o
    0x08036fe0   0x00000074   Code   RO         2919    i.read_seqno        eep.o
    0x08037054   0x00000070   Code   RO          333    i.read_stat         resm.o
    0x080370c4   0x0000016c   Code   RO            8    i.read_strip        main.o
    0x08037230   0x0000007a   Code   RO        10200    i.remove_chain      ff.o
    0x080372aa   0x00000002   PAD
    0x080372ac   0x00000078   Code   RO         2920    i.restore_result    eep.o
    0x08037324   0x00000030   Code   RO         2921    i.restore_sflash    eep.o
    0x08037354   0x0000041c   Code   RO         1985    i.run_calibration   sysadj.o
    0x08037770   0x0000030c   Code   RO         2742    i.run_format        flash.o
    0x08037a7c   0x00000254   Code   RO         1988    i.run_meas_adj      sysadj.o
    0x08037cd0   0x000005c4   Code   RO         1812    i.run_measure       meas.o
    0x08038294   0x00000320   Code   RO         1989    i.run_system_check  sysadj.o
    0x080385b4   0x0000001c   Code   RO         2496    i.savcmd1           usart.o
    0x080385d0   0x0000001c   Code   RO         2497    i.savcmd2           usart.o
    0x080385ec   0x00000038   Code   RO         2498    i.savcmd3           usart.o
    0x08038624   0x0000001c   Code   RO         2500    i.savcmd5           usart.o
    0x08038640   0x000000d0   Code   RO          334    i.sendAll_RTC       resm.o
    0x08038710   0x000000c6   Code   RO          335    i.sendFR            resm.o
    0x080387d6   0x00000040   Code   RO          336    i.sendRTC           resm.o
    0x08038816   0x00000064   Code   RO          337    i.sendWRSR          resm.o
    0x0803887a   0x0000001c   Code   RO          338    i.send_ck           resm.o
    0x08038896   0x0000001c   Code   RO          339    i.send_clk02        resm.o
    0x080388b2   0x0000001e   Code   RO         2115    i.send_meas_step    com.o
    0x080388d0   0x00000058   Code   RO         2116    i.send_para         com.o
    0x08038928   0x00000068   Code   RO         2117    i.send_position     com.o
    0x08038990   0x00000098   Code   RO         1814    i.send_rawdata      meas.o
    0x08038a28   0x0000005c   Code   RO         1815    i.send_result       meas.o
    0x08038a84   0x0000005c   Code   RO         2118    i.send_strip        com.o
    0x08038ae0   0x0000006c   Code   RO         2503    i.set_baud_rs232    usart.o
    0x08038b4c   0x0000006c   Code   RO         2504    i.set_baud_usb      usart.o
    0x08038bb8   0x0000001c   Code   RO         1991    i.set_default_RGB   sysadj.o
    0x08038bd4   0x000000e8   Code   RO         1992    i.set_print_time    sysadj.o
    0x08038cbc   0x000000d4   Code   RO         1817    i.span_curve        meas.o
    0x08038d90   0x00000010   Code   RO        10201    i.st_clust          ff.o
    0x08038da0   0x00000188   Code   RO         2505    i.stepa_loop        usart.o
    0x08038f28   0x00000184   Code   RO         2506    i.stepb_loop        usart.o
    0x080390ac   0x000000c0   Code   RO         2743    i.store_bmp         flash.o
    0x0803916c   0x00000218   Code   RO         2744    i.store_bmp_usb     flash.o
    0x08039384   0x000000c4   Code   RO         2745    i.store_font        flash.o
    0x08039448   0x0000005c   Code   RO         2922    i.store_oper_buff   eep.o
    0x080394a4   0x00000088   Code   RO         2119    i.store_para        com.o
    0x0803952c   0x00000094   Code   RO         2120    i.store_position    com.o
    0x080395c0   0x00000180   Code   RO         2923    i.store_pr_buff     eep.o
    0x08039740   0x00000168   Code   RO         2924    i.store_reference_rgb  eep.o
    0x080398a8   0x0000040c   Code   RO         2925    i.store_result      eep.o
    0x08039cb4   0x00000068   Code   RO         2926    i.store_seqno       eep.o
    0x08039d1c   0x00000064   Code   RO         2927    i.store_sflash      eep.o
    0x08039d80   0x0000008c   Code   RO         2121    i.store_strip_info  com.o
    0x08039e0c   0x00000078   Code   RO         2928    i.store_strip_no    eep.o
    0x08039e84   0x00000098   Code   RO         2122    i.store_sysid       com.o
    0x08039f1c   0x00000148   Code   RO         2123    i.store_userid      com.o
    0x0803a064   0x00000044   Code   RO         2929    i.store_vars        eep.o
    0x0803a0a8   0x000000f4   Code   RO        10202    i.sync_fs           ff.o
    0x0803a19c   0x00000060   Code   RO        10203    i.sync_window       ff.o
    0x0803a1fc   0x000001b4   Code   RO         2124    i.system_decode     com.o
    0x0803a3b0   0x000006b0   Code   RO          949    i.tch_QC            touch.o
    0x0803aa60   0x000000ec   Code   RO          950    i.tch_change_pr_set  touch.o
    0x0803ab4c   0x00000064   Code   RO          951    i.tch_check         touch.o
    0x0803abb0   0x000005a8   Code   RO          952    i.tch_date_set      touch.o
    0x0803b158   0x00000a0c   Code   RO          953    i.tch_datetime      touch.o
    0x0803bb64   0x00000220   Code   RO          954    i.tch_digit_pr      touch.o
    0x0803bd84   0x0000000e   Code   RO          955    i.tch_error         touch.o
    0x0803bd92   0x00000002   PAD
    0x0803bd94   0x00000118   Code   RO          956    i.tch_home          touch.o
    0x0803beac   0x0000032c   Code   RO          957    i.tch_maintanence   touch.o
    0x0803c1d8   0x00000060   Code   RO          958    i.tch_maintanence_cali  touch.o
    0x0803c238   0x00000060   Code   RO          959    i.tch_maintanence_font  touch.o
    0x0803c298   0x0000026c   Code   RO          960    i.tch_maintanence_fw  touch.o
    0x0803c504   0x00000060   Code   RO          961    i.tch_maintanence_image  touch.o
    0x0803c564   0x000000d8   Code   RO          962    i.tch_maintanence_serial  touch.o
    0x0803c63c   0x00000274   Code   RO          963    i.tch_measure       touch.o
    0x0803c8b0   0x00000258   Code   RO          964    i.tch_mem_delete    touch.o
    0x0803cb08   0x000003b4   Code   RO          965    i.tch_mem_set       touch.o
    0x0803cebc   0x000001e0   Code   RO          966    i.tch_mem_view      touch.o
    0x0803d09c   0x000004e4   Code   RO          967    i.tch_memory        touch.o
    0x0803d580   0x0000049a   Code   RO          968    i.tch_oper_new      touch.o
    0x0803da1a   0x00000002   PAD
    0x0803da1c   0x000001cc   Code   RO          969    i.tch_oper_set      touch.o
    0x0803dbe8   0x000003bc   Code   RO          970    i.tch_qc_set        touch.o
    0x0803dfa4   0x000003f4   Code   RO          971    i.tch_qc_set_strip  touch.o
    0x0803e398   0x00000378   Code   RO          972    i.tch_qc_wait       touch.o
    0x0803e710   0x000000d4   Code   RO          973    i.tch_read          touch.o
    0x0803e7e4   0x0000021c   Code   RO          974    i.tch_setting       touch.o
    0x0803ea00   0x000000d8   Code   RO          975    i.tch_strip_set     touch.o
    0x0803ead8   0x000004d4   Code   RO          976    i.tch_sysset        touch.o
    0x0803efac   0x0000009c   Code   RO          977    i.tch_system_chk    touch.o
    0x0803f048   0x00000280   Code   RO          978    i.tch_test          touch.o
    0x0803f2c8   0x00000250   Code   RO          979    i.tch_test_set      touch.o
    0x0803f518   0x000001e0   Code   RO          980    i.tch_test_set_color  touch.o
    0x0803f6f8   0x00000270   Code   RO          981    i.tch_test_set_strip  touch.o
    0x0803f968   0x00000218   Code   RO          982    i.tch_test_set_turbi  touch.o
    0x0803fb80   0x000001dc   Code   RO          983    i.tch_test_wait     touch.o
    0x0803fd5c   0x000006dc   Code   RO          984    i.tch_time_set      touch.o
    0x08040438   0x000001a8   Code   RO          985    i.tch_unit          touch.o
    0x080405e0   0x000000c4   Code   RO         3304    i.time_copy         lcd.o
    0x080406a4   0x000000b0   Code   RO           10    i.time_loop         main.o
    0x08040754   0x0000026c   Code   RO         1385    i.type_pr_name      dsp.o
    0x080409c0   0x000000e4   Code   RO          986    i.update_bmp        touch.o
    0x08040aa4   0x00000042   Code   RO        10204    i.validate          ff.o
    0x08040ae6   0x00000002   PAD
    0x08040ae8   0x00000018   Code   RO         2507    i.wait_tx2          usart.o
    0x08040b00   0x00000018   Code   RO         2508    i.wait_tx3          usart.o
    0x08040b18   0x00000018   Code   RO         2509    i.wait_tx4          usart.o
    0x08040b30   0x00000018   Code   RO         2510    i.wait_tx5          usart.o
    0x08040b48   0x0000000c   Code   RO         2930    i.write24           eep.o
    0x08040b54   0x00000010   Code   RO         2931    i.write24w          eep.o
    0x08040b64   0x000000d0   Code   RO          344    i.writeFR256        resm.o
    0x08040c34   0x00000070   Code   RO          345    i.writeFR4k         resm.o
    0x08040ca4   0x00000040   Code   RO          346    i.writeRTC          resm.o
    0x08040ce4   0x00000280   Code   RO         2747    i.write_bmp         flash.o
    0x08040f64   0x00000030   Code   RO         2932    i.write_id_chksum   eep.o
    0x08040f94   0x000000fc   Code   RO         2933    i.write_intflash    eep.o
    0x08041090   0x00000070   Code   RO         2934    i.write_sflash      eep.o
    0x08041100   0x000001e4   Code   RO         2935    i.write_vars        eep.o
    0x080412e4   0x00000197   Data   RO          584    .constdata          usbh_hid_usr.o
    0x0804147b   0x000001ce   Data   RO          821    .constdata          usbh_msc_usr.o
    0x08041649   0x00000001   PAD
    0x0804164a   0x00000e36   Data   RO          988    .constdata          touch.o
    0x08042480   0x00000460   Data   RO         1821    .constdata          meas.o
    0x080428e0   0x0000000d   Data   RO         2125    .constdata          com.o
    0x080428ed   0x00000003   PAD
    0x080428f0   0x00000046   Data   RO         2749    .constdata          flash.o
    0x08042936   0x0000061e   Data   RO         3657    .constdata          para.o
    0x08042f54   0x000000a8   Data   RO         3713    .constdata          stm324x9i_eval.o
    0x08042ffc   0x000000b0   Data   RO         4347    .constdata          32f429_port.o
    0x080430ac   0x000001ec   Data   RO         9680    .constdata          usbh_hid_keybd.o
    0x08043298   0x00000011   Data   RO         3306    .conststring        lcd.o
    0x080432a9   0x0000043e   Data   RO         3658    .conststring        para.o
    0x080436e7   0x00000001   PAD
    0x080436e8   0x00000020   Data   RO        10861    Region$$Table       anon$$obj.o


    Execution Region RW_IRAM1 (Base: 0x20000000, Size: 0x00028da8, Max: 0x00030000, ABSOLUTE, COMPRESSED[0x000005d0])

    Base Addr    Size         Type   Attr      Idx    E Section Name        Object

    0x20000000   0x00000015   Data   RW           11    .data               main.o
    0x20000015   0x00000001   PAD
    0x20000016   0x0000002f   Data   RW          348    .data               resm.o
    0x20000045   0x00000003   PAD
    0x20000048   0x0000004c   Data   RW          585    .data               usbh_hid_usr.o
    0x20000094   0x00000088   Data   RW          822    .data               usbh_msc_usr.o
    0x2000011c   0x00000146   Data   RW          989    .data               touch.o
    0x20000262   0x000002d3   Data   RW         1387    .data               dsp.o
    0x20000535   0x00000001   PAD
    0x20000536   0x00000100   Data   RW         1822    .data               meas.o
    0x20000636   0x00000098   Data   RW         1994    .data               sysadj.o
    0x200006ce   0x00000008   Data   RW         2126    .data               com.o
    0x200006d6   0x0000001c   Data   RW         2357    .data               tm_adc.o
    0x200006f2   0x00000002   PAD
    0x200006f4   0x00000058   Data   RW         2512    .data               usart.o
    0x2000074c   0x0000001c   Data   RW         2750    .data               flash.o
    0x20000768   0x00000028   Data   RW         2937    .data               eep.o
    0x20000790   0x0000003c   Data   RW         3307    .data               lcd.o
    0x200007cc   0x00000960   Data   RW         3659    .data               para.o
    0x2000112c   0x00000054   Data   RW         3714    .data               stm324x9i_eval.o
    0x20001180   0x00000075   Data   RW         4348    .data               32f429_port.o
    0x200011f5   0x00000010   Data   RW         7299    .data               stm32f4xx_rcc.o
    0x20001205   0x00000003   PAD
    0x20001208   0x00000005   Data   RW         8965    .data               usb_bsp.o
    0x2000120d   0x00000003   PAD
    0x20001210   0x0000001e   Data   RW         9434    .data               usbh_core.o
    0x2000122e   0x00000002   PAD
    0x20001230   0x0000001c   Data   RW         9609    .data               usbh_hid_core.o
    0x2000124c   0x0000001f   Data   RW         9681    .data               usbh_hid_keybd.o
    0x2000126b   0x00000001   PAD
    0x2000126c   0x0000000c   Data   RW         9715    .data               usbh_hid_mouse.o
    0x20001278   0x00000015   Data   RW         9831    .data               usbh_msc_bot.o
    0x2000128d   0x00000003   PAD
    0x20001290   0x0000001e   Data   RW         9886    .data               usbh_msc_core.o
    0x200012ae   0x00000001   Data   RW         9937    .data               usbh_msc_fatfs.o
    0x200012af   0x00000001   Data   RW         9994    .data               usbh_msc_scsi.o
    0x200012b0   0x00000003   Data   RW        10061    .data               usbh_stdreq.o
    0x200012b3   0x00000001   PAD
    0x200012b4   0x00000006   Data   RW        10205    .data               ff.o
    0x200012ba   0x00000002   Data   RW        10434    .data               usb_file.o
    0x200012bc   0x0000000a   Data   RW        10492    .data               usb.o
    0x200012c6   0x00000002   PAD
    0x200012c8   0x00002100   Zero   RW          347    .bss                resm.o
    0x200033c8   0x0000001e   Zero   RW          583    .bss                usbh_hid_usr.o
    0x200033e6   0x0000002d   Zero   RW          987    .bss                touch.o
    0x20003413   0x00000001   PAD
    0x20003414   0x000140ba   Zero   RW         1386    .bss                dsp.o
    0x200174ce   0x000042c7   Zero   RW         1820    .bss                meas.o
    0x2001b795   0x00000c20   Zero   RW         2511    .bss                usart.o
    0x2001c3b5   0x00000001   PAD
    0x2001c3b6   0x00002000   Zero   RW         2748    .bss                flash.o
    0x2001e3b6   0x000014fc   Zero   RW         2936    .bss                eep.o
    0x2001f8b2   0x000009c0   Zero   RW         3305    .bss                lcd.o
    0x20020272   0x00001b12   Zero   RW         3656    .bss                para.o
    0x20021d84   0x00001000   Zero   RW         4415    .bss                fsmc_nand.o
    0x20022d84   0x000000a6   Zero   RW         9608    .bss                usbh_hid_core.o
    0x20022e2a   0x00000002   PAD
    0x20022e2c   0x00000040   Zero   RW         9830    .bss                usbh_msc_bot.o
    0x20022e6c   0x0000004a   Zero   RW         9885    .bss                usbh_msc_core.o
    0x20022eb6   0x00000002   PAD
    0x20022eb8   0x00000410   Zero   RW         9993    .bss                usbh_msc_scsi.o
    0x200232c8   0x00000200   Zero   RW        10060    .bss                usbh_stdreq.o
    0x200234c8   0x00004854   Zero   RW        10432    .bss                usb_file.o
    0x20027d1c   0x00000c88   Zero   RW        10491    .bss                usb.o
    0x200289a4   0x00000004   PAD
    0x200289a8   0x00000400   Zero   RW         4493    STACK               startup_stm32f40xx.o


==============================================================================

Image component sizes


      Code (inc. data)   RO Data    RW Data    ZI Data      Debug   Object Name

       930        114        176        117          0       9119   32f429_port.o
      5628       1688         13          8          0      20485   com.o
     17830       2606          0        723      82106      50715   dsp.o
     12460       3748          0         40       5372      39066   eep.o
      5766         46          0          6          0      31900   ff.o
      5954       1568         70         28       8192      17864   flash.o
      1370         82          0          0       4096      10201   fsmc_nand.o
      3734        234         17         60       2496      24581   lcd.o
      1846        436          0         21          0     328690   main.o
     11976       2194       1120        256      17095      23386   meas.o
       140         22          0          0          0       1823   misc.o
       172         84       2652       2400       6930       2119   para.o
      3534        408          0         47       8448      21278   resm.o
        36          8        392          0       1024        944   startup_stm32f40xx.o
       272         48        168         84          0       5631   stm324x9i_eval.o
       324         22          0          0          0       3595   stm32f4xx_adc.o
       574         72          0          0          0      14186   stm32f4xx_flash.o
       304         28          0          0          0       3074   stm32f4xx_fmc.o
       240          0          0          0          0       4027   stm32f4xx_gpio.o
        66         12          0          0          0       9136   stm32f4xx_it.o
       424         54          0         16          0       7140   stm32f4xx_rcc.o
       428         38          0          0          0       6350   stm32f4xx_tim.o
       272          8          0          0          0       3675   stm32f4xx_usart.o
      4076       1096          0        152          0       8074   sysadj.o
       392         40          0          0          0       1645   system_stm32f4xx.o
      1188        164          0         28          0      10258   tm_adc.o
     27516       3276       3638        326         45      43391   touch.o
      3368        650          0         88       3104      19624   usart.o
       316        164          0         10       3208       3675   usb.o
       780         48          0          5          0       7188   usb_bsp.o
      3118         18          0          0          0      42515   usb_core.o
      1288        478          0          2      18516       4246   usb_file.o
       210          0          0          0          0       5659   usb_hcd.o
      3692         16          0          0          0      10315   usb_hcd_int.o
      1726         48          0         30          0      17721   usbh_core.o
       390          0          0          0          0      24404   usbh_hcs.o
      1530        360          0         28        166       8712   usbh_hid_core.o
       348         44        492         31          0       3925   usbh_hid_keybd.o
        40          6          0         12          0       3703   usbh_hid_mouse.o
       728        352        407         76         30     328259   usbh_hid_usr.o
       680          0          0          0          0       6030   usbh_ioreq.o
      1324        106          0         21         64       6585   usbh_msc_bot.o
      1228        366          0         30         74       5701   usbh_msc_core.o
       392         52          0          1          0       5552   usbh_msc_fatfs.o
      1312         88          0          1       1040       6936   usbh_msc_scsi.o
       682        372        462        136          0      11629   usbh_msc_usr.o
       982         12          0          3        512      10249   usbh_stdreq.o

    ----------------------------------------------------------------------
    131676      21276       9644       4808     162528    1234981   Object Totals
         0          0         32          0          0          0   (incl. Generated)
        90          0          5         22         10          0   (incl. Padding)

    ----------------------------------------------------------------------

      Code (inc. data)   RO Data    RW Data    ZI Data      Debug   Library Member Name

        96          0          0          0          0          0   __dclz77c.o
         0          0          0          0          0          0   entry.o
         0          0          0          0          0          0   entry10a.o
         0          0          0          0          0          0   entry11a.o
         8          4          0          0          0          0   entry2.o
         4          0          0          0          0          0   entry5.o
         0          0          0          0          0          0   entry7b.o
         0          0          0          0          0          0   entry8b.o
         8          4          0          0          0          0   entry9a.o
        30          0          0          0          0          0   handlers.o
        36          8          0          0          0         68   init.o
         0          0          0          0          0          0   iusefp.o
        30          0          0          0          0         68   llshl.o
        36          0          0          0          0         68   llsshr.o
        32          0          0          0          0         68   llushr.o
      2296         92          0          0          0        592   printfa.o
        18          0          0          0          0         68   strcpy.o
        36          0          0          0          0         80   strstr.o
        44          0          0          0          0         80   uidiv.o
        98          0          0          0          0         92   uldiv.o
        40          2          0          0          0         68   cdrcmple.o
       334          0          0          0          0        148   dadd.o
       222          0          0          0          0        100   ddiv.o
       190          0          0          0          0        176   depilogue.o
        48          0          0          0          0         68   dfixul.o
       228          0          0          0          0         96   dmul.o

    ----------------------------------------------------------------------
      3840        110          0          0          0       1840   Library Totals
         6          0          0          0          0          0   (incl. Padding)

    ----------------------------------------------------------------------

      Code (inc. data)   RO Data    RW Data    ZI Data      Debug   Library Name

      2772        108          0          0          0       1184   mc_w.l
      1062          2          0          0          0        656   mf_w.l

    ----------------------------------------------------------------------
      3840        110          0          0          0       1840   Library Totals

    ----------------------------------------------------------------------

==============================================================================


      Code (inc. data)   RO Data    RW Data    ZI Data      Debug   

    135516      21386       9644       4808     162528    1171633   Grand Totals
    135516      21386       9644       1488     162528    1171633   ELF Image Totals (compressed)
    135516      21386       9644       1488          0          0   ROM Totals

==============================================================================

    Total RO  Size (Code + RO Data)               145160 ( 141.76kB)
    Total RW  Size (RW Data + ZI Data)            167336 ( 163.41kB)
    Total ROM Size (Code + RO Data + RW Data)     146648 ( 143.21kB)

==============================================================================

