ARM Linker, 5.03 [Build 76] [MDK-ARM Professional]

==============================================================================

Section Cross References

    main.o(i.chk_barcode) refers to usart.o(i.printf5) for printf5
    main.o(i.chk_barcode) refers to printfa.o(i.__0sprintf) for __2sprintf
    main.o(i.chk_barcode) refers to dsp.o(i.dsp_los_table) for dsp_los_table
    main.o(i.chk_barcode) refers to dsp.o(i.dsp_test_set_sid) for dsp_test_set_sid
    main.o(i.chk_barcode) refers to usbh_hid_usr.o(.data) for new_barcode
    main.o(i.chk_barcode) refers to main.o(.data) for usb_delay
    main.o(i.chk_barcode) refers to usbh_hid_usr.o(.bss) for barcode
    main.o(i.chk_barcode) refers to meas.o(.bss) for MEASuserid
    main.o(i.chk_barcode) refers to meas.o(.data) for test_loscnt
    main.o(i.chk_barcode) refers to touch.o(.data) for modex
    main.o(i.chk_barcode) refers to dsp.o(.bss) for tempSampleID
    main.o(i.chk_barcode) refers to eep.o(.data) for SEQ_NO
    main.o(i.chk_barcode) refers to dsp.o(.data) for maxTempCnt
    main.o(i.dsp_first) refers to usart.o(i.kdelay) for kdelay
    main.o(i.dsp_first) refers to 32f429_port.o(i.PORT_LEDOff) for PORT_LEDOff
    main.o(i.dsp_first) refers to 32f429_port.o(i.PORT_LEDOn) for PORT_LEDOn
    main.o(i.init_ststem) refers to 32f429_port.o(i.PORT_Config) for PORT_Config
    main.o(i.init_ststem) refers to 32f429_port.o(i.DSW_Init) for DSW_Init
    main.o(i.init_ststem) refers to para.o(i.init_RAM) for init_RAM
    main.o(i.init_ststem) refers to usart.o(i.TIM_Config) for TIM_Config
    main.o(i.init_ststem) refers to usart.o(i.TIM_SetUsec) for TIM_SetUsec
    main.o(i.init_ststem) refers to usart.o(i.USART_Config) for USART_Config
    main.o(i.init_ststem) refers to usart.o(i.printf5) for printf5
    main.o(i.init_ststem) refers to tm_adc.o(i.init_ADC) for init_ADC
    main.o(i.init_ststem) refers to resm.o(i.initRTC) for initRTC
    main.o(i.init_ststem) refers to resm.o(i.readAllRTC) for readAllRTC
    main.o(i.init_ststem) refers to 32f429_port.o(i.DSW_Read) for DSW_Read
    main.o(i.init_ststem) refers to resm.o(i.read_jedec) for read_jedec
    main.o(i.init_ststem) refers to eep.o(i.initEEP) for initEEP
    main.o(i.init_ststem) refers to flash.o(i.FMC_NAND_Check) for FMC_NAND_Check
    main.o(i.init_ststem) refers to flash.o(i.move_BMP_second) for move_BMP_second
    main.o(i.init_ststem) refers to flash.o(i.move_BMP) for move_BMP
    main.o(i.init_ststem) refers to flash.o(i.move_FONT) for move_FONT
    main.o(i.init_ststem) refers to tm_adc.o(i.TM4_LEDS_port) for TM4_LEDS_port
    main.o(i.init_ststem) refers to tm_adc.o(i.init_BUZZ) for init_BUZZ
    main.o(i.init_ststem) refers to eep.o(.data) for LANGUAGE_FLAG
    main.o(i.init_ststem) refers to flash.o(.data) for BMP_NUMBER
    main.o(i.main) refers to main.o(i.dsp_first) for dsp_first
    main.o(i.main) refers to main.o(i.init_ststem) for init_ststem
    main.o(i.main) refers to eep.o(i.make_index) for make_index
    main.o(i.main) refers to usb.o(i.USB_FS_Init) for USB_FS_Init
    main.o(i.main) refers to sysadj.o(i.send_chk_ref) for send_chk_ref
    main.o(i.main) refers to touch.o(i.update_bmp) for update_bmp
    main.o(i.main) refers to usart.o(i.printf5) for printf5
    main.o(i.main) refers to resm.o(i.chk_table) for chk_table
    main.o(i.main) refers to sysadj.o(i.init_system_check) for init_system_check
    main.o(i.main) refers to dsp.o(i.dsp_home) for dsp_home
    main.o(i.main) refers to main.o(i.time_loop) for time_loop
    main.o(i.main) refers to touch.o(i.tch_read) for tch_read
    main.o(i.main) refers to main.o(i.read_strip) for read_strip
    main.o(i.main) refers to main.o(i.motor_loop) for motor_loop
    main.o(i.main) refers to main.o(i.chk_barcode) for chk_barcode
    main.o(i.main) refers to com.o(i.chk_com_dly) for chk_com_dly
    main.o(i.main) refers to dsp.o(i.dsp_Error) for dsp_Error
    main.o(i.main) refers to flash.o(i.prog_decode) for prog_decode
    main.o(i.main) refers to usb.o(i.USB_FS_Process) for USB_FS_Process
    main.o(i.main) refers to usart.o(.data) for MS10
    main.o(i.main) refers to resm.o(.data) for read_strip_move
    main.o(i.main) refers to meas.o(.data) for stripCnt
    main.o(i.main) refers to meas.o(.bss) for errorStack
    main.o(i.main) refers to touch.o(.data) for modex
    main.o(i.main) refers to usbh_hid_usr.o(.data) for new_barcode
    main.o(i.main) refers to main.o(.data) for tick_usb_process
    main.o(i.motor_loop) refers to resm.o(i.push_strip) for push_strip
    main.o(i.motor_loop) refers to dsp.o(i.dsp_strip) for dsp_strip
    main.o(i.motor_loop) refers to meas.o(i.AddError) for AddError
    main.o(i.motor_loop) refers to usart.o(i.printf5) for printf5
    main.o(i.motor_loop) refers to resm.o(i.move_strip) for move_strip
    main.o(i.motor_loop) refers to meas.o(i.run_measure) for run_measure
    main.o(i.motor_loop) refers to resm.o(.data) for motor_step
[...]
    SBAUD_FLAG                               0x2000090b   Data           1  eep.o(.data)
    COLOR_NO                                 0x2000090c   Data           1  eep.o(.data)
    TURBI_NO                                 0x2000090d   Data           1  eep.o(.data)
    SERIAL_FLAG                              0x2000090e   Data           1  eep.o(.data)
    temp_SERIAL_FLAG                         0x2000090f   Data           1  eep.o(.data)
    ErrCode                                  0x20000910   Data           1  eep.o(.data)
    NEGPOS                                   0x20000911   Data           1  eep.o(.data)
    LANGUAGE_FLAG                            0x20000912   Data           1  eep.o(.data)
    memCount                                 0x20000914   Data           4  eep.o(.data)
    CHK_REF                                  0x20000918   Data           2  eep.o(.data)
    init_err                                 0x2000091a   Data           2  eep.o(.data)
    sum_ext                                  0x2000091c   Data           2  eep.o(.data)
    sum_int                                  0x2000091e   Data           2  eep.o(.data)
    flag_backup                              0x20000920   Data           2  eep.o(.data)
    check_adr                                0x20000924   Data           4  eep.o(.data)
    text_SEQ_NO                              0x20000928   Data           4  lcd.o(.data)
    text_ID_NO                               0x2000092c   Data           4  lcd.o(.data)
    LCDx_res                                 0x20000930   Data           4  lcd.o(.data)
    LCDy_res                                 0x20000934   Data           4  lcd.o(.data)
    LCDx_bpp_res                             0x20000938   Data           4  lcd.o(.data)
    RASTNO                                   0x2000093c   Data           1  lcd.o(.data)
    ENG32ADR                                 0x20000940   Data           4  lcd.o(.data)
    HAN32ADR                                 0x20000944   Data           4  lcd.o(.data)
    ENG24ADR                                 0x20000948   Data           4  lcd.o(.data)
    HAN24ADR                                 0x2000094c   Data           4  lcd.o(.data)
    ENG16ADR                                 0x20000950   Data           4  lcd.o(.data)
    HAN16ADR                                 0x20000954   Data           4  lcd.o(.data)
    FIG32ADR                                 0x20000958   Data           4  lcd.o(.data)
    ENG20ADR                                 0x2000095c   Data           4  lcd.o(.data)
    LcdBuffer                                0x20000960   Data           4  lcd.o(.data)
    ar_printform                             0x20000964   Data         800  para.o(.data)
    si_printform                             0x20000c84   Data         800  para.o(.data)
    co_printform                             0x20000fa4   Data         800  para.o(.data)
    COM_USART                                0x200012c4   Data          28  stm324x9i_eval.o(.data)
    COM_TX_PORT                              0x200012e0   Data          28  stm324x9i_eval.o(.data)
    COM_RX_PORT                              0x200012fc   Data          28  stm324x9i_eval.o(.data)
    GPIO_PORT                                0x20001318   Data         116  32f429_port.o(.data)
    dsw_data                                 0x2000138c   Data           1  32f429_port.o(.data)
    BSP_delay                                0x200013a0   Data           4  usb_bsp.o(.data)
    HSEStartUpStatus                         0x200013a4   Data           1  usb_bsp.o(.data)
    USBH_HCD_INT_cb                          0x200013a8   Data          20  usbh_core.o(.data)
    USBH_HCD_INT_fops                        0x200013bc   Data           4  usbh_core.o(.data)
    suspend_flag                             0x200013c0   Data           4  usbh_core.o(.data)
    start_toggle                             0x200013c8   Data           1  usbh_hid_core.o(.data)
    HID_cb                                   0x200013cc   Data          16  usbh_hid_core.o(.data)
    HID_Setup                                0x200013dc   Data           8  usbh_hid_core.o(.data)
    HID_KEYBRD_cb                            0x200013e4   Data           8  usbh_hid_keybd.o(.data)
    HID_MOUSE_cb                             0x20001404   Data           8  usbh_hid_mouse.o(.data)
    HID_MOUSE_Data                           0x2000140c   Data           4  usbh_hid_mouse.o(.data)
    MSCErrorCount                            0x20001428   Data           1  usbh_msc_core.o(.data)
    USBH_MSC_cb                              0x2000142c   Data          16  usbh_msc_core.o(.data)
    MSC_Setup                                0x2000143e   Data           8  usbh_msc_core.o(.data)
    file_count                               0x20001452   Data           1  usb_file.o(.data)
    res                                      0x20001453   Data           1  usb_file.o(.data)
    USBH_USR_ApplicationState                0x20001454   Data           1  usb.o(.data)
    USBFS_EnumDone                           0x20001455   Data           1  usb.o(.data)
    USBHS_EnumDone                           0x20001456   Data           1  usb.o(.data)
    HS_DemoDisconnHandled                    0x20001457   Data           1  usb.o(.data)
    FS_DemoDisconnHandled                    0x20001458   Data           1  usb.o(.data)
    demo                                     0x20001459   Data           5  usb.o(.data)
    flash_buff                               0x20001460   Data        4096  resm.o(.bss)
    flash_read                               0x20002460   Data        4096  resm.o(.bss)
    buff256                                  0x20003460   Data         256  resm.o(.bss)
    barcode                                  0x20003560   Data          30  usbh_hid_usr.o(.bss)
    oper_name                                0x2000357e   Data          13  touch.o(.bss)
    buff_date                                0x2000358b   Data          16  touch.o(.bss)
    buff_time                                0x2000359b   Data          16  touch.o(.bss)
    backup_user_id                           0x200035ac   Data          21  dsp.o(.bss)
    backup_oper_id                           0x200035c1   Data          13  dsp.o(.bss)
    buff_user_id                             0x200035ce   Data          21  dsp.o(.bss)
    buff_oper_id                             0x200035e3   Data          16  dsp.o(.bss)
    buff_seqno                               0x200035f3   Data          16  dsp.o(.bss)
    buff_lot_no                              0x20003603   Data           9  dsp.o(.bss)
    buff_strip_name                          0x2000360c   Data          19  dsp.o(.bss)
    LOT_NO                                   0x2000361f   Data           9  dsp.o(.bss)
    tempSampleID                             0x20003628   Data       19000  dsp.o(.bss)
    tempSampleID2                            0x20008060   Data       19000  dsp.o(.bss)
    temp_seqno                               0x2000ca98   Data       10000  dsp.o(.bss)
    temp_seqno2                              0x2000f1a8   Data       10000  dsp.o(.bss)
    temp_lotno                               0x200118b8   Data        9000  dsp.o(.bss)
    temp_lotno2                              0x20013be0   Data        9000  dsp.o(.bss)
    temp_stripno                             0x20015f08   Data        2000  dsp.o(.bss)
    temp_stripno2                            0x200166d8   Data        2000  dsp.o(.bss)
    temp_colorno                             0x20016ea8   Data        2000  dsp.o(.bss)
    temp_colorno2                            0x20017678   Data        2000  dsp.o(.bss)
    temp_turbino                             0x20017e48   Data        2000  dsp.o(.bss)
    temp_turbino2                            0x20018618   Data        2000  dsp.o(.bss)
    temp_negpos                              0x20018de8   Data        2000  dsp.o(.bss)
    temp_negpos2                             0x200195b8   Data        2000  dsp.o(.bss)
    searchSEQ                                0x20019d88   Data       10000  dsp.o(.bss)
    StripPosition                            0x2001c498   Data          32  meas.o(.bss)
    buffRED1                                 0x2001c4b8   Data        1538  meas.o(.bss)
    buffGRN1                                 0x2001caba   Data        1538  meas.o(.bss)
    buffBLU1                                 0x2001d0bc   Data        1538  meas.o(.bss)
    spanRED                                  0x2001d6be   Data        1528  meas.o(.bss)
    spanGRN                                  0x2001dcb6   Data        1528  meas.o(.bss)
    spanBLU                                  0x2001e2ae   Data        1528  meas.o(.bss)
    ref_red_buf                              0x2001e8a6   Data        1528  meas.o(.bss)
    ref_grn_buf                              0x2001ee9e   Data        1528  meas.o(.bss)
    ref_blu_buf                              0x2001f496   Data        1528  meas.o(.bss)
    dataRED1                                 0x2001fa8e   Data          30  meas.o(.bss)
    dataGRN1                                 0x2001faac   Data          30  meas.o(.bss)
    dataBLU1                                 0x2001faca   Data          30  meas.o(.bss)
    STRIP_INFO                               0x2001fae8   Data          33  meas.o(.bss)
    temp_result                              0x2001fb09   Data          20  meas.o(.bss)
    temp_solution                            0x2001fb1d   Data         100  meas.o(.bss)
    PARA_NEW                                 0x2001fb82   Data         440  meas.o(.bss)
    TEMP_PARA_NEW                            0x2001fd3a   Data         440  meas.o(.bss)
    m_final_results                          0x2001fef2   Data          15  meas.o(.bss)
    weight                                   0x2001ff01   Data          22  meas.o(.bss)
    buffRESULT                               0x2001ff17   Data        1024  meas.o(.bss)
    errorStack                               0x20020317   Data         250  meas.o(.bss)
    MEASoperid                               0x20020411   Data          11  meas.o(.bss)
    MEASuserid                               0x2002041c   Data          19  meas.o(.bss)
    MEASstripname                            0x2002042f   Data          17  meas.o(.bss)
    MEASstripinfo                            0x20020440   Data          16  meas.o(.bss)
    MEAS_results                             0x20020450   Data          14  meas.o(.bss)
    temp_modex2                              0x2002045e   Data         500  meas.o(.bss)
    print_buff                               0x20020652   Data        1024  meas.o(.bss)
    rx1buf                                   0x20020a52   Data         256  usart.o(.bss)
    tx1buf                                   0x20020b52   Data         256  usart.o(.bss)
    rx2buf                                   0x20020c52   Data         256  usart.o(.bss)
    rx3buf                                   0x20020d52   Data         256  usart.o(.bss)
    rx4buf                                   0x20020e52   Data         256  usart.o(.bss)
    rx5buf                                   0x20020f52   Data         256  usart.o(.bss)
    rx6buf                                   0x20021052   Data         256  usart.o(.bss)
    tx6buf                                   0x20021152   Data         256  usart.o(.bss)
    rx7buf                                   0x20021252   Data         256  usart.o(.bss)
    tx7buf                                   0x20021352   Data         256  usart.o(.bss)
    string                                   0x20021452   Data         256  usart.o(.bss)
    charbuff                                 0x20021552   Data         256  usart.o(.bss)
    rcv_buff                                 0x20021652   Data          32  usart.o(.bss)
    BMP_TB                                   0x20021672   Data        4096  flash.o(.bss)
    NAND_TB                                  0x20022672   Data        2048  flash.o(.bss)
    FONT_HEAD                                0x20022e72   Data        4096  flash.o(.bss)
    SYS_ID                                   0x20023e72   Data          14  eep.o(.bss)
    OPER_ID                                  0x20023e80   Data          13  eep.o(.bss)
    oper_buff                                0x20023e8d   Data         225  eep.o(.bss)
    strip_name                               0x20023f6e   Data          19  eep.o(.bss)
    USER_ID                                  0x20023f81   Data          21  eep.o(.bss)
    cmdbuff                                  0x20023f96   Data        5080  eep.o(.bss)
    size16                                   0x2002536e   Data         128  lcd.o(.bss)
    size24                                   0x200253ee   Data         128  lcd.o(.bss)
    size32                                   0x2002546e   Data         128  lcd.o(.bss)
    size40                                   0x200254ee   Data         128  lcd.o(.bss)
    size48                                   0x2002556e   Data         128  lcd.o(.bss)
    size56                                   0x200255ee   Data         128  lcd.o(.bss)
    size64                                   0x2002566e   Data         128  lcd.o(.bss)
    top_str                                  0x200256ee   Data          64  lcd.o(.bss)
    bmp_head                                 0x2002572e   Data        1536  lcd.o(.bss)
    ar_item_ram                              0x20025d2e   Data        2310  para.o(.bss)
    co_item_ram                              0x20026634   Data        2310  para.o(.bss)
    si_item_ram                              0x20026f3a   Data        2310  para.o(.bss)
    nandTxBuffer                             0x20027840   Data        2048  fsmc_nand.o(.bss)
    nandRxBuffer                             0x20028040   Data        2048  fsmc_nand.o(.bss)
    HID_Machine                              0x20028840   Data          84  usbh_hid_core.o(.bss)
    HID_Report                               0x20028894   Data          72  usbh_hid_core.o(.bss)
    HID_Desc                                 0x200288dc   Data          10  usbh_hid_core.o(.bss)
    USBH_MSC_CBWData                         0x200288e8   Data          32  usbh_msc_bot.o(.bss)
    USBH_MSC_CSWData                         0x20028908   Data          16  usbh_msc_bot.o(.bss)
    USBH_MSC_BOTXferParam                    0x20028918   Data          16  usbh_msc_bot.o(.bss)
    MSC_Machine                              0x20028928   Data          74  usbh_msc_core.o(.bss)
    USBH_MSC_Param                           0x20028974   Data          16  usbh_msc_scsi.o(.bss)
    USBH_DataInBuffer                        0x20028984   Data         512  usbh_msc_scsi.o(.bss)
    USBH_DataOutBuffer                       0x20028b84   Data         512  usbh_msc_scsi.o(.bss)
    USBH_CfgDesc                             0x20028d84   Data         512  usbh_stdreq.o(.bss)
    usb_read_buffer                          0x20028f84   Data       16384  usb_file.o(.bss)
    usb_write_buffer                         0x2002cf84   Data        1024  usb_file.o(.bss)
    fatfs                                    0x2002d384   Data         560  usb_file.o(.bss)
    file                                     0x2002d5b4   Data         548  usb_file.o(.bss)
    USB_OTG_Core                             0x2002d7d8   Data        1456  usb.o(.bss)
    USB_Host                                 0x2002dd88   Data         148  usb.o(.bss)
    USB_OTG_FS_Core                          0x2002de1c   Data        1456  usb.o(.bss)
    USB_FS_Process_Host                      0x2002e3cc   Data         148  usb.o(.bss)
    __initial_sp                             0x2002e860   Data           0  startup_stm32f40xx.o(STACK)



==============================================================================

Memory Map of the image

  Image Entry point : 0x08020189

  Load Region LR_IROM1 (Base: 0x08020000, Size: 0x0002df80, Max: 0x00060000, ABSOLUTE, COMPRESSED[0x0002d198])

    Execution Region ER_IROM1 (Base: 0x08020000, Size: 0x0002cb20, Max: 0x00060000, ABSOLUTE)

    Base Addr    Size         Type   Attr      Idx    E Section Name        Object

    0x08020000   0x00000188   Data   RO         4917    RESET               startup_stm32f40xx.o
    0x08020188   0x00000000   Code   RO        10979  * .ARM.Collect$$$$00000000  mc_w.l(entry.o)
    0x08020188   0x00000004   Code   RO        11255    .ARM.Collect$$$$00000001  mc_w.l(entry2.o)
    0x0802018c   0x00000004   Code   RO        11258    .ARM.Collect$$$$00000004  mc_w.l(entry5.o)
    0x08020190   0x00000000   Code   RO        11260    .ARM.Collect$$$$00000008  mc_w.l(entry7b.o)
    0x08020190   0x00000000   Code   RO        11262    .ARM.Collect$$$$0000000A  mc_w.l(entry8b.o)
    0x08020190   0x00000008   Code   RO        11263    .ARM.Collect$$$$0000000B  mc_w.l(entry9a.o)
    0x08020198   0x00000000   Code   RO        11265    .ARM.Collect$$$$0000000D  mc_w.l(entry10a.o)
    0x08020198   0x00000000   Code   RO        11267    .ARM.Collect$$$$0000000F  mc_w.l(entry11a.o)
    0x08020198   0x00000004   Code   RO        11256    .ARM.Collect$$$$00002712  mc_w.l(entry2.o)
    0x0802019c   0x00000024   Code   RO         4918    .text               startup_stm32f40xx.o
    0x080201c0   0x00000062   Code   RO        10982    .text               mc_w.l(uldiv.o)
    0x08020222   0x00000024   Code   RO        10984    .text               mc_w.l(strstr.o)
    0x08020246   0x00000012   Code   RO        10986    .text               mc_w.l(strcpy.o)
    0x08020258   0x0000014e   Code   RO        11249    .text               mf_w.l(dadd.o)
    0x080203a6   0x0000001a   Code   RO        11251    .text               mf_w.l(dfltui.o)
    0x080203c0   0x00000032   Code   RO        11253    .text               mf_w.l(dfixui.o)
    0x080203f2   0x0000002c   Code   RO        11272    .text               mc_w.l(uidiv.o)
    0x0802041e   0x0000001e   Code   RO        11274    .text               mc_w.l(llshl.o)
    0x0802043c   0x00000020   Code   RO        11276    .text               mc_w.l(llushr.o)
    0x0802045c   0x00000024   Code   RO        11278    .text               mc_w.l(llsshr.o)
    0x08020480   0x00000000   Code   RO        11280    .text               mc_w.l(iusefp.o)
    0x08020480   0x000000be   Code   RO        11281    .text               mf_w.l(depilogue.o)
    0x0802053e   0x000000e4   Code   RO        11283    .text               mf_w.l(dmul.o)
    0x08020622   0x000000de   Code   RO        11285    .text               mf_w.l(ddiv.o)
    0x08020700   0x00000030   Code   RO        11287    .text               mf_w.l(dfixul.o)
    0x08020730   0x00000028   Code   RO        11289    .text               mf_w.l(cdrcmple.o)
    0x08020758   0x00000024   Code   RO        11291    .text               mc_w.l(init.o)
    0x0802077c   0x00000060   Code   RO        11303    .text               mc_w.l(__dclz77c.o)
    0x080207dc   0x00000038   Code   RO         6962    i.ADC_CommonInit    stm32f4xx_adc.o
    0x08020814   0x00000054   Code   RO         6981    i.ADC_Init          stm32f4xx_adc.o
    0x08020868   0x000000b8   Code   RO         6986    i.ADC_RegularChannelConfig  stm32f4xx_adc.o
    0x08020920   0x00000098   Code   RO         2096    i.AddError          meas.o
    0x080209b8   0x0000002c   Code   RO         9377    i.BSP_Delay         usb_bsp.o
    0x080209e4   0x0000006c   Code   RO         9378    i.BSP_SetTime       usb_bsp.o
    0x08020a50   0x00000004   Code   RO         4158    i.BusFault_Handler  stm32f4xx_it.o
    0x08020a54   0x000000a0   Code   RO         4762    i.DSW_Init          32f429_port.o
    0x08020af4   0x000000bc   Code   RO         4763    i.DSW_Read          32f429_port.o
    0x08020bb0   0x00000002   Code   RO         4159    i.DebugMon_Handler  stm32f4xx_it.o
    0x08020bb2   0x0000000c   Code   RO          311    i.Delay1302         resm.o
    0x08020bbe   0x00000002   PAD
    0x08020bc0   0x00000250   Code   RO        10848    i.ExploreUSB        usb_file.o
    0x08020e10   0x0000000c   Code   RO         4264    i.FLASH_ClearFlag   stm32f4xx_flash.o
    0x08020e1c   0x00000088   Code   RO         4270    i.FLASH_EraseSector  stm32f4xx_flash.o
    0x08020ea4   0x00000054   Code   RO         4272    i.FLASH_GetStatus   stm32f4xx_flash.o
    0x08020ef8   0x000000ac   Code   RO         4274    i.FLASH_If_Erase    stm32f4xx_flash.o
    0x08020fa4   0x00000014   Code   RO         4277    i.FLASH_Lock        stm32f4xx_flash.o
    0x08020fb8   0x00000050   Code   RO         4301    i.FLASH_ProgramWord  stm32f4xx_flash.o
    0x08021008   0x00000024   Code   RO         4303    i.FLASH_Unlock      stm32f4xx_flash.o
    0x0802102c   0x00000022   Code   RO         4304    i.FLASH_WaitForLastOperation  stm32f4xx_flash.o
    0x0802104e   0x00000002   PAD
    0x08021050   0x0000005c   Code   RO         9208    i.FMC_NANDCmd       stm32f4xx_fmc.o
    0x080210ac   0x00000048   Code   RO         9209    i.FMC_NANDDeInit    stm32f4xx_fmc.o
    0x080210f4   0x0000008c   Code   RO         9211    i.FMC_NANDInit      stm32f4xx_fmc.o
    0x08021180   0x00000038   Code   RO         4825    i.FMC_NAND_AddressIncrement  fsmc_nand.o
    0x080211b8   0x00000164   Code   RO         3140    i.FMC_NAND_Check    flash.o
    0x0802131c   0x00000050   Code   RO         4826    i.FMC_NAND_EraseBlock  fsmc_nand.o
    0x0802136c   0x0000002a   Code   RO         4827    i.FMC_NAND_GetStatus  fsmc_nand.o
    0x08021396   0x00000002   PAD
    0x08021398   0x00000174   Code   RO         4828    i.FMC_NAND_Init     fsmc_nand.o
    0x0802150c   0x0000002c   Code   RO         4829    i.FMC_NAND_ReadID   fsmc_nand.o
    0x08021538   0x000000ac   Code   RO         4830    i.FMC_NAND_ReadSmallPage  fsmc_nand.o
    0x080215e4   0x000000b0   Code   RO         4831    i.FMC_NAND_ReadSpareArea  fsmc_nand.o
    0x08021694   0x0000002c   Code   RO         4832    i.FMC_NAND_ReadStatus  fsmc_nand.o
    0x080216c0   0x000000c0   Code   RO         4835    i.FMC_NAND_WriteSmallPage  fsmc_nand.o
    0x08021780   0x000000c0   Code   RO         4836    i.FMC_NAND_WriteSpareArea  fsmc_nand.o
    0x08021840   0x0000018c   Code   RO        10849    i.FirmwareUSB       usb_file.o
    0x080219cc   0x00000090   Code   RO         7348    i.GPIO_Init         stm32f4xx_gpio.o
    0x08021a5c   0x00000046   Code   RO         7349    i.GPIO_PinAFConfig  stm32f4xx_gpio.o
    0x08021aa2   0x00000012   Code   RO         7352    i.GPIO_ReadInputDataBit  stm32f4xx_gpio.o
    0x08021ab4   0x00000004   Code   RO         7355    i.GPIO_ResetBits    stm32f4xx_gpio.o
    0x08021ab8   0x00000004   Code   RO         7356    i.GPIO_SetBits      stm32f4xx_gpio.o
    0x08021abc   0x0000000a   Code   RO         9689    i.HCD_GetCurrentFrame  usb_hcd.o
    0x08021ac6   0x00000014   Code   RO         9690    i.HCD_GetCurrentSpeed  usb_hcd.o
    0x08021ada   0x0000000a   Code   RO         9692    i.HCD_GetURB_State  usb_hcd.o
    0x08021ae4   0x0000000c   Code   RO         9693    i.HCD_GetXferCnt    usb_hcd.o
    0x08021af0   0x00000060   Code   RO         9695    i.HCD_Init          usb_hcd.o
    0x08021b50   0x00000008   Code   RO         9696    i.HCD_IsDeviceConnected  usb_hcd.o
    0x08021b58   0x00000008   Code   RO         9697    i.HCD_IsPortEnabled  usb_hcd.o
    0x08021b60   0x0000000e   Code   RO         9698    i.HCD_ResetPort     usb_hcd.o
    0x08021b6e   0x00000020   Code   RO         9699    i.HCD_SubmitRequest  usb_hcd.o
    0x08021b8e   0x00000004   Code   RO         4160    i.HardFault_Handler  stm32f4xx_it.o
    0x08021b92   0x00000002   PAD
    0x08021b94   0x00000208   Code   RO         2097    i.IncreseSampleID   meas.o
    0x08021d9c   0x00000154   Code   RO        10100    i.KEYBRD_Decode     usbh_hid_keybd.o
    0x08021ef0   0x00000008   Code   RO        10101    i.KEYBRD_Init       usbh_hid_keybd.o
    0x08021ef8   0x000000ec   Code   RO         3649    i.LCDbmpxx          lcd.o
    0x08021fe4   0x00000020   Code   RO        10135    i.MOUSE_Decode      usbh_hid_mouse.o
    0x08022004   0x00000008   Code   RO        10136    i.MOUSE_Init        usbh_hid_mouse.o
    0x0802200c   0x00000004   Code   RO         4161    i.MemManage_Handler  stm32f4xx_it.o
    0x08022010   0x00000002   Code   RO         4162    i.NMI_Handler       stm32f4xx_it.o
    0x08022012   0x00000002   PAD
    0x08022014   0x00000078   Code   RO         4924    i.NVIC_Init         misc.o
    0x0802208c   0x00000014   Code   RO         4925    i.NVIC_PriorityGroupConfig  misc.o
    0x080220a0   0x00000010   Code   RO         4163    i.OTG_FS_IRQHandler  stm32f4xx_it.o
    0x080220b0   0x00000010   Code   RO         4164    i.OTG_HS_IRQHandler  stm32f4xx_it.o
    0x080220c0   0x0000019a   Code   RO         4764    i.PORT_Config       32f429_port.o
    0x0802225a   0x00000002   PAD
    0x0802225c   0x00000058   Code   RO         4765    i.PORT_LEDInit      32f429_port.o
    0x080222b4   0x00000018   Code   RO         4766    i.PORT_LEDOff       32f429_port.o
    0x080222cc   0x00000018   Code   RO         4767    i.PORT_LEDOn        32f429_port.o
    0x080222e4   0x00000024   Code   RO         4768    i.PORT_LEDTog       32f429_port.o
    0x08022308   0x00000002   Code   RO         4165    i.PendSV_Handler    stm32f4xx_it.o
    0x0802230a   0x00000002   PAD
    0x0802230c   0x00000020   Code   RO         7669    i.RCC_AHB1PeriphClockCmd  stm32f4xx_rcc.o
    0x0802232c   0x00000020   Code   RO         7670    i.RCC_AHB1PeriphClockLPModeCmd  stm32f4xx_rcc.o
    0x0802234c   0x00000020   Code   RO         7672    i.RCC_AHB2PeriphClockCmd  stm32f4xx_rcc.o
    0x0802236c   0x00000020   Code   RO         7675    i.RCC_AHB3PeriphClockCmd  stm32f4xx_rcc.o
    0x0802238c   0x00000020   Code   RO         7678    i.RCC_APB1PeriphClockCmd  stm32f4xx_rcc.o
    0x080223ac   0x00000020   Code   RO         7681    i.RCC_APB2PeriphClockCmd  stm32f4xx_rcc.o
    0x080223cc   0x000000e8   Code   RO         7690    i.RCC_GetClocksFreq  stm32f4xx_rcc.o
    0x080224b4   0x00000118   Code   RO        10850    i.ReadFileFromUSB   usb_file.o
    0x080225cc   0x000000b0   Code   RO         3292    i.ReadMemory        eep.o
    0x0802267c   0x00000110   Code   RO         4131    i.STM_EVAL_COMInit  stm324x9i_eval.o
    0x0802278c   0x00000002   Code   RO         4166    i.SVC_Handler       stm32f4xx_it.o
    0x0802278e   0x00000002   PAD
    0x08022790   0x00000d34   Code   RO         2098    i.Send720           meas.o
    0x080234c4   0x000009d0   Code   RO         2099    i.SendYD            meas.o
    0x08023e94   0x0000011c   Code   RO         4103    i.SetSysClock       system_stm32f4xx.o
    0x08023fb0   0x00000002   Code   RO         4167    i.SysTick_Handler   stm32f4xx_it.o
    0x08023fb2   0x00000002   PAD
    0x08023fb4   0x0000006c   Code   RO         4104    i.SystemInit        system_stm32f4xx.o
    0x08024020   0x00000460   Code   RO         2880    i.TIM2_IRQHandler   usart.o
    0x08024480   0x00000008   Code   RO         4168    i.TIM5_IRQHandler   stm32f4xx_it.o
    0x08024488   0x00000018   Code   RO         6335    i.TIM_ARRPreloadConfig  stm32f4xx_tim.o
    0x080244a0   0x00000006   Code   RO         6342    i.TIM_ClearITPendingBit  stm32f4xx_tim.o
    0x080244a6   0x00000018   Code   RO         6347    i.TIM_Cmd           stm32f4xx_tim.o
    0x080244be   0x0000002e   Code   RO         2881    i.TIM_Config        usart.o
    0x080244ec   0x00000022   Code   RO         6368    i.TIM_GetITStatus   stm32f4xx_tim.o
    0x0802450e   0x00000012   Code   RO         6372    i.TIM_ITConfig      stm32f4xx_tim.o
    0x08024520   0x000000a4   Code   RO         6381    i.TIM_OC2Init       stm32f4xx_tim.o
    0x080245c4   0x0000001a   Code   RO         6384    i.TIM_OC2PreloadConfig  stm32f4xx_tim.o
    0x080245de   0x0000005c   Code   RO         2882    i.TIM_SetUsec       usart.o
    0x0802463a   0x00000002   PAD
    0x0802463c   0x00000084   Code   RO         6419    i.TIM_TimeBaseInit  stm32f4xx_tim.o
    0x080246c0   0x0000003c   Code   RO         2668    i.TM4_LEDS_Init     tm_adc.o
    0x080246fc   0x0000003c   Code   RO         2669    i.TM4_LEDS_port     tm_adc.o
    0x08024738   0x00000034   Code   RO         2670    i.TM4_PWM_Init      tm_adc.o
    0x0802476c   0x0000003c   Code   RO         2671    i.TM4_TIMER_Init    tm_adc.o
    0x080247a8   0x00000028   Code   RO         2674    i.TM_ADC_INT_Channel_4_Init  tm_adc.o
    0x080247d0   0x00000028   Code   RO         2675    i.TM_ADC_INT_Channel_5_Init  tm_adc.o
    0x080247f8   0x00000028   Code   RO         2676    i.TM_ADC_INT_Channel_6_Init  tm_adc.o
    0x08024820   0x00000040   Code   RO         2677    i.TM_ADC_INT_Channel_7_Init  tm_adc.o
    0x08024860   0x0000001e   Code   RO         2678    i.TM_ADC_INT_InitPin  tm_adc.o
    0x0802487e   0x0000003e   Code   RO         2679    i.TM_ADC_Init       tm_adc.o
    0x080248bc   0x000000a0   Code   RO         2680    i.TM_ADC_InitADC    tm_adc.o
    0x0802495c   0x00000018   Code   RO         8195    i.USART_Cmd         stm32f4xx_usart.o
    0x08024974   0x000001a0   Code   RO         2883    i.USART_Config      usart.o
    0x08024b14   0x0000001a   Code   RO         8198    i.USART_GetFlagStatus  stm32f4xx_usart.o
    0x08024b2e   0x00000002   PAD
    0x08024b30   0x000000d4   Code   RO         8202    i.USART_Init        stm32f4xx_usart.o
    0x08024c04   0x0000000a   Code   RO         8209    i.USART_ReceiveData  stm32f4xx_usart.o
    0x08024c0e   0x00000002   PAD
    0x08024c10   0x00000014   Code   RO        10851    i.USBFatReady       usb_file.o
    0x08024c24   0x00000026   Code   RO         9954    i.USBH_Alloc_Channel  usbh_hcs.o
    0x08024c4a   0x00000060   Code   RO        10169    i.USBH_BulkReceiveData  usbh_ioreq.o
    0x08024caa   0x0000005e   Code   RO        10170    i.USBH_BulkSendData  usbh_ioreq.o
    0x08024d08   0x0000004c   Code   RO        10467    i.USBH_ClrFeature   usbh_stdreq.o
    0x08024d54   0x0000000c   Code   RO         9843    i.USBH_Connected    usbh_core.o
    0x08024d60   0x00000046   Code   RO        10171    i.USBH_CtlReceiveData  usbh_ioreq.o
    0x08024da6   0x00000064   Code   RO        10172    i.USBH_CtlReq       usbh_ioreq.o
    0x08024e0a   0x0000006e   Code   RO        10173    i.USBH_CtlSendData  usbh_ioreq.o
    0x08024e78   0x00000042   Code   RO        10174    i.USBH_CtlSendSetup  usbh_ioreq.o
    0x08024eba   0x0000001c   Code   RO         9955    i.USBH_DeAllocate_AllChannel  usbh_hcs.o
    0x08024ed6   0x0000003a   Code   RO         9844    i.USBH_DeInit       usbh_core.o
    0x08024f10   0x0000000c   Code   RO         9845    i.USBH_Disconnected  usbh_core.o
    0x08024f1c   0x0000002e   Code   RO         9846    i.USBH_ErrorHandle  usbh_core.o
    0x08024f4a   0x0000001e   Code   RO         9956    i.USBH_Free_Channel  usbh_hcs.o
    0x08024f68   0x00000044   Code   RO        10468    i.USBH_GetDescriptor  usbh_stdreq.o
    0x08024fac   0x00000028   Code   RO         9957    i.USBH_GetFreeChannel  usbh_hcs.o
    0x08024fd4   0x00000012   Code   RO        10469    i.USBH_GetNextDesc  usbh_stdreq.o
    0x08024fe6   0x00000002   PAD
    0x08024fe8   0x0000006c   Code   RO        10470    i.USBH_Get_CfgDesc  usbh_stdreq.o
    0x08025054   0x00000038   Code   RO        10471    i.USBH_Get_DevDesc  usbh_stdreq.o
    0x0802508c   0x00000028   Code   RO        10020    i.USBH_Get_HID_Descriptor  usbh_hid_core.o
    0x080250b4   0x00000028   Code   RO        10021    i.USBH_Get_HID_ReportDescriptor  usbh_hid_core.o
    0x080250dc   0x0000003c   Code   RO        10472    i.USBH_Get_StringDesc  usbh_stdreq.o
    0x08025118   0x000000b0   Code   RO        10022    i.USBH_HID_ClassRequest  usbh_hid_core.o
    0x080251c8   0x00000104   Code   RO        10023    i.USBH_HID_Handle   usbh_hid_core.o
    0x080252cc   0x00000068   Code   RO        10024    i.USBH_HID_InterfaceDeInit  usbh_hid_core.o
    0x08025334   0x00000304   Code   RO        10025    i.USBH_HID_InterfaceInit  usbh_hid_core.o
    0x08025638   0x00000020   Code   RO          562    i.USBH_HID_USR_Configuration_DescAvailable  usbh_hid_usr.o
    0x08025658   0x00000002   Code   RO          563    i.USBH_HID_USR_DeInit  usbh_hid_usr.o
    0x0802565a   0x00000002   Code   RO          564    i.USBH_HID_USR_DeviceAddressAssigned  usbh_hid_usr.o
    0x0802565c   0x00000010   Code   RO          565    i.USBH_HID_USR_DeviceAttached  usbh_hid_usr.o
    0x0802566c   0x00000018   Code   RO          566    i.USBH_HID_USR_DeviceDisconnected  usbh_hid_usr.o
    0x08025684   0x00000030   Code   RO          567    i.USBH_HID_USR_DeviceNotSupported  usbh_hid_usr.o
    0x080256b4   0x00000040   Code   RO          568    i.USBH_HID_USR_DeviceSpeedDetected  usbh_hid_usr.o
    0x080256f4   0x00000048   Code   RO          569    i.USBH_HID_USR_Device_DescAvailable  usbh_hid_usr.o
    0x0802573c   0x00000018   Code   RO          570    i.USBH_HID_USR_EnumerationDone  usbh_hid_usr.o
    0x08025754   0x00000002   Code   RO          571    i.USBH_HID_USR_Init  usbh_hid_usr.o
    0x08025756   0x00000002   PAD
    0x08025758   0x0000003c   Code   RO          572    i.USBH_HID_USR_Manufacturer_String  usbh_hid_usr.o
    0x08025794   0x00000030   Code   RO          573    i.USBH_HID_USR_OverCurrentDetected  usbh_hid_usr.o
    0x080257c4   0x00000034   Code   RO          574    i.USBH_HID_USR_Product_String  usbh_hid_usr.o
    0x080257f8   0x00000002   Code   RO          575    i.USBH_HID_USR_ResetDevice  usbh_hid_usr.o
    0x080257fa   0x00000002   PAD
    0x080257fc   0x0000003c   Code   RO          576    i.USBH_HID_USR_SerialNum_String  usbh_hid_usr.o
    0x08025838   0x00000010   Code   RO          577    i.USBH_HID_USR_UnrecoveredError  usbh_hid_usr.o
    0x08025848   0x00000004   Code   RO          578    i.USBH_HID_USR_UserInput  usbh_hid_usr.o
    0x0802584c   0x0000022c   Code   RO         9847    i.USBH_HandleControl  usbh_core.o
    0x08025a78   0x000001e4   Code   RO         9848    i.USBH_HandleEnum   usbh_core.o
    0x08025c5c   0x00000034   Code   RO         9849    i.USBH_Init         usbh_core.o
    0x08025c90   0x00000078   Code   RO        10175    i.USBH_InterruptReceiveData  usbh_ioreq.o
    0x08025d08   0x00000060   Code   RO        10248    i.USBH_MSC_BOT_Abort  usbh_msc_bot.o
    0x08025d68   0x00000014   Code   RO        10301    i.USBH_MSC_ClassRequest  usbh_msc_core.o
    0x08025d7c   0x00000080   Code   RO        10249    i.USBH_MSC_DecodeCSW  usbh_msc_bot.o
    0x08025dfc   0x00000044   Code   RO        10302    i.USBH_MSC_ErrorHandle  usbh_msc_core.o
    0x08025e40   0x0000002c   Code   RO        10303    i.USBH_MSC_GETMaxLUN  usbh_msc_core.o
    0x08025e6c   0x00000184   Code   RO        10304    i.USBH_MSC_Handle   usbh_msc_core.o
    0x08025ff0   0x00000408   Code   RO        10250    i.USBH_MSC_HandleBOTXfer  usbh_msc_bot.o
    0x080263f8   0x00000044   Code   RO        10251    i.USBH_MSC_Init     usbh_msc_bot.o
    0x0802643c   0x0000004c   Code   RO        10305    i.USBH_MSC_InterfaceDeInit  usbh_msc_core.o
    0x08026488   0x00000278   Code   RO        10306    i.USBH_MSC_InterfaceInit  usbh_msc_core.o
    0x08026700   0x000000d0   Code   RO        10409    i.USBH_MSC_ModeSense6  usbh_msc_scsi.o
    0x080267d0   0x00000100   Code   RO        10410    i.USBH_MSC_Read10   usbh_msc_scsi.o
    0x080268d0   0x000000dc   Code   RO        10411    i.USBH_MSC_ReadCapacity10  usbh_msc_scsi.o
    0x080269ac   0x000000e0   Code   RO        10412    i.USBH_MSC_RequestSense  usbh_msc_scsi.o
    0x08026a8c   0x000000b0   Code   RO        10413    i.USBH_MSC_TestUnitReady  usbh_msc_scsi.o
    0x08026b3c   0x000000e4   Code   RO        10414    i.USBH_MSC_Write10  usbh_msc_scsi.o
    0x08026c20   0x00000064   Code   RO         9958    i.USBH_Modify_Channel  usbh_hcs.o
    0x08026c84   0x000000a8   Code   RO         9769    i.USBH_OTG_ISR_Handler  usb_hcd_int.o
    0x08026d2c   0x0000009a   Code   RO         9959    i.USBH_Open_Channel  usbh_hcs.o
    0x08026dc6   0x00000002   PAD
    0x08026dc8   0x00000134   Code   RO        10473    i.USBH_ParseCfgDesc  usbh_stdreq.o
    0x08026efc   0x00000058   Code   RO        10474    i.USBH_ParseDevDesc  usbh_stdreq.o
    0x08026f54   0x00000020   Code   RO        10475    i.USBH_ParseEPDesc  usbh_stdreq.o
    0x08026f74   0x0000002a   Code   RO        10026    i.USBH_ParseHIDDesc  usbh_hid_core.o
    0x08026f9e   0x00000026   Code   RO        10476    i.USBH_ParseInterfaceDesc  usbh_stdreq.o
    0x08026fc4   0x00000036   Code   RO        10477    i.USBH_ParseStringDesc  usbh_stdreq.o
    0x08026ffa   0x0000000c   Code   RO         9850    i.USBH_PortDisabled  usbh_core.o
    0x08027006   0x0000000c   Code   RO         9851    i.USBH_PortEnabled  usbh_core.o
    0x08027012   0x000001dc   Code   RO         9852    i.USBH_Process      usbh_core.o
    0x080271ee   0x00000006   Code   RO         9853    i.USBH_SOF          usbh_core.o
    0x080271f4   0x00000026   Code   RO        10478    i.USBH_SetAddress   usbh_stdreq.o
    0x0802721a   0x00000026   Code   RO        10479    i.USBH_SetCfg       usbh_stdreq.o
    0x08027240   0x00000030   Code   RO        10027    i.USBH_Set_Idle     usbh_hid_core.o
    0x08027270   0x00000030   Code   RO        10028    i.USBH_Set_Protocol  usbh_hid_core.o
    0x080272a0   0x00000018   Code   RO        10179    i.USBH_SubmitSetupRequest  usbh_ioreq.o
    0x080272b8   0x00000020   Code   RO          900    i.USBH_USR_Configuration_DescAvailable  usbh_msc_usr.o
    0x080272d8   0x0000000c   Code   RO          901    i.USBH_USR_DeInit   usbh_msc_usr.o
    0x080272e4   0x00000002   Code   RO          902    i.USBH_USR_DeviceAddressAssigned  usbh_msc_usr.o
    0x080272e6   0x00000002   PAD
    0x080272e8   0x00000010   Code   RO          903    i.USBH_USR_DeviceAttached  usbh_msc_usr.o
    0x080272f8   0x00000024   Code   RO          904    i.USBH_USR_DeviceDisconnected  usbh_msc_usr.o
    0x0802731c   0x0000003c   Code   RO          905    i.USBH_USR_DeviceNotSupported  usbh_msc_usr.o
    0x08027358   0x00000040   Code   RO          906    i.USBH_USR_DeviceSpeedDetected  usbh_msc_usr.o
    0x08027398   0x00000038   Code   RO          907    i.USBH_USR_Device_DescAvailable  usbh_msc_usr.o
    0x080273d0   0x00000018   Code   RO          908    i.USBH_USR_EnumerationDone  usbh_msc_usr.o
    0x080273e8   0x0000000c   Code   RO          909    i.USBH_USR_Init     usbh_msc_usr.o
    0x080273f4   0x0000009c   Code   RO          910    i.USBH_USR_MSC_Application  usbh_msc_usr.o
    0x08027490   0x00000030   Code   RO          911    i.USBH_USR_Manufacturer_String  usbh_msc_usr.o
    0x080274c0   0x0000002c   Code   RO          912    i.USBH_USR_OverCurrentDetected  usbh_msc_usr.o
    0x080274ec   0x00000028   Code   RO          913    i.USBH_USR_Product_String  usbh_msc_usr.o
    0x08027514   0x0000000c   Code   RO          914    i.USBH_USR_ResetDevice  usbh_msc_usr.o
    0x08027520   0x00000030   Code   RO          915    i.USBH_USR_SerialNum_String  usbh_msc_usr.o
    0x08027550   0x00000010   Code   RO          916    i.USBH_USR_UnrecoveredError  usbh_msc_usr.o
    0x08027560   0x00000004   Code   RO          917    i.USBH_USR_UserInput  usbh_msc_usr.o
    0x08027564   0x00000088   Code   RO        10915    i.USB_FS_Init       usb.o
    0x080275ec   0x00000028   Code   RO        10916    i.USB_FS_Process    usb.o
    0x08027614   0x00000070   Code   RO        10917    i.USB_HS_Init       usb.o
    0x08027684   0x0000001c   Code   RO        10918    i.USB_HS_Process    usb.o
    0x080276a0   0x00000094   Code   RO         9379    i.USB_OTG_BSP_ConfigVBUS  usb_bsp.o
    0x08027734   0x00000048   Code   RO         9380    i.USB_OTG_BSP_DriveVBUS  usb_bsp.o
    0x0802777c   0x00000056   Code   RO         9381    i.USB_OTG_BSP_EnableInterrupt  usb_bsp.o
    0x080277d2   0x00000002   PAD
    0x080277d4   0x000000c0   Code   RO         9382    i.USB_OTG_BSP_Init  usb_bsp.o
    0x08027894   0x0000002e   Code   RO         9383    i.USB_OTG_BSP_TimeInit  usb_bsp.o
    0x080278c2   0x00000002   PAD
    0x080278c4   0x00000038   Code   RO         9384    i.USB_OTG_BSP_TimerIRQ  usb_bsp.o
    0x080278fc   0x0000000e   Code   RO         9385    i.USB_OTG_BSP_mDelay  usb_bsp.o
    0x0802790a   0x0000000e   Code   RO         9386    i.USB_OTG_BSP_uDelay  usb_bsp.o
    0x08027918   0x00000132   Code   RO         9459    i.USB_OTG_CoreInit  usb_core.o
    0x08027a4a   0x0000011c   Code   RO         9460    i.USB_OTG_CoreInitHost  usb_core.o
    0x08027b66   0x00000002   PAD
    0x08027b68   0x0000006c   Code   RO         9461    i.USB_OTG_CoreReset  usb_core.o
    0x08027bd4   0x00000022   Code   RO         9462    i.USB_OTG_DisableGlobalInt  usb_core.o
    0x08027bf6   0x0000005c   Code   RO         9463    i.USB_OTG_DriveVbus  usb_core.o
    0x08027c52   0x00000034   Code   RO         9464    i.USB_OTG_EnableCommonInt  usb_core.o
    0x08027c86   0x00000022   Code   RO         9465    i.USB_OTG_EnableGlobalInt  usb_core.o
    0x08027ca8   0x00000084   Code   RO         9466    i.USB_OTG_EnableHostInt  usb_core.o
    0x08027d2c   0x0000004c   Code   RO         9467    i.USB_OTG_FlushRxFifo  usb_core.o
    0x08027d78   0x00000054   Code   RO         9468    i.USB_OTG_FlushTxFifo  usb_core.o
    0x08027dcc   0x0000000c   Code   RO         9469    i.USB_OTG_GetMode   usb_core.o
    0x08027dd8   0x0000005a   Code   RO         9470    i.USB_OTG_HC_DoPing  usb_core.o
    0x08027e32   0x0000009a   Code   RO         9471    i.USB_OTG_HC_Halt   usb_core.o
    0x08027ecc   0x00000238   Code   RO         9472    i.USB_OTG_HC_Init   usb_core.o
    0x08028104   0x000001f6   Code   RO         9473    i.USB_OTG_HC_StartXfer  usb_core.o
    0x080282fa   0x00000018   Code   RO         9474    i.USB_OTG_InitFSLSPClkSel  usb_core.o
    0x08028312   0x00000010   Code   RO         9476    i.USB_OTG_IsEvenFrame  usb_core.o
    0x08028322   0x00000014   Code   RO         9477    i.USB_OTG_IsHostMode  usb_core.o
    0x08028336   0x00000010   Code   RO         9478    i.USB_OTG_ReadCoreItr  usb_core.o
    0x08028346   0x00000030   Code   RO         9479    i.USB_OTG_ReadHPRT0  usb_core.o
    0x08028376   0x00000008   Code   RO         9480    i.USB_OTG_ReadHostAllChannels_intr  usb_core.o
    0x0802837e   0x00000028   Code   RO         9482    i.USB_OTG_ReadPacket  usb_core.o
    0x080283a6   0x00000040   Code   RO         9483    i.USB_OTG_ResetPort  usb_core.o
    0x080283e6   0x00000002   PAD
    0x080283e8   0x000000d4   Code   RO         9484    i.USB_OTG_SelectCore  usb_core.o
    0x080284bc   0x0000004e   Code   RO         9485    i.USB_OTG_SetCurrentMode  usb_core.o
    0x0802850a   0x00000002   PAD
    0x0802850c   0x0000002c   Code   RO         9770    i.USB_OTG_USBH_handle_Disconnect_ISR  usb_hcd_int.o
    0x08028538   0x00000046   Code   RO         9771    i.USB_OTG_USBH_handle_IncompletePeriodicXfer_ISR  usb_hcd_int.o
    0x0802857e   0x00000056   Code   RO         9772    i.USB_OTG_USBH_handle_hc_ISR  usb_hcd_int.o
    0x080285d4   0x0000041c   Code   RO         9773    i.USB_OTG_USBH_handle_hc_n_In_ISR  usb_hcd_int.o
    0x080289f0   0x000003b8   Code   RO         9774    i.USB_OTG_USBH_handle_hc_n_Out_ISR  usb_hcd_int.o
    0x08028da8   0x0000012e   Code   RO         9775    i.USB_OTG_USBH_handle_nptxfempty_ISR  usb_hcd_int.o
    0x08028ed6   0x00000002   PAD
    0x08028ed8   0x0000013c   Code   RO         9776    i.USB_OTG_USBH_handle_port_ISR  usb_hcd_int.o
    0x08029014   0x0000012e   Code   RO         9777    i.USB_OTG_USBH_handle_ptxfempty_ISR  usb_hcd_int.o
    0x08029142   0x00000164   Code   RO         9778    i.USB_OTG_USBH_handle_rx_qlvl_ISR  usb_hcd_int.o
    0x080292a6   0x00000002   PAD
    0x080292a8   0x0000002c   Code   RO         9779    i.USB_OTG_USBH_handle_sof_ISR  usb_hcd_int.o
    0x080292d4   0x00000040   Code   RO         9487    i.USB_OTG_WritePacket  usb_core.o
    0x08029314   0x00000010   Code   RO          579    i.USR_KEYBRD_Init   usbh_hid_usr.o
    0x08029324   0x000000b4   Code   RO          580    i.USR_KEYBRD_ProcessData  usbh_hid_usr.o
    0x080293d8   0x00000002   Code   RO          581    i.USR_MOUSE_Init    usbh_hid_usr.o
    0x080293da   0x00000002   Code   RO          582    i.USR_MOUSE_ProcessData  usbh_hid_usr.o
    0x080293dc   0x00000028   Code   RO         2884    i.Uart_Send2        usart.o
    0x08029404   0x00000028   Code   RO         2885    i.Uart_Send3        usart.o
    0x0802942c   0x00000028   Code   RO         2887    i.Uart_Send5        usart.o
    0x08029454   0x00000004   Code   RO         4169    i.UsageFault_Handler  stm32f4xx_it.o
    0x08029458   0x00000028   Code   RO        11223    i.__0sprintf        mc_w.l(printfa.o)
    0x08029480   0x00000024   Code   RO        11227    i.__0vsprintf       mc_w.l(printfa.o)
    0x080294a4   0x0000000e   Code   RO        11297    i.__scatterload_copy  mc_w.l(handlers.o)
    0x080294b2   0x00000002   Code   RO        11298    i.__scatterload_null  mc_w.l(handlers.o)
    0x080294b4   0x0000000e   Code   RO        11299    i.__scatterload_zeroinit  mc_w.l(handlers.o)
    0x080294c2   0x00000006   Code   RO         1034    i.__set_MSP         touch.o
    0x080294c8   0x0000015c   Code   RO        11228    i._fp_digits        mc_w.l(printfa.o)
    0x08029624   0x000006f0   Code   RO        11229    i._printf_core      mc_w.l(printfa.o)
    0x08029d14   0x00000026   Code   RO        11230    i._printf_post_padding  mc_w.l(printfa.o)
    0x08029d3a   0x00000030   Code   RO        11231    i._printf_pre_padding  mc_w.l(printfa.o)
    0x08029d6a   0x0000000a   Code   RO        11233    i._sputc            mc_w.l(printfa.o)
    0x08029d74   0x000001bc   Code   RO         2684    i.adc_loop          tm_adc.o
    0x08029f30   0x0000008c   Code   RO         3293    i.add_index         eep.o
    0x08029fbc   0x00000058   Code   RO         1562    i.add_los_memory    dsp.o
    0x0802a014   0x00000058   Code   RO         1564    i.add_los_test      dsp.o
    0x0802a06c   0x00000530   Code   RO         1035    i.alpa_mem_date_set  touch.o
    0x0802a59c   0x000000f0   Code   RO         1036    i.alpa_mem_oid      touch.o
    0x0802a68c   0x00000110   Code   RO         1037    i.alpa_mem_seq      touch.o
    0x0802a79c   0x000000f0   Code   RO         1038    i.alpa_mem_sid      touch.o
    0x0802a88c   0x000001b0   Code   RO         1039    i.alpa_qc_lot       touch.o
    0x0802aa3c   0x00000184   Code   RO         1040    i.alpa_test_sid     touch.o
    0x0802abc0   0x00000042   Code   RO         3650    i.asc2bin4          lcd.o
    0x0802ac02   0x00000014   Code   RO         3651    i.asc2bin_1         lcd.o
    0x0802ac16   0x00000016   Code   RO         3294    i.asc2dec           eep.o
    0x0802ac2c   0x00000016   Code   RO         3295    i.asc2hex           eep.o
    0x0802ac42   0x00000002   PAD
    0x0802ac44   0x00000038   Code   RO         3297    i.backup_intflash   eep.o
    0x0802ac7c   0x0000006c   Code   RO         1565    i.backup_mem_set    dsp.o
    0x0802ace8   0x00000014   Code   RO          312    i.bcd2bin2          resm.o
    0x0802acfc   0x00000024   Code   RO          313    i.bin2bcd2          resm.o
    0x0802ad20   0x00000080   Code   RO         3654    i.bin2bcd6          lcd.o
    0x0802ada0   0x0000003a   Code   RO         3656    i.bin2bcdasc4       lcd.o
    0x0802adda   0x00000016   Code   RO         3657    i.bin2hexasc        lcd.o
    0x0802adf0   0x00000036   Code   RO         3658    i.bin2hexasc4       lcd.o
    0x0802ae26   0x00000002   PAD
    0x0802ae28   0x00000030   Code   RO          314    i.blankFR4K         resm.o
    0x0802ae58   0x00000148   Code   RO         2100    i.calc_ratio2       meas.o
    0x0802afa0   0x0000009c   Code   RO         1566    i.cancel_mem_set    dsp.o
    0x0802b03c   0x000000bc   Code   RO         1567    i.cancel_qc_set     dsp.o
    0x0802b0f8   0x000000bc   Code   RO         1568    i.cancel_test_set   dsp.o
    0x0802b1b4   0x00000098   Code   RO        10581    i.check_fs          ff.o
    0x0802b24c   0x000000a0   Code   RO         3298    i.check_result      eep.o
    0x0802b2ec   0x000002bc   Code   RO            3    i.chk_barcode       main.o
    0x0802b5a8   0x00000014   Code   RO        10582    i.chk_chr           ff.o
    0x0802b5bc   0x000002d4   Code   RO         2422    i.chk_com_dly       com.o
    0x0802b890   0x0000019c   Code   RO         3299    i.chk_index         eep.o
    0x0802ba2c   0x000001f4   Code   RO         3300    i.chk_ini_para      eep.o
    0x0802bc20   0x000001c4   Code   RO         3301    i.chk_ini_position  eep.o
    0x0802bde4   0x00000308   Code   RO         3302    i.chk_ini_printform  eep.o
    0x0802c0ec   0x000001cc   Code   RO         3303    i.chk_ini_strip     eep.o
    0x0802c2b8   0x0000008c   Code   RO         3305    i.chk_sum_ext_buff  eep.o
    0x0802c344   0x000000ac   Code   RO         3306    i.chk_sum_int_buff  eep.o
    0x0802c3f0   0x0000015c   Code   RO          315    i.chk_table         resm.o
    0x0802c54c   0x00000080   Code   RO         3660    i.clr_cursor_qc_set  lcd.o
    0x0802c5cc   0x00000080   Code   RO         3661    i.clr_cursor_test_set  lcd.o
    0x0802c64c   0x00000058   Code   RO         1569    i.clr_screen        dsp.o
    0x0802c6a4   0x00000070   Code   RO         3662    i.clr_screen_box    lcd.o
    0x0802c714   0x00000048   Code   RO         3307    i.clr_sys_id        eep.o
    0x0802c75c   0x00000024   Code   RO         3308    i.clr_user_id       eep.o
    0x0802c780   0x00000020   Code   RO        10583    i.clust2sect        ff.o
    0x0802c7a0   0x00000038   Code   RO          316    i.cmpFR4k           resm.o
    0x0802c7d8   0x00000044   Code   RO         1570    i.cmp_operid        dsp.o
    0x0802c81c   0x00000078   Code   RO         1571    i.cmp_testdate      dsp.o
    0x0802c894   0x0000007c   Code   RO         1572    i.cmp_userid        dsp.o
    0x0802c910   0x0000006c   Code   RO         2423    i.com_cal_send      com.o
    0x0802c97c   0x00000078   Code   RO         2888    i.com_clear         usart.o
    0x0802c9f4   0x000000d8   Code   RO         2424    i.com_full_raw_data  com.o
    0x0802cacc   0x00000094   Code   RO         2425    i.com_meas_result   com.o
    0x0802cb60   0x0000001c   Code   RO         2426    i.com_msg           com.o
    0x0802cb7c   0x000000b8   Code   RO         2427    i.com_operid_set    com.o
    0x0802cc34   0x00000034   Code   RO         2428    i.com_para_read     com.o
    0x0802cc68   0x0000009c   Code   RO         2429    i.com_para_write    com.o
    0x0802cd04   0x00000090   Code   RO         2430    i.com_pform_read    com.o
    0x0802cd94   0x0000013c   Code   RO         2431    i.com_pform_write   com.o
    0x0802ced0   0x00000054   Code   RO         2432    i.com_position_read  com.o
    0x0802cf24   0x00000074   Code   RO         2433    i.com_position_write  com.o
    0x0802cf98   0x00000034   Code   RO         2434    i.com_strip_info_read  com.o
    0x0802cfcc   0x0000009c   Code   RO         2435    i.com_strip_info_write  com.o
    0x0802d068   0x0000005c   Code   RO         2436    i.com_strip_no_read  com.o
    0x0802d0c4   0x0000008c   Code   RO         2437    i.com_strip_no_write  com.o
    0x0802d150   0x00000094   Code   RO         2438    i.com_sys_id_set    com.o
    0x0802d1e4   0x00000098   Code   RO         2439    i.com_sys_info      com.o
    0x0802d27c   0x00000140   Code   RO         2440    i.com_time_read     com.o
    0x0802d3bc   0x00000148   Code   RO         2441    i.com_time_write    com.o
    0x0802d504   0x00000078   Code   RO         2442    i.com_userid_set    com.o
    0x0802d57c   0x000000b0   Code   RO         2443    i.com_version_read  com.o
    0x0802d62c   0x0000070c   Code   RO         2101    i.conv_result       meas.o
    0x0802dd38   0x000006ec   Code   RO         2102    i.conv_result_store  meas.o
    0x0802e424   0x000006f4   Code   RO         2103    i.correction_curve  meas.o
    0x0802eb18   0x000000ea   Code   RO        10584    i.create_chain      ff.o
    0x0802ec02   0x00000002   PAD
    0x0802ec04   0x00000164   Code   RO        10585    i.create_name       ff.o
    0x0802ed68   0x0000003c   Code   RO          317    i.dataRTC           resm.o
    0x0802eda4   0x00000090   Code   RO         1041    i.dayInMonth        touch.o
    0x0802ee34   0x000001d4   Code   RO         3309    i.default_id        eep.o
    0x0802f008   0x00000034   Code   RO         3310    i.del_index         eep.o
    0x0802f03c   0x00000012   Code   RO          318    i.delay_FR          resm.o
    0x0802f04e   0x00000002   PAD
    0x0802f050   0x00000020   Code   RO          319    i.delay_ms          resm.o
    0x0802f070   0x00000010   Code   RO          320    i.delay_us          resm.o
    0x0802f080   0x00000040   Code   RO         1043    i.delete_memory_all  touch.o
    0x0802f0c0   0x00000084   Code   RO         3311    i.delete_record     eep.o
    0x0802f144   0x00000064   Code   RO        10586    i.dir_alloc         ff.o
    0x0802f1a8   0x00000064   Code   RO        10587    i.dir_find          ff.o
    0x0802f20c   0x00000158   Code   RO        10588    i.dir_next          ff.o
    0x0802f364   0x0000007a   Code   RO        10589    i.dir_read          ff.o
    0x0802f3de   0x00000046   Code   RO        10590    i.dir_register      ff.o
    0x0802f424   0x000000c8   Code   RO        10592    i.dir_sdi           ff.o
    0x0802f4ec   0x00000028   Code   RO        10353    i.disk_initialize   usbh_msc_fatfs.o
    0x0802f514   0x00000060   Code   RO        10354    i.disk_ioctl        usbh_msc_fatfs.o
    0x0802f574   0x0000006c   Code   RO        10355    i.disk_read         usbh_msc_fatfs.o
    0x0802f5e0   0x00000014   Code   RO        10356    i.disk_status       usbh_msc_fatfs.o
    0x0802f5f4   0x0000007c   Code   RO        10357    i.disk_write        usbh_msc_fatfs.o
    0x0802f670   0x0000006c   Code   RO         3667    i.draw_box          lcd.o
    0x0802f6dc   0x0000022c   Code   RO         1573    i.dsp_Error         dsp.o
    0x0802f908   0x0000003c   Code   RO         1574    i.dsp_base_bar      dsp.o
    0x0802f944   0x0000017c   Code   RO         1575    i.dsp_change_PR     dsp.o
    0x0802fac0   0x00000174   Code   RO         1576    i.dsp_color_no      dsp.o
    0x0802fc34   0x00000068   Code   RO         3668    i.dsp_cursor_mem_date  lcd.o
    0x0802fc9c   0x00000068   Code   RO         3669    i.dsp_cursor_mem_date2  lcd.o
    0x0802fd04   0x00000068   Code   RO         3670    i.dsp_cursor_mem_oid  lcd.o
    0x0802fd6c   0x00000068   Code   RO         3671    i.dsp_cursor_mem_seq  lcd.o
    0x0802fdd4   0x00000068   Code   RO         3672    i.dsp_cursor_mem_sid  lcd.o
    0x0802fe3c   0x00000068   Code   RO         3673    i.dsp_cursor_mem_time  lcd.o
    0x0802fea4   0x00000068   Code   RO         3675    i.dsp_cursor_password  lcd.o
    0x0802ff0c   0x00000078   Code   RO         3676    i.dsp_cursor_qc_lot  lcd.o
    0x0802ff84   0x0000007c   Code   RO         3679    i.dsp_cursor_test_sid  lcd.o
    0x08030000   0x000000a8   Code   RO         1577    i.dsp_date          dsp.o
    0x080300a8   0x000000e0   Code   RO         1578    i.dsp_date_set      dsp.o
    0x08030188   0x0000038c   Code   RO         1579    i.dsp_datetime      dsp.o
    0x08030514   0x0000003e   Code   RO            4    i.dsp_first         main.o
    0x08030552   0x00000008   Code   RO         1580    i.dsp_font_update   dsp.o
    0x0803055a   0x00000002   PAD
    0x0803055c   0x0000013c   Code   RO         1581    i.dsp_fw_update     dsp.o
    0x08030698   0x00000048   Code   RO         1582    i.dsp_home          dsp.o
    0x080306e0   0x00000008   Code   RO         1583    i.dsp_image_update  dsp.o
    0x080306e8   0x00000044   Code   RO         1584    i.dsp_input_password  dsp.o
    0x0803072c   0x00000404   Code   RO         1585    i.dsp_item_tb       dsp.o
    0x08030b30   0x000000e0   Code   RO         1586    i.dsp_item_title    dsp.o
    0x08030c10   0x000001e0   Code   RO         1587    i.dsp_los_table     dsp.o
    0x08030df0   0x000001c8   Code   RO         1588    i.dsp_los_table_store  dsp.o
    0x08030fb8   0x0000008e   Code   RO         1589    i.dsp_maintanence   dsp.o
    0x08031046   0x00000002   PAD
    0x08031048   0x00000044   Code   RO         1590    i.dsp_maintanence_password  dsp.o
    0x0803108c   0x0000013c   Code   RO         1591    i.dsp_measure       dsp.o
    0x080311c8   0x000000e8   Code   RO         1592    i.dsp_mem_date_set  dsp.o
    0x080312b0   0x00000050   Code   RO         1593    i.dsp_mem_line8     dsp.o
    0x08031300   0x000001f0   Code   RO         1594    i.dsp_mem_number8   dsp.o
    0x080314f0   0x000001f8   Code   RO         1595    i.dsp_mem_oper8     dsp.o
    0x080316e8   0x00000064   Code   RO         1596    i.dsp_mem_printupload  dsp.o
    0x0803174c   0x000001f8   Code   RO         1597    i.dsp_mem_sample8   dsp.o
    0x08031944   0x00000048   Code   RO         1598    i.dsp_mem_set       dsp.o
    0x0803198c   0x0000004c   Code   RO         1599    i.dsp_mem_set_oid   dsp.o
    0x080319d8   0x00000044   Code   RO         1600    i.dsp_mem_set_seqno  dsp.o
    0x08031a1c   0x00000164   Code   RO         1601    i.dsp_mem_set_sid   dsp.o
    0x08031b80   0x00000288   Code   RO         1602    i.dsp_memory        dsp.o
    0x08031e08   0x00000002   Code   RO         1603    i.dsp_novalid       dsp.o
    0x08031e0a   0x00000002   PAD
    0x08031e0c   0x000001a4   Code   RO         1604    i.dsp_oper_info     dsp.o
    0x08031fb0   0x00000024   Code   RO         1605    i.dsp_oper_name     dsp.o
    0x08031fd4   0x00000058   Code   RO         1606    i.dsp_oper_new      dsp.o
    0x0803202c   0x00000064   Code   RO         1607    i.dsp_oper_set      dsp.o
    0x08032090   0x0000017c   Code   RO         1608    i.dsp_qc            dsp.o
    0x0803220c   0x0000008c   Code   RO         1609    i.dsp_qc_set        dsp.o
    0x08032298   0x0000007c   Code   RO         1610    i.dsp_qc_set_lot    dsp.o
    0x08032314   0x0000005c   Code   RO         1611    i.dsp_qc_set_negpos  dsp.o
    0x08032370   0x00000070   Code   RO         1612    i.dsp_qc_set_seqno  dsp.o
    0x080323e0   0x00000200   Code   RO         1615    i.dsp_result_store  dsp.o
    0x080325e0   0x00000090   Code   RO         1616    i.dsp_seq           dsp.o
    0x08032670   0x000000a0   Code   RO         1617    i.dsp_serial_data   dsp.o
    0x08032710   0x00000070   Code   RO         1618    i.dsp_serial_data_change  dsp.o
    0x08032780   0x0000006c   Code   RO         1619    i.dsp_setting       dsp.o
    0x080327ec   0x0000006c   Code   RO         1620    i.dsp_strip         dsp.o
    0x08032858   0x000000f4   Code   RO         1621    i.dsp_strip_set     dsp.o
    0x0803294c   0x000002b0   Code   RO         1622    i.dsp_sysset        dsp.o
    0x08032bfc   0x00000258   Code   RO         1623    i.dsp_system_check  dsp.o
    0x08032e54   0x00000170   Code   RO         1624    i.dsp_test          dsp.o
    0x08032fc4   0x000000b0   Code   RO         1625    i.dsp_test_set      dsp.o
    0x08033074   0x0000015c   Code   RO         1626    i.dsp_test_set_color  dsp.o
    0x080331d0   0x00000070   Code   RO         1627    i.dsp_test_set_seqno  dsp.o
    0x08033240   0x00000060   Code   RO         1628    i.dsp_test_set_sid  dsp.o
    0x080332a0   0x000000c8   Code   RO         1629    i.dsp_test_set_strip  dsp.o
    0x08033368   0x00000110   Code   RO         1630    i.dsp_test_set_turbi  dsp.o
    0x08033478   0x00000028   Code   RO         1631    i.dsp_test_type     dsp.o
    0x080334a0   0x00000040   Code   RO         1632    i.dsp_test_type_set  dsp.o
    0x080334e0   0x00000160   Code   RO         1633    i.dsp_time          dsp.o
    0x08033640   0x000001c0   Code   RO         1634    i.dsp_time_set      dsp.o
    0x08033800   0x00000118   Code   RO         1635    i.dsp_trubi_no      dsp.o
    0x08033918   0x000000f4   Code   RO         1636    i.dsp_unit          dsp.o
    0x08033a0c   0x0000017c   Code   RO         1637    i.enter_mem_set     dsp.o
    0x08033b88   0x00000164   Code   RO         1638    i.enter_qc_set      dsp.o
    0x08033cec   0x000001c8   Code   RO         1639    i.enter_test_set    dsp.o
    0x08033eb4   0x0000006c   Code   RO          321    i.eraseFR           resm.o
    0x08033f20   0x0000007a   Code   RO          322    i.eraseFR4K         resm.o
    0x08033f9a   0x00000002   PAD
    0x08033f9c   0x00000084   Code   RO         3681    i.erase_box0        lcd.o
    0x08034020   0x00000022   Code   RO        10594    i.f_close           ff.o
    0x08034042   0x00000002   PAD
    0x08034044   0x00000060   Code   RO        10599    i.f_mount           ff.o
    0x080340a4   0x0000017a   Code   RO        10600    i.f_open            ff.o
    0x0803421e   0x00000080   Code   RO        10601    i.f_opendir         ff.o
    0x0803429e   0x000001ee   Code   RO        10602    i.f_read            ff.o
    0x0803448c   0x0000005c   Code   RO        10603    i.f_readdir         ff.o
    0x080344e8   0x000000ce   Code   RO        10606    i.f_sync            ff.o
    0x080345b6   0x0000002c   Code   RO         2444    i.fill_space        com.o
    0x080345e2   0x00000020   Code   RO         2445    i.fill_space2       com.o
    0x08034602   0x00000028   Code   RO         1640    i.fill_zero         dsp.o
    0x0803462a   0x00000002   PAD
    0x0803462c   0x000003d4   Code   RO        10611    i.find_volume       ff.o
    0x08034a00   0x000002f8   Code   RO         3142    i.flash_decode      flash.o
    0x08034cf8   0x00000194   Code   RO         2293    i.fnb_update        sysadj.o
    0x08034e8c   0x0000009c   Code   RO        10612    i.follow_path       ff.o
    0x08034f28   0x000000ee   Code   RO        10613    i.get_fat           ff.o
    0x08035016   0x00000004   Code   RO        10358    i.get_fattime       usbh_msc_fatfs.o
    0x0803501a   0x00000072   Code   RO        10614    i.get_fileinfo      ff.o
    0x0803508c   0x00000048   Code   RO        10615    i.get_ldnumber      ff.o
    0x080350d4   0x00000090   Code   RO         3312    i.get_max_stripno   eep.o
    0x08035164   0x0000001a   Code   RO         3143    i.get_max_wide      flash.o
    0x0803517e   0x00000002   PAD
    0x08035180   0x00000058   Code   RO         2106    i.get_pad_data      meas.o
    0x080351d8   0x00000034   Code   RO         3313    i.get_strip_name    eep.o
    0x0803520c   0x0000001e   Code   RO         3314    i.get_white_high    eep.o
    0x0803522a   0x00000002   PAD
    0x0803522c   0x0000001c   Code   RO         2889    i.getcmd1           usart.o
    0x08035248   0x0000001c   Code   RO         2890    i.getcmd2           usart.o
    0x08035264   0x0000001c   Code   RO         2891    i.getcmd3           usart.o
    0x08035280   0x0000001c   Code   RO         2892    i.getcmd4           usart.o
    0x0803529c   0x0000001c   Code   RO         2893    i.getcmd5           usart.o
    0x080352b8   0x00000016   Code   RO         3685    i.hexasc2bin_1      lcd.o
    0x080352ce   0x00000002   PAD
    0x080352d0   0x00000390   Code   RO         3315    i.initEEP           eep.o
    0x08035660   0x0000013c   Code   RO          323    i.initRTC           resm.o
    0x0803579c   0x0000002c   Code   RO         2685    i.init_ADC          tm_adc.o
    0x080357c8   0x00000020   Code   RO         2686    i.init_BUZZ         tm_adc.o
    0x080357e8   0x000000a4   Code   RO         4074    i.init_RAM          para.o
    0x0803588c   0x00000280   Code   RO         1641    i.init_qc_set       dsp.o
    0x08035b0c   0x000000a8   Code   RO            5    i.init_ststem       main.o
    0x08035bb4   0x0000011c   Code   RO         2294    i.init_system_check  sysadj.o
    0x08035cd0   0x0000015c   Code   RO         1642    i.init_test_set     dsp.o
    0x08035e2c   0x00000022   Code   RO         2896    i.kdelay            usart.o
    0x08035e4e   0x00000002   PAD
    0x08035e50   0x00000020   Code   RO         2897    i.key_buzzer        usart.o
    0x08035e70   0x00000018   Code   RO         3316    i.key_buzzer2       eep.o
    0x08035e88   0x00000022   Code   RO         3317    i.key_buzzer3       eep.o
    0x08035eaa   0x00000002   PAD
    0x08035eac   0x00000014   Code   RO         2898    i.key_buzzerF       usart.o
    0x08035ec0   0x00000014   Code   RO         1046    i.key_clear         touch.o
    0x08035ed4   0x00000314   Code   RO         1047    i.key_decode        touch.o
    0x080361e8   0x00000022   Code   RO        10616    i.ld_clust          ff.o
    0x0803620a   0x00000002   PAD
    0x0803620c   0x00000104   Code   RO            6    i.main              main.o
    0x08036310   0x00000108   Code   RO         3318    i.make_index        eep.o
    0x08036418   0x000001c8   Code   RO         2107    i.make_result       meas.o
    0x080365e0   0x00000020   Code   RO         1643    i.make_seqno2dgtstr  dsp.o
    0x08036600   0x00000200   Code   RO         1644    i.make_seqno_dgt    dsp.o
    0x08036800   0x00000026   Code   RO        10617    i.mem_cmp           ff.o
    0x08036826   0x0000001a   Code   RO        10618    i.mem_cpy           ff.o
    0x08036840   0x00000014   Code   RO        10619    i.mem_set           ff.o
    0x08036854   0x00000340   Code   RO            7    i.motor_loop        main.o
    0x08036b94   0x00000208   Code   RO         3144    i.move_BMP          flash.o
    0x08036d9c   0x00000210   Code   RO         3145    i.move_BMP_second   flash.o
    0x08036fac   0x00000300   Code   RO         3146    i.move_FONT         flash.o
    0x080372ac   0x0000005c   Code   RO         3147    i.move_font16       flash.o
    0x08037308   0x0000004c   Code   RO         3148    i.move_font24       flash.o
    0x08037354   0x0000004c   Code   RO         3149    i.move_font32       flash.o
    0x080373a0   0x0000004c   Code   RO         3150    i.move_font40       flash.o
    0x080373ec   0x0000004c   Code   RO         3151    i.move_font48       flash.o
    0x08037438   0x0000004c   Code   RO         3152    i.move_font56       flash.o
    0x08037484   0x0000004c   Code   RO         3153    i.move_font64       flash.o
    0x080374d0   0x00000028   Code   RO         3319    i.move_int2ext      eep.o
    0x080374f8   0x000000ec   Code   RO         3320    i.move_parameter    eep.o
    0x080375e4   0x0000008c   Code   RO         3321    i.move_position     eep.o
    0x08037670   0x00000174   Code   RO         3322    i.move_printform    eep.o
    0x080377e4   0x00000034   Code   RO          324    i.move_strip        resm.o
    0x08037818   0x00000130   Code   RO         3323    i.move_strip_info   eep.o
    0x08037948   0x00000038   Code   RO        10620    i.move_window       ff.o
    0x08037980   0x00000032   Code   RO         3693    i.msg24             lcd.o
    0x080379b2   0x00000002   PAD
    0x080379b4   0x000003b8   Code   RO         2295    i.out_check         sysadj.o
    0x08037d6c   0x0000003a   Code   RO         3695    i.out_line_16       lcd.o
    0x08037da6   0x0000003a   Code   RO         3696    i.out_line_24       lcd.o
    0x08037de0   0x0000003a   Code   RO         3697    i.out_line_32       lcd.o
    0x08037e1a   0x0000003a   Code   RO         3699    i.out_line_48       lcd.o
    0x08037e54   0x000000c8   Code   RO         3702    i.out_text_16e      lcd.o
    0x08037f1c   0x000000dc   Code   RO         3703    i.out_text_24e      lcd.o
    0x08037ff8   0x000000dc   Code   RO         3704    i.out_text_32e      lcd.o
    0x080380d4   0x00000180   Code   RO         3706    i.out_text_48e      lcd.o
    0x08038254   0x00000040   Code   RO          325    i.out_time          resm.o
    0x08038294   0x0000081c   Code   RO         2108    i.print_result      meas.o
    0x08038ab0   0x0000005c   Code   RO         2109    i.print_save        meas.o
    0x08038b0c   0x00000028   Code   RO         2899    i.printf2           usart.o
    0x08038b34   0x00000028   Code   RO         2900    i.printf3           usart.o
    0x08038b5c   0x00000028   Code   RO         2902    i.printf5           usart.o
    0x08038b84   0x000000a0   Code   RO         3154    i.prog_decode       flash.o
    0x08038c24   0x0000004c   Code   RO         2297    i.prog_update       sysadj.o
    0x08038c70   0x00000020   Code   RO         2903    i.prt_msg           usart.o
    0x08038c90   0x00000044   Code   RO          326    i.push_strip        resm.o
    0x08038cd4   0x0000006c   Code   RO         2111    i.put_albumin       meas.o
    0x08038d40   0x00000040   Code   RO         2112    i.put_arb           meas.o
    0x08038d80   0x0000014a   Code   RO        10621    i.put_fat           ff.o
    0x08038eca   0x00000002   PAD
    0x08038ecc   0x000000c0   Code   RO         2113    i.put_result1       meas.o
    0x08038f8c   0x000000c4   Code   RO         2114    i.put_result2       meas.o
    0x08039050   0x0000000c   Code   RO         3324    i.read24            eep.o
    0x0803905c   0x00000018   Code   RO         3325    i.read24w           eep.o
    0x08039074   0x0000007c   Code   RO          327    i.readAllRTC        resm.o
    0x080390f0   0x000001ac   Code   RO          329    i.readFR4k          resm.o
    0x0803929c   0x00000040   Code   RO          330    i.readRTC           resm.o
    0x080392dc   0x00000148   Code   RO          331    i.readTime          resm.o
    0x08039424   0x00000764   Code   RO         3326    i.read_eep_all      eep.o
    0x08039b88   0x000000d4   Code   RO          332    i.read_jedec        resm.o
    0x08039c5c   0x00000218   Code   RO         3329    i.read_ref_data     eep.o
    0x08039e74   0x000000ac   Code   RO         3330    i.read_result       eep.o
    0x08039f20   0x00000074   Code   RO         3331    i.read_seqno        eep.o
    0x08039f94   0x00000070   Code   RO          333    i.read_stat         resm.o
    0x0803a004   0x00000180   Code   RO            8    i.read_strip        main.o
    0x0803a184   0x0000007a   Code   RO        10622    i.remove_chain      ff.o
    0x0803a1fe   0x00000002   PAD
    0x0803a200   0x00000078   Code   RO         3332    i.restore_result    eep.o
    0x0803a278   0x00000030   Code   RO         3333    i.restore_sflash    eep.o
    0x0803a2a8   0x0000041c   Code   RO         2299    i.run_calibration   sysadj.o
    0x0803a6c4   0x00000310   Code   RO         3155    i.run_format        flash.o
    0x0803a9d4   0x00000254   Code   RO         2302    i.run_meas_adj      sysadj.o
    0x0803ac28   0x00000814   Code   RO         2115    i.run_measure       meas.o
    0x0803b43c   0x00000404   Code   RO         2303    i.run_system_check  sysadj.o
    0x0803b840   0x0000001c   Code   RO         2904    i.savcmd1           usart.o
    0x0803b85c   0x0000001c   Code   RO         2905    i.savcmd2           usart.o
    0x0803b878   0x00000038   Code   RO         2906    i.savcmd3           usart.o
    0x0803b8b0   0x0000001c   Code   RO         2908    i.savcmd5           usart.o
    0x0803b8cc   0x000000d0   Code   RO          334    i.sendAll_RTC       resm.o
    0x0803b99c   0x000000c6   Code   RO          335    i.sendFR            resm.o
    0x0803ba62   0x00000040   Code   RO          336    i.sendRTC           resm.o
    0x0803baa2   0x0000004c   Code   RO          337    i.sendWRSR          resm.o
    0x0803baee   0x00000002   PAD
    0x0803baf0   0x0000015c   Code   RO         2304    i.send_chk_ref      sysadj.o
    0x0803bc4c   0x0000001c   Code   RO          338    i.send_ck           resm.o
    0x0803bc68   0x0000001c   Code   RO          339    i.send_clk02        resm.o
    0x0803bc84   0x00000002   Code   RO         2446    i.send_meas_step    com.o
    0x0803bc86   0x00000002   PAD
    0x0803bc88   0x00000058   Code   RO         2447    i.send_para         com.o
    0x0803bce0   0x00000068   Code   RO         2448    i.send_position     com.o
    0x0803bd48   0x0000005c   Code   RO         2118    i.send_result       meas.o
    0x0803bda4   0x0000005c   Code   RO         2449    i.send_strip        com.o
    0x0803be00   0x0000006c   Code   RO         2911    i.set_baud_rs232    usart.o
    0x0803be6c   0x0000006c   Code   RO         2912    i.set_baud_usb      usart.o
    0x0803bed8   0x00000174   Code   RO         2306    i.set_chk_ref       sysadj.o
    0x0803c04c   0x0000001c   Code   RO         2307    i.set_default_RGB   sysadj.o
    0x0803c068   0x0000038c   Code   RO         2308    i.set_print_time    sysadj.o
    0x0803c3f4   0x000000d4   Code   RO         2120    i.span_curve        meas.o
    0x0803c4c8   0x00000010   Code   RO        10623    i.st_clust          ff.o
    0x0803c4d8   0x00000188   Code   RO         2913    i.stepa_loop        usart.o
    0x0803c660   0x00000184   Code   RO         2914    i.stepb_loop        usart.o
    0x0803c7e4   0x000000c4   Code   RO         3156    i.store_bmp         flash.o
    0x0803c8a8   0x00000218   Code   RO         3157    i.store_bmp_usb     flash.o
    0x0803cac0   0x000000c4   Code   RO         3158    i.store_font        flash.o
    0x0803cb84   0x0000005c   Code   RO         3334    i.store_oper_buff   eep.o
    0x0803cbe0   0x0000007c   Code   RO         2450    i.store_para        com.o
    0x0803cc5c   0x00000094   Code   RO         2451    i.store_position    com.o
    0x0803ccf0   0x00000180   Code   RO         3335    i.store_pr_buff     eep.o
    0x0803ce70   0x00000168   Code   RO         3336    i.store_reference_rgb  eep.o
    0x0803cfd8   0x000003fc   Code   RO         3337    i.store_result      eep.o
    0x0803d3d4   0x00000080   Code   RO         3338    i.store_seqno       eep.o
    0x0803d454   0x00000064   Code   RO         3339    i.store_sflash      eep.o
    0x0803d4b8   0x0000008c   Code   RO         2452    i.store_strip_info  com.o
    0x0803d544   0x00000078   Code   RO         3340    i.store_strip_no    eep.o
    0x0803d5bc   0x00000098   Code   RO         2453    i.store_sysid       com.o
    0x0803d654   0x00000148   Code   RO         2454    i.store_userid      com.o
    0x0803d79c   0x00000044   Code   RO         3341    i.store_vars        eep.o
    0x0803d7e0   0x000000f4   Code   RO        10624    i.sync_fs           ff.o
    0x0803d8d4   0x00000060   Code   RO        10625    i.sync_window       ff.o
    0x0803d934   0x000001b8   Code   RO         2455    i.system_decode     com.o
    0x0803daec   0x00000678   Code   RO         1048    i.tch_QC            touch.o
    0x0803e164   0x0000009c   Code   RO         1049    i.tch_QC_return     touch.o
    0x0803e200   0x000000ec   Code   RO         1050    i.tch_change_pr_set  touch.o
    0x0803e2ec   0x00000064   Code   RO         1051    i.tch_check         touch.o
    0x0803e350   0x00000610   Code   RO         1052    i.tch_date_set      touch.o
    0x0803e960   0x00000a38   Code   RO         1053    i.tch_datetime      touch.o
    0x0803f398   0x0000023c   Code   RO         1054    i.tch_digit_pr      touch.o
    0x0803f5d4   0x0000000e   Code   RO         1055    i.tch_error         touch.o
    0x0803f5e2   0x00000002   PAD
    0x0803f5e4   0x0000015c   Code   RO         1056    i.tch_error_confirm  touch.o
    0x0803f740   0x00000200   Code   RO         1057    i.tch_home          touch.o
    0x0803f940   0x000001a4   Code   RO         1058    i.tch_input_password  touch.o
    0x0803fae4   0x000003b8   Code   RO         1059    i.tch_maintanence   touch.o
    0x0803fe9c   0x00000034   Code   RO         1060    i.tch_maintanence_Confirm  touch.o
    0x0803fed0   0x00000138   Code   RO         1061    i.tch_maintanence_Reset  touch.o
    0x08040008   0x00000060   Code   RO         1062    i.tch_maintanence_cali  touch.o
    0x08040068   0x00000060   Code   RO         1063    i.tch_maintanence_font  touch.o
    0x080400c8   0x0000022c   Code   RO         1064    i.tch_maintanence_fw  touch.o
    0x080402f4   0x00000060   Code   RO         1065    i.tch_maintanence_image  touch.o
    0x08040354   0x00000160   Code   RO         1066    i.tch_maintanence_password  touch.o
    0x080404b4   0x000000dc   Code   RO         1067    i.tch_maintanence_serial  touch.o
    0x08040590   0x000003c4   Code   RO         1068    i.tch_measure       touch.o
    0x08040954   0x00000260   Code   RO         1069    i.tch_mem_delete    touch.o
    0x08040bb4   0x00000294   Code   RO         1070    i.tch_mem_set       touch.o
    0x08040e48   0x000001b0   Code   RO         1071    i.tch_mem_view      touch.o
    0x08040ff8   0x000004cc   Code   RO         1072    i.tch_memory        touch.o
    0x080414c4   0x00000504   Code   RO         1073    i.tch_oper_new      touch.o
    0x080419c8   0x000001d8   Code   RO         1074    i.tch_oper_set      touch.o
    0x08041ba0   0x00000334   Code   RO         1075    i.tch_printupload   touch.o
    0x08041ed4   0x000003a4   Code   RO         1076    i.tch_qc_set        touch.o
    0x08042278   0x000003c4   Code   RO         1077    i.tch_qc_set_strip  touch.o
    0x0804263c   0x0000039c   Code   RO         1078    i.tch_qc_wait       touch.o
    0x080429d8   0x00000154   Code   RO         1079    i.tch_read          touch.o
    0x08042b2c   0x00000218   Code   RO         1080    i.tch_setting       touch.o
    0x08042d44   0x00000108   Code   RO         1081    i.tch_strip_set     touch.o
    0x08042e4c   0x00000034   Code   RO         1082    i.tch_syschk_confirm  touch.o
    0x08042e80   0x00000640   Code   RO         1083    i.tch_sysset        touch.o
    0x080434c0   0x00000108   Code   RO         1084    i.tch_sysset_Restart  touch.o
    0x080435c8   0x000000f0   Code   RO         1085    i.tch_sysset_return  touch.o
    0x080436b8   0x00000234   Code   RO         1086    i.tch_system_chk    touch.o
    0x080438ec   0x000002fc   Code   RO         1087    i.tch_test          touch.o
    0x08043be8   0x0000009c   Code   RO         1088    i.tch_test_return   touch.o
    0x08043c84   0x00000238   Code   RO         1089    i.tch_test_set      touch.o
    0x08043ebc   0x000001e4   Code   RO         1090    i.tch_test_set_color  touch.o
    0x080440a0   0x000002a4   Code   RO         1091    i.tch_test_set_strip  touch.o
    0x08044344   0x00000208   Code   RO         1092    i.tch_test_set_turbi  touch.o
    0x0804454c   0x000001e4   Code   RO         1093    i.tch_test_wait     touch.o
    0x08044730   0x00000738   Code   RO         1094    i.tch_time_set      touch.o
    0x08044e68   0x000001cc   Code   RO         1095    i.tch_unit          touch.o
    0x08045034   0x000000c4   Code   RO         3713    i.time_copy         lcd.o
    0x080450f8   0x000000b0   Code   RO           10    i.time_loop         main.o
    0x080451a8   0x0000026c   Code   RO         1645    i.type_pr_name      dsp.o
    0x08045414   0x000000e4   Code   RO         1096    i.update_bmp        touch.o
    0x080454f8   0x00000042   Code   RO        10626    i.validate          ff.o
    0x0804553a   0x00000002   PAD
    0x0804553c   0x00000080   Code   RO         2121    i.view_result_store  meas.o
    0x080455bc   0x00000018   Code   RO         2915    i.wait_tx2          usart.o
    0x080455d4   0x00000018   Code   RO         2916    i.wait_tx3          usart.o
    0x080455ec   0x00000018   Code   RO         2917    i.wait_tx4          usart.o
    0x08045604   0x00000018   Code   RO         2918    i.wait_tx5          usart.o
    0x0804561c   0x0000000c   Code   RO         3342    i.write24           eep.o
    0x08045628   0x00000010   Code   RO         3343    i.write24w          eep.o
    0x08045638   0x000000d0   Code   RO          344    i.writeFR256        resm.o
    0x08045708   0x00000070   Code   RO          345    i.writeFR4k         resm.o
    0x08045778   0x00000040   Code   RO          346    i.writeRTC          resm.o
    0x080457b8   0x00000280   Code   RO         3160    i.write_bmp         flash.o
    0x08045a38   0x00000030   Code   RO         3344    i.write_id_chksum   eep.o
    0x08045a68   0x000000fc   Code   RO         3345    i.write_intflash    eep.o
    0x08045b64   0x00000070   Code   RO         3346    i.write_sflash      eep.o
    0x08045bd4   0x000001e4   Code   RO         3347    i.write_vars        eep.o
    0x08045db8   0x00000197   Data   RO          584    .constdata          usbh_hid_usr.o
    0x08045f4f   0x000001ce   Data   RO          918    .constdata          usbh_msc_usr.o
    0x0804611d   0x00000001   PAD
    0x0804611e   0x00000ffe   Data   RO         1098    .constdata          touch.o
    0x0804711c   0x0000001e   Data   RO         1647    .constdata          dsp.o
    0x0804713a   0x00000002   PAD
    0x0804713c   0x00004bcc   Data   RO         2124    .constdata          meas.o
    0x0804bd08   0x00000046   Data   RO         3162    .constdata          flash.o
    0x0804bd4e   0x0000061e   Data   RO         4076    .constdata          para.o
    0x0804c36c   0x000000a8   Data   RO         4132    .constdata          stm324x9i_eval.o
    0x0804c414   0x000000b0   Data   RO         4769    .constdata          32f429_port.o
    0x0804c4c4   0x000001ec   Data   RO        10102    .constdata          usbh_hid_keybd.o
    0x0804c6b0   0x00000011   Data   RO         3715    .conststring        lcd.o
    0x0804c6c1   0x0000043e   Data   RO         4077    .conststring        para.o
    0x0804caff   0x00000001   PAD
    0x0804cb00   0x00000020   Data   RO        11295    Region$$Table       anon$$obj.o


    Execution Region RW_IRAM1 (Base: 0x20000000, Size: 0x0002e860, Max: 0x00030000, ABSOLUTE, COMPRESSED[0x00000678])

    Base Addr    Size         Type   Attr      Idx    E Section Name        Object

    0x20000000   0x00000015   Data   RW           11    .data               main.o
    0x20000015   0x00000001   PAD
    0x20000016   0x0000002f   Data   RW          348    .data               resm.o
    0x20000045   0x00000003   PAD
    0x20000048   0x0000004c   Data   RW          585    .data               usbh_hid_usr.o
    0x20000094   0x00000088   Data   RW          919    .data               usbh_msc_usr.o
    0x2000011c   0x00000146   Data   RW         1099    .data               touch.o
    0x20000262   0x0000043b   Data   RW         1648    .data               dsp.o
    0x2000069d   0x00000001   PAD
    0x2000069e   0x00000114   Data   RW         2125    .data               meas.o
    0x200007b2   0x00000002   PAD
    0x200007b4   0x000000a8   Data   RW         2310    .data               sysadj.o
    0x2000085c   0x00000008   Data   RW         2456    .data               com.o
    0x20000864   0x0000001c   Data   RW         2687    .data               tm_adc.o
    0x20000880   0x0000005c   Data   RW         2920    .data               usart.o
    0x200008dc   0x0000001c   Data   RW         3163    .data               flash.o
    0x200008f8   0x00000030   Data   RW         3349    .data               eep.o
    0x20000928   0x0000003c   Data   RW         3716    .data               lcd.o
    0x20000964   0x00000960   Data   RW         4078    .data               para.o
    0x200012c4   0x00000054   Data   RW         4133    .data               stm324x9i_eval.o
    0x20001318   0x00000075   Data   RW         4770    .data               32f429_port.o
    0x2000138d   0x00000010   Data   RW         7721    .data               stm32f4xx_rcc.o
    0x2000139d   0x00000003   PAD
    0x200013a0   0x00000005   Data   RW         9387    .data               usb_bsp.o
    0x200013a5   0x00000003   PAD
    0x200013a8   0x0000001e   Data   RW         9856    .data               usbh_core.o
    0x200013c6   0x00000002   PAD
    0x200013c8   0x0000001c   Data   RW        10031    .data               usbh_hid_core.o
    0x200013e4   0x0000001f   Data   RW        10103    .data               usbh_hid_keybd.o
    0x20001403   0x00000001   PAD
    0x20001404   0x0000000c   Data   RW        10137    .data               usbh_hid_mouse.o
    0x20001410   0x00000015   Data   RW        10253    .data               usbh_msc_bot.o
    0x20001425   0x00000003   PAD
    0x20001428   0x0000001e   Data   RW        10308    .data               usbh_msc_core.o
    0x20001446   0x00000001   Data   RW        10359    .data               usbh_msc_fatfs.o
    0x20001447   0x00000001   Data   RW        10416    .data               usbh_msc_scsi.o
    0x20001448   0x00000003   Data   RW        10483    .data               usbh_stdreq.o
    0x2000144b   0x00000001   PAD
    0x2000144c   0x00000006   Data   RW        10627    .data               ff.o
    0x20001452   0x00000002   Data   RW        10856    .data               usb_file.o
    0x20001454   0x0000000a   Data   RW        10922    .data               usb.o
    0x2000145e   0x00000002   PAD
    0x20001460   0x00002100   Zero   RW          347    .bss                resm.o
    0x20003560   0x0000001e   Zero   RW          583    .bss                usbh_hid_usr.o
    0x2000357e   0x0000002d   Zero   RW         1097    .bss                touch.o
    0x200035ab   0x00000001   PAD
    0x200035ac   0x00018eec   Zero   RW         1646    .bss                dsp.o
    0x2001c498   0x000045ba   Zero   RW         2123    .bss                meas.o
    0x20020a52   0x00000c20   Zero   RW         2919    .bss                usart.o
    0x20021672   0x00002800   Zero   RW         3161    .bss                flash.o
    0x20023e72   0x000014fc   Zero   RW         3348    .bss                eep.o
    0x2002536e   0x000009c0   Zero   RW         3714    .bss                lcd.o
    0x20025d2e   0x00001b12   Zero   RW         4075    .bss                para.o
    0x20027840   0x00001000   Zero   RW         4837    .bss                fsmc_nand.o
    0x20028840   0x000000a6   Zero   RW        10030    .bss                usbh_hid_core.o
    0x200288e6   0x00000002   PAD
    0x200288e8   0x00000040   Zero   RW        10252    .bss                usbh_msc_bot.o
    0x20028928   0x0000004a   Zero   RW        10307    .bss                usbh_msc_core.o
    0x20028972   0x00000002   PAD
    0x20028974   0x00000410   Zero   RW        10415    .bss                usbh_msc_scsi.o
    0x20028d84   0x00000200   Zero   RW        10482    .bss                usbh_stdreq.o
    0x20028f84   0x00004854   Zero   RW        10854    .bss                usb_file.o
    0x2002d7d8   0x00000c88   Zero   RW        10921    .bss                usb.o
    0x2002e460   0x00000400   Zero   RW         4915    STACK               startup_stm32f40xx.o


==============================================================================

Image component sizes


      Code (inc. data)   RO Data    RW Data    ZI Data      Debug   Object Name

       930        114        176        117          0       9039   32f429_port.o
      5654       1694          0          8          0      19352   com.o
     20760       2956         30       1083     102124      58197   dsp.o
     12916       3794          0         48       5372      38167   eep.o
      5766         46          0          6          0      31596   ff.o
      6018       1594         70         28      10240      17512   flash.o
      1370         82          0          0       4096      10097   fsmc_nand.o
      3688        258         17         60       2496      23833   lcd.o
      2582        462          0         21          0     244813   main.o
     18020       2976      19404        276      17850      31475   meas.o
       140         22          0          0          0       1799   misc.o
       164         80       2652       2400       6930       2039   para.o
      3630        430          0         47       8448      20706   resm.o
        36          8        392          0       1024        936   startup_stm32f40xx.o
       272         48        168         84          0       5599   stm324x9i_eval.o
       324         22          0          0          0       3563   stm32f4xx_adc.o
       574         72          0          0          0      14106   stm32f4xx_flash.o
       304         28          0          0          0       3042   stm32f4xx_fmc.o
       240          0          0          0          0       3979   stm32f4xx_gpio.o
        66         12          0          0          0       9032   stm32f4xx_it.o
       424         54          0         16          0       7068   stm32f4xx_rcc.o
       428         38          0          0          0       6278   stm32f4xx_tim.o
       272          8          0          0          0       3635   stm32f4xx_usart.o
      6048       1334          0        168          0      11304   sysadj.o
       392         40          0          0          0       1621   system_stm32f4xx.o
      1188        164          0         28          0     299882   tm_adc.o
     34172       4150       4094        326         45     315590   touch.o
      3524        676          0         92       3104      20629   usart.o
       316        164          0         10       3208       3627   usb.o
       780         48          0          5          0       7092   usb_bsp.o
      3118         18          0          0          0      42267   usb_core.o
      1288        484          0          2      18516       4198   usb_file.o
       210          0          0          0          0       5579   usb_hcd.o
      3692         16          0          0          0      10219   usb_hcd_int.o
      1726         48          0         30          0      17593   usbh_core.o
       390          0          0          0          0      24324   usbh_hcs.o
      1530        360          0         28        166       8616   usbh_hid_core.o
       348         44        492         31          0       3885   usbh_hid_keybd.o
        40          6          0         12          0       3655   usbh_hid_mouse.o
       728        352        407         76         30     356799   usbh_hid_usr.o
       680          0          0          0          0       5958   usbh_ioreq.o
      1324        106          0         21         64       6529   usbh_msc_bot.o
      1228        366          0         30         74       5629   usbh_msc_core.o
       392         52          0          1          0       5480   usbh_msc_fatfs.o
      1312         88          0          1       1040       6864   usbh_msc_scsi.o
       682        372        462        136          0      11469   usbh_msc_usr.o
       982         12          0          3        512      10129   usbh_stdreq.o

    ----------------------------------------------------------------------
    150762      23698      28400       5216     185344    1754801   Object Totals
         0          0         32          0          0          0   (incl. Generated)
        94          0          4         22          5          0   (incl. Padding)

    ----------------------------------------------------------------------

      Code (inc. data)   RO Data    RW Data    ZI Data      Debug   Library Member Name

        96          0          0          0          0          0   __dclz77c.o
         0          0          0          0          0          0   entry.o
         0          0          0          0          0          0   entry10a.o
         0          0          0          0          0          0   entry11a.o
         8          4          0          0          0          0   entry2.o
         4          0          0          0          0          0   entry5.o
         0          0          0          0          0          0   entry7b.o
         0          0          0          0          0          0   entry8b.o
         8          4          0          0          0          0   entry9a.o
        30          0          0          0          0          0   handlers.o
        36          8          0          0          0         68   init.o
         0          0          0          0          0          0   iusefp.o
        30          0          0          0          0         68   llshl.o
        36          0          0          0          0         68   llsshr.o
        32          0          0          0          0         68   llushr.o
      2296         92          0          0          0        592   printfa.o
        18          0          0          0          0         68   strcpy.o
        36          0          0          0          0         80   strstr.o
        44          0          0          0          0         80   uidiv.o
        98          0          0          0          0         92   uldiv.o
        40          2          0          0          0         68   cdrcmple.o
       334          0          0          0          0        148   dadd.o
       222          0          0          0          0        100   ddiv.o
       190          0          0          0          0        176   depilogue.o
        50          0          0          0          0         76   dfixui.o
        48          0          0          0          0         68   dfixul.o
        26          0          0          0          0         76   dfltui.o
       228          0          0          0          0         96   dmul.o

    ----------------------------------------------------------------------
      3910        110          0          0          0       1992   Library Totals
         0          0          0          0          0          0   (incl. Padding)

    ----------------------------------------------------------------------

      Code (inc. data)   RO Data    RW Data    ZI Data      Debug   Library Name

      2772        108          0          0          0       1184   mc_w.l
      1138          2          0          0          0        808   mf_w.l

    ----------------------------------------------------------------------
      3910        110          0          0          0       1992   Library Totals

    ----------------------------------------------------------------------

==============================================================================


      Code (inc. data)   RO Data    RW Data    ZI Data      Debug   

    154672      23808      28400       5216     185344    1688801   Grand Totals
    154672      23808      28400       1656     185344    1688801   ELF Image Totals (compressed)
    154672      23808      28400       1656          0          0   ROM Totals

==============================================================================

    Total RO  Size (Code + RO Data)               183072 ( 178.78kB)
    Total RW  Size (RW Data + ZI Data)            190560 ( 186.09kB)
    Total ROM Size (Code + RO Data + RW Data)     184728 ( 180.40kB)

==============================================================================

