ARM Linker, 5.03 [Build 76] [MDK-ARM Professional]

==============================================================================

Section Cross References

    main.o(i.chk_strip) refers to usart.o(i.get_cmd2) for get_cmd2
    main.o(i.chk_strip) refers to usart.o(i.printf5) for printf5
    main.o(i.chk_strip) refers to usart.o(.data) for rxw2
    main.o(i.chk_strip) refers to touch.o(.data) for cs_step
    main.o(i.chk_strip) refers to main.o(.data) for cs_data
    main.o(i.main) refers to port.o(i.PORT_Config) for PORT_Config
    main.o(i.main) refers to port.o(i.DSW_Init) for DSW_Init
    main.o(i.main) refers to resm.o(i.init_RAM) for init_RAM
    main.o(i.main) refers to usart.o(i.TIM_Config) for TIM_Config
    main.o(i.main) refers to usart.o(i.TIM_SetUsec) for TIM_SetUsec
    main.o(i.main) refers to usart.o(i.USART_Config) for USART_Config
    main.o(i.main) refers to lcd.o(i.init_lcd) for init_lcd
    main.o(i.main) refers to usart.o(i.printf5) for printf5
    main.o(i.main) refers to stm32f4xx_rcc.o(i.RCC_GetClocksFreq) for RCC_GetClocksFreq
    main.o(i.main) refers to tm_adc.o(i.init_ADC) for init_ADC
    main.o(i.main) refers to resm.o(i.initRTC) for initRTC
    main.o(i.main) refers to resm.o(i.FMC_NAND_Check) for FMC_NAND_Check
    main.o(i.main) refers to resm.o(i.move_BMP) for move_BMP
    main.o(i.main) refers to resm.o(i.move_FONT) for move_FONT
    main.o(i.main) refers to lcd.o(i.LCDbmpxx) for LCDbmpxx
    main.o(i.main) refers to dsp.o(i.dsp_first) for dsp_first
    main.o(i.main) refers to resm.o(i.test_flash) for test_flash
    main.o(i.main) refers to usb.o(i.USB_Init) for USB_Init
    main.o(i.main) refers to port.o(i.PORT_LEDTog) for PORT_LEDTog
    main.o(i.main) refers to main.o(i.time_loop) for time_loop
    main.o(i.main) refers to main.o(i.tch_read) for tch_read
    main.o(i.main) refers to main.o(i.chk_strip) for chk_strip
    main.o(i.main) refers to main.o(i.mt_loop) for mt_loop
    main.o(i.main) refers to usart.o(i.rcv_loop) for rcv_loop
    main.o(i.main) refers to usb.o(i.USB_Process) for USB_Process
    main.o(i.main) refers to usb_file.o(i.USBFatReady) for USBFatReady
    main.o(i.main) refers to usb_file.o(i.ExploreUSB) for ExploreUSB
    main.o(i.main) refers to resm.o(.data) for meas_size
    main.o(i.main) refers to usart.o(.data) for MS10
    main.o(i.main) refers to touch.o(.data) for cs_wait
    main.o(i.main) refers to usbh_hid_usr.o(.data) for new_barcode
    main.o(i.main) refers to usbh_hid_usr.o(.bss) for barcode
    main.o(i.meas_loop) refers to usart.o(i.printf5) for printf5
    main.o(i.meas_loop) refers to usart.o(i.get_cmd4) for get_cmd4
    main.o(i.meas_loop) refers to resm.o(.data) for meas_flag
    main.o(i.meas_loop) refers to resm.o(.bss) for meas_buff
    main.o(i.meas_loop) refers to usart.o(.data) for rxw4
    main.o(i.meas_save) refers to usart.o(i.get_cmd1) for get_cmd1
    main.o(i.meas_save) refers to resm.o(.data) for meas_pnt
    main.o(i.meas_save) refers to resm.o(.bss) for meas_buff
    main.o(i.meas_save) refers to usart.o(.data) for rxw1
    main.o(i.mt_loop) refers to usart.o(i.printf5) for printf5
    main.o(i.mt_loop) refers to resm.o(i.push_strip) for push_strip
    main.o(i.mt_loop) refers to port.o(i.PORT_LEDOff) for PORT_LEDOff
    main.o(i.mt_loop) refers to dsp.o(i.dsp_strip) for dsp_strip
    main.o(i.mt_loop) refers to resm.o(i.move_strip) for move_strip
    main.o(i.mt_loop) refers to port.o(i.PORT_LEDOn) for PORT_LEDOn
    main.o(i.mt_loop) refers to usart.o(i.sav_cmd1) for sav_cmd1
    main.o(i.mt_loop) refers to touch.o(.data) for flag_run
    main.o(i.mt_loop) refers to tm_adc.o(.data) for strip_adc
    main.o(i.tch_read) refers to usart.o(i.printf5) for printf5
    main.o(i.tch_read) refers to touch.o(i.key_decode) for key_decode
    main.o(i.tch_read) refers to main.o(.data) for push_tch
    main.o(i.tch_read) refers to tm_adc.o(.data) for yp_adc
    main.o(i.tch_read) refers to touch.o(.data) for tchx
    main.o(i.time_loop) refers to port.o(i.PORT_LEDTog) for PORT_LEDTog
    main.o(i.time_loop) refers to 32f429_lcd.o(i.LCD_Clear) for LCD_Clear
    main.o(i.time_loop) refers to usart.o(i.printf5) for printf5
    main.o(i.time_loop) refers to lcd.o(i.LCDbmpxx) for LCDbmpxx
    main.o(i.time_loop) refers to lcd.o(i.out_line_16) for out_line_16
    main.o(i.time_loop) refers to lcd.o(i.out_line_24) for out_line_24
    main.o(i.time_loop) refers to lcd.o(i.out_line_32) for out_line_32
    main.o(i.time_loop) refers to lcd.o(i.out_line_40) for out_line_40
    main.o(i.time_loop) refers to lcd.o(i.out_line_48) for out_line_48
    main.o(i.time_loop) refers to lcd.o(i.out_line_56) for out_line_56
    main.o(i.time_loop) refers to lcd.o(i.out_line_64) for out_line_64
    main.o(i.time_loop) refers to resm.o(i.readAllRTC) for readAllRTC
    main.o(i.time_loop) refers to usart.o(.data) for MS500
    main.o(i.time_loop) refers to main.o(.data) for even500
[...]
    USBH_USR_DeInit                          0x08025c29   Thumb Code     8  usbh_msc_usr.o(i.USBH_USR_DeInit)
    USBH_USR_DeviceAddressAssigned           0x08025c35   Thumb Code     2  usbh_msc_usr.o(i.USBH_USR_DeviceAddressAssigned)
    USBH_USR_DeviceAttached                  0x08025c39   Thumb Code    10  usbh_msc_usr.o(i.USBH_USR_DeviceAttached)
    USBH_USR_DeviceDisconnected              0x08025c49   Thumb Code    22  usbh_msc_usr.o(i.USBH_USR_DeviceDisconnected)
    USBH_USR_DeviceNotSupported              0x08025c6d   Thumb Code    10  usbh_msc_usr.o(i.USBH_USR_DeviceNotSupported)
    USBH_USR_DeviceSpeedDetected             0x08025ca9   Thumb Code    46  usbh_msc_usr.o(i.USBH_USR_DeviceSpeedDetected)
    USBH_USR_Device_DescAvailable            0x08025ce9   Thumb Code    24  usbh_msc_usr.o(i.USBH_USR_Device_DescAvailable)
    USBH_USR_EnumerationDone                 0x08025d21   Thumb Code    16  usbh_msc_usr.o(i.USBH_USR_EnumerationDone)
    USBH_USR_Init                            0x08025d39   Thumb Code     8  usbh_msc_usr.o(i.USBH_USR_Init)
    USBH_USR_MSC_Application                 0x08025d45   Thumb Code    62  usbh_msc_usr.o(i.USBH_USR_MSC_Application)
    USBH_USR_Manufacturer_String             0x08025de1   Thumb Code    14  usbh_msc_usr.o(i.USBH_USR_Manufacturer_String)
    USBH_USR_OverCurrentDetected             0x08025e11   Thumb Code    10  usbh_msc_usr.o(i.USBH_USR_OverCurrentDetected)
    USBH_USR_Product_String                  0x08025e3d   Thumb Code    14  usbh_msc_usr.o(i.USBH_USR_Product_String)
    USBH_USR_ResetDevice                     0x08025e65   Thumb Code     8  usbh_msc_usr.o(i.USBH_USR_ResetDevice)
    USBH_USR_SerialNum_String                0x08025e71   Thumb Code    14  usbh_msc_usr.o(i.USBH_USR_SerialNum_String)
    USBH_USR_UnrecoveredError                0x08025ea1   Thumb Code    10  usbh_msc_usr.o(i.USBH_USR_UnrecoveredError)
    USBH_USR_UserInput                       0x08025eb1   Thumb Code     4  usbh_msc_usr.o(i.USBH_USR_UserInput)
    USB_Init                                 0x08025eb5   Thumb Code   100  usb.o(i.USB_Init)
    USB_OTG_BSP_ConfigVBUS                   0x08025f41   Thumb Code   140  usb_bsp.o(i.USB_OTG_BSP_ConfigVBUS)
    USB_OTG_BSP_DriveVBUS                    0x08025fd5   Thumb Code    64  usb_bsp.o(i.USB_OTG_BSP_DriveVBUS)
    USB_OTG_BSP_EnableInterrupt              0x0802601d   Thumb Code    86  usb_bsp.o(i.USB_OTG_BSP_EnableInterrupt)
    USB_OTG_BSP_Init                         0x08026075   Thumb Code   182  usb_bsp.o(i.USB_OTG_BSP_Init)
    USB_OTG_BSP_TimerIRQ                     0x08026165   Thumb Code    48  usb_bsp.o(i.USB_OTG_BSP_TimerIRQ)
    USB_OTG_BSP_mDelay                       0x0802619d   Thumb Code    14  usb_bsp.o(i.USB_OTG_BSP_mDelay)
    USB_OTG_BSP_uDelay                       0x080261ab   Thumb Code    14  usb_bsp.o(i.USB_OTG_BSP_uDelay)
    USB_OTG_CoreInit                         0x080261b9   Thumb Code   306  usb_core.o(i.USB_OTG_CoreInit)
    USB_OTG_CoreInitHost                     0x080262eb   Thumb Code   284  usb_core.o(i.USB_OTG_CoreInitHost)
    USB_OTG_DisableGlobalInt                 0x08026475   Thumb Code    34  usb_core.o(i.USB_OTG_DisableGlobalInt)
    USB_OTG_DriveVbus                        0x08026497   Thumb Code    92  usb_core.o(i.USB_OTG_DriveVbus)
    USB_OTG_EnableGlobalInt                  0x08026527   Thumb Code    34  usb_core.o(i.USB_OTG_EnableGlobalInt)
    USB_OTG_EnableHostInt                    0x08026549   Thumb Code   132  usb_core.o(i.USB_OTG_EnableHostInt)
    USB_OTG_FlushRxFifo                      0x080265cd   Thumb Code    70  usb_core.o(i.USB_OTG_FlushRxFifo)
    USB_OTG_FlushTxFifo                      0x08026619   Thumb Code    80  usb_core.o(i.USB_OTG_FlushTxFifo)
    USB_OTG_GetMode                          0x0802666d   Thumb Code    12  usb_core.o(i.USB_OTG_GetMode)
    USB_OTG_HC_DoPing                        0x08026679   Thumb Code    90  usb_core.o(i.USB_OTG_HC_DoPing)
    USB_OTG_HC_Halt                          0x080266d3   Thumb Code   154  usb_core.o(i.USB_OTG_HC_Halt)
    USB_OTG_HC_Init                          0x0802676d   Thumb Code   568  usb_core.o(i.USB_OTG_HC_Init)
    USB_OTG_HC_StartXfer                     0x080269a5   Thumb Code   502  usb_core.o(i.USB_OTG_HC_StartXfer)
    USB_OTG_InitFSLSPClkSel                  0x08026b9b   Thumb Code    24  usb_core.o(i.USB_OTG_InitFSLSPClkSel)
    USB_OTG_IsEvenFrame                      0x08026bb3   Thumb Code    16  usb_core.o(i.USB_OTG_IsEvenFrame)
    USB_OTG_IsHostMode                       0x08026bc3   Thumb Code    20  usb_core.o(i.USB_OTG_IsHostMode)
    USB_OTG_ReadCoreItr                      0x08026bd7   Thumb Code    16  usb_core.o(i.USB_OTG_ReadCoreItr)
    USB_OTG_ReadHPRT0                        0x08026be7   Thumb Code    48  usb_core.o(i.USB_OTG_ReadHPRT0)
    USB_OTG_ReadHostAllChannels_intr         0x08026c17   Thumb Code     8  usb_core.o(i.USB_OTG_ReadHostAllChannels_intr)
    USB_OTG_ReadPacket                       0x08026c1f   Thumb Code    40  usb_core.o(i.USB_OTG_ReadPacket)
    USB_OTG_ResetPort                        0x08026c47   Thumb Code    64  usb_core.o(i.USB_OTG_ResetPort)
    USB_OTG_SelectCore                       0x08026c89   Thumb Code   208  usb_core.o(i.USB_OTG_SelectCore)
    USB_OTG_SetCurrentMode                   0x08026d5d   Thumb Code    78  usb_core.o(i.USB_OTG_SetCurrentMode)
    USB_OTG_WritePacket                      0x08027b75   Thumb Code    64  usb_core.o(i.USB_OTG_WritePacket)
    USB_Process                              0x08027bb5   Thumb Code    36  usb.o(i.USB_Process)
    USR_KEYBRD_Init                          0x08027be9   Thumb Code    10  usbh_hid_usr.o(i.USR_KEYBRD_Init)
    USR_KEYBRD_ProcessData                   0x08027bf9   Thumb Code    94  usbh_hid_usr.o(i.USR_KEYBRD_ProcessData)
    USR_MOUSE_Init                           0x08027ca5   Thumb Code     2  usbh_hid_usr.o(i.USR_MOUSE_Init)
    USR_MOUSE_ProcessData                    0x08027ca7   Thumb Code     2  usbh_hid_usr.o(i.USR_MOUSE_ProcessData)
    Uart_Send5                               0x08027ca9   Thumb Code    32  usart.o(i.Uart_Send5)
    UsageFault_Handler                       0x08027cd1   Thumb Code     4  stm32f4xx_it.o(i.UsageFault_Handler)
    __0sprintf                               0x08027cd5   Thumb Code    34  printfa.o(i.__0sprintf)
    __1sprintf                               0x08027cd5   Thumb Code     0  printfa.o(i.__0sprintf)
    __2sprintf                               0x08027cd5   Thumb Code     0  printfa.o(i.__0sprintf)
    __c89sprintf                             0x08027cd5   Thumb Code     0  printfa.o(i.__0sprintf)
    sprintf                                  0x08027cd5   Thumb Code     0  printfa.o(i.__0sprintf)
    __0vsprintf                              0x08027cfd   Thumb Code    30  printfa.o(i.__0vsprintf)
    __1vsprintf                              0x08027cfd   Thumb Code     0  printfa.o(i.__0vsprintf)
    __2vsprintf                              0x08027cfd   Thumb Code     0  printfa.o(i.__0vsprintf)
    __c89vsprintf                            0x08027cfd   Thumb Code     0  printfa.o(i.__0vsprintf)
    vsprintf                                 0x08027cfd   Thumb Code     0  printfa.o(i.__0vsprintf)
    __scatterload_copy                       0x08027d21   Thumb Code    14  handlers.o(i.__scatterload_copy)
    __scatterload_null                       0x08027d2f   Thumb Code     2  handlers.o(i.__scatterload_null)
    __scatterload_zeroinit                   0x08027d31   Thumb Code    14  handlers.o(i.__scatterload_zeroinit)
    adc_loop                                 0x080285ed   Thumb Code   392  tm_adc.o(i.adc_loop)
    bcd2bin2                                 0x080287a9   Thumb Code    20  resm.o(i.bcd2bin2)
    blankFR4K                                0x080287bd   Thumb Code    44  resm.o(i.blankFR4K)
    chk_strip                                0x08028899   Thumb Code   264  main.o(i.chk_strip)
    clust2sect                               0x080289d9   Thumb Code    32  ff.o(i.clust2sect)
    dataRTC                                  0x08028c49   Thumb Code    56  resm.o(i.dataRTC)
    delay_FR                                 0x08028ca9   Thumb Code    18  resm.o(i.delay_FR)
    delay_ms                                 0x08028cbd   Thumb Code    28  resm.o(i.delay_ms)
    delay_us                                 0x08028cdd   Thumb Code    16  resm.o(i.delay_us)
    disk_initialize                          0x08029095   Thumb Code    30  usbh_msc_fatfs.o(i.disk_initialize)
    disk_ioctl                               0x080290bd   Thumb Code    86  usbh_msc_fatfs.o(i.disk_ioctl)
    disk_read                                0x0802911d   Thumb Code    96  usbh_msc_fatfs.o(i.disk_read)
    disk_status                              0x08029189   Thumb Code    14  usbh_msc_fatfs.o(i.disk_status)
    disk_write                               0x0802919d   Thumb Code   110  usbh_msc_fatfs.o(i.disk_write)
    draw_box                                 0x08029219   Thumb Code   104  lcd.o(i.draw_box)
    dsp_first                                0x08029285   Thumb Code   278  dsp.o(i.dsp_first)
    dsp_strip                                0x080293cd   Thumb Code   100  dsp.o(i.dsp_strip)
    eraseFR                                  0x08029435   Thumb Code    78  resm.o(i.eraseFR)
    eraseFR4K                                0x080294a1   Thumb Code   122  resm.o(i.eraseFR4K)
    f_close                                  0x0802951b   Thumb Code    34  ff.o(i.f_close)
    f_mount                                  0x0802953d   Thumb Code    90  ff.o(i.f_mount)
    f_open                                   0x0802959d   Thumb Code   378  ff.o(i.f_open)
    f_opendir                                0x08029717   Thumb Code   128  ff.o(i.f_opendir)
    f_read                                   0x08029797   Thumb Code   494  ff.o(i.f_read)
    f_readdir                                0x08029985   Thumb Code    92  ff.o(i.f_readdir)
    f_sync                                   0x080299e1   Thumb Code   206  ff.o(i.f_sync)
    get_cmd2                                 0x08029f21   Thumb Code    18  usart.o(i.get_cmd2)
    get_cmd5                                 0x08029f3d   Thumb Code    20  usart.o(i.get_cmd5)
    get_fat                                  0x08029f59   Thumb Code   238  ff.o(i.get_fat)
    get_fattime                              0x0802a047   Thumb Code     4  usbh_msc_fatfs.o(i.get_fattime)
    get_max_wide                             0x0802a105   Thumb Code    26  resm.o(i.get_max_wide)
    initRTC                                  0x0802a121   Thumb Code   258  resm.o(i.initRTC)
    init_ADC                                 0x0802a25d   Thumb Code    36  tm_adc.o(i.init_ADC)
    init_RAM                                 0x0802a289   Thumb Code    28  resm.o(i.init_RAM)
    init_lcd                                 0x0802a2bd   Thumb Code    44  lcd.o(i.init_lcd)
    kdelay                                   0x0802a2f5   Thumb Code    38  main.o(i.kdelay)
    key_buzzer                               0x0802a31b   Thumb Code     2  touch.o(i.key_buzzer)
    key_decode                               0x0802a31d   Thumb Code    44  touch.o(i.key_decode)
    line_box                                 0x0802a371   Thumb Code   364  lcd.o(i.line_box)
    main                                     0x0802a4e1   Thumb Code   308  main.o(i.main)
    move_BMP                                 0x0802a719   Thumb Code   240  resm.o(i.move_BMP)
    move_FONT                                0x0802a85d   Thumb Code   492  resm.o(i.move_FONT)
    move_font16                              0x0802aadd   Thumb Code    60  resm.o(i.move_font16)
    move_font24                              0x0802ab25   Thumb Code    62  resm.o(i.move_font24)
    move_font32                              0x0802ab71   Thumb Code    62  resm.o(i.move_font32)
    move_font40                              0x0802abbd   Thumb Code    62  resm.o(i.move_font40)
    move_font48                              0x0802ac09   Thumb Code    62  resm.o(i.move_font48)
    move_font56                              0x0802ac55   Thumb Code    62  resm.o(i.move_font56)
    move_font64                              0x0802aca1   Thumb Code    62  resm.o(i.move_font64)
    move_strip                               0x0802aced   Thumb Code    16  resm.o(i.move_strip)
    mt_loop                                  0x0802ad3d   Thumb Code   310  main.o(i.mt_loop)
    out_line_16                              0x0802aed5   Thumb Code    66  lcd.o(i.out_line_16)
    out_line_24                              0x0802af17   Thumb Code    66  lcd.o(i.out_line_24)
    out_line_32                              0x0802af59   Thumb Code    66  lcd.o(i.out_line_32)
    out_line_40                              0x0802af9b   Thumb Code    66  lcd.o(i.out_line_40)
    out_line_48                              0x0802afdd   Thumb Code    66  lcd.o(i.out_line_48)
    out_line_56                              0x0802b01f   Thumb Code    66  lcd.o(i.out_line_56)
    out_line_64                              0x0802b061   Thumb Code    66  lcd.o(i.out_line_64)
    out_text_16e                             0x0802b0a5   Thumb Code   184  lcd.o(i.out_text_16e)
    out_text_24e                             0x0802b16d   Thumb Code   202  lcd.o(i.out_text_24e)
    out_text_32e                             0x0802b249   Thumb Code   204  lcd.o(i.out_text_32e)
    out_text_40e                             0x0802b325   Thumb Code   338  lcd.o(i.out_text_40e)
    out_text_48e                             0x0802b489   Thumb Code   366  lcd.o(i.out_text_48e)
    out_text_56e                             0x0802b609   Thumb Code   392  lcd.o(i.out_text_56e)
    out_text_64e                             0x0802b7a1   Thumb Code   416  lcd.o(i.out_text_64e)
    printf5                                  0x0802b951   Thumb Code    34  usart.o(i.printf5)
    push_strip                               0x0802b979   Thumb Code    16  resm.o(i.push_strip)
    put_fat                                  0x0802b991   Thumb Code   330  ff.o(i.put_fat)
    rcv_loop                                 0x0802badd   Thumb Code   522  usart.o(i.rcv_loop)
    readAllRTC                               0x0802bd99   Thumb Code   100  resm.o(i.readAllRTC)
    readFR                                   0x0802be15   Thumb Code   372  resm.o(i.readFR)
    readFR4k                                 0x0802bf8d   Thumb Code   414  resm.o(i.readFR4k)
    readRTC                                  0x0802c139   Thumb Code    64  resm.o(i.readRTC)
    read_jedec                               0x0802c179   Thumb Code   160  resm.o(i.read_jedec)
    read_stat                                0x0802c249   Thumb Code   102  resm.o(i.read_stat)
    run_format                               0x0802c335   Thumb Code   448  resm.o(i.run_format)
    sav_cmd1                                 0x0802c641   Thumb Code    18  usart.o(i.sav_cmd1)
    sendFR                                   0x0802c65d   Thumb Code   198  resm.o(i.sendFR)
    sendRTC                                  0x0802c723   Thumb Code    64  resm.o(i.sendRTC)
    sendWRSR                                 0x0802c763   Thumb Code   100  resm.o(i.sendWRSR)
    send_ck                                  0x0802c7c7   Thumb Code    28  resm.o(i.send_ck)
    send_clk02                               0x0802c7e3   Thumb Code    28  resm.o(i.send_clk02)
    stepa_loop                               0x0802c811   Thumb Code   376  usart.o(i.stepa_loop)
    stepb_loop                               0x0802c995   Thumb Code   382  usart.o(i.stepb_loop)
    store_bmp                                0x0802cb21   Thumb Code   152  resm.o(i.store_bmp)
    store_font                               0x0802cbdd   Thumb Code   560  resm.o(i.store_font)
    strext                                   0x0802cef5   Thumb Code   102  usb_file.o(i.strext)
    tch_check                                0x0802d0b1   Thumb Code    90  touch.o(i.tch_check)
    tch_main                                 0x0802d115   Thumb Code   368  touch.o(i.tch_main)
    tch_menu                                 0x0802d2fd   Thumb Code     2  touch.o(i.tch_menu)
    tch_read                                 0x0802d301   Thumb Code   170  main.o(i.tch_read)
    tch_set                                  0x0802d3d5   Thumb Code     2  touch.o(i.tch_set)
    test_flash                               0x0802d3d9   Thumb Code   310  resm.o(i.test_flash)
    test_usb_file                            0x0802d591   Thumb Code    38  touch.o(i.test_usb_file)
    time_loop                                0x0802d5b9   Thumb Code   386  main.o(i.time_loop)
    usb_store_pf                             0x0802d835   Thumb Code   342  usb_file.o(i.usb_store_pf)
    usb_store_program                        0x0802da21   Thumb Code     2  usb_file.o(i.usb_store_program)
    wait_tx5                                 0x0802da65   Thumb Code    16  usart.o(i.wait_tx5)
    writeFR256                               0x0802da7d   Thumb Code   196  resm.o(i.writeFR256)
    writeRTC                                 0x0802db4d   Thumb Code    64  resm.o(i.writeRTC)
    write_bmp                                0x0802db8d   Thumb Code   470  resm.o(i.write_bmp)
    BARCODE_MAX                              0x0802de50   Data           1  usbh_hid_usr.o(.constdata)
    MSG_HOST_INIT                            0x0802de51   Data          36  usbh_hid_usr.o(.constdata)
    MSG_HID_DEV_ATTACHED                     0x0802de75   Data          27  usbh_hid_usr.o(.constdata)
    MSG_HID_DEV_DISCONNECTED                 0x0802de90   Data          31  usbh_hid_usr.o(.constdata)
    MSG_HID_DEV_ENUMERATED                   0x0802deaf   Data          33  usbh_hid_usr.o(.constdata)
    MSG_HID_DEV_HIGHSPEED                    0x0802ded0   Data          38  usbh_hid_usr.o(.constdata)
    MSG_HID_DEV_FULLSPEED                    0x0802def6   Data          38  usbh_hid_usr.o(.constdata)
    MSG_HID_DEV_LOWSPEED                     0x0802df1c   Data          37  usbh_hid_usr.o(.constdata)
    MSG_HID_DEV_ERROR                        0x0802df41   Data          25  usbh_hid_usr.o(.constdata)
    MSG_HID_CLASS                            0x0802df5a   Data          32  usbh_hid_usr.o(.constdata)
    USB_HID_MouseStatus                      0x0802df7a   Data          35  usbh_hid_usr.o(.constdata)
    USB_HID_KeybrdStatus                     0x0802df9d   Data          39  usbh_hid_usr.o(.constdata)
    MSG_UNREC_ERROR                          0x0802dfc4   Data          35  usbh_hid_usr.o(.constdata)
    MSG_DEV_ATTACHED                         0x0802dfe7   Data          28  usbh_msc_usr.o(.constdata)
    MSG_DEV_DISCONNECTED                     0x0802e003   Data          31  usbh_msc_usr.o(.constdata)
    MSG_DEV_ENUMERATED                       0x0802e022   Data          34  usbh_msc_usr.o(.constdata)
    MSG_DEV_HIGHSPEED                        0x0802e044   Data          38  usbh_msc_usr.o(.constdata)
    MSG_DEV_FULLSPEED                        0x0802e06a   Data          38  usbh_msc_usr.o(.constdata)
    MSG_DEV_LOWSPEED                         0x0802e090   Data          37  usbh_msc_usr.o(.constdata)
    MSG_DEV_ERROR                            0x0802e0b5   Data          25  usbh_msc_usr.o(.constdata)
    MSG_MSC_CLASS                            0x0802e0ce   Data          41  usbh_msc_usr.o(.constdata)
    MSG_DISK_SIZE                            0x0802e0f7   Data          40  usbh_msc_usr.o(.constdata)
    MSG_LUN                                  0x0802e11f   Data          40  usbh_msc_usr.o(.constdata)
    MSG_ROOT_CONT                            0x0802e147   Data          36  usbh_msc_usr.o(.constdata)
    MSG_WR_PROTECT                           0x0802e16b   Data          39  usbh_msc_usr.o(.constdata)
    MSG_MSC_UNREC_ERROR                      0x0802e192   Data          35  usbh_msc_usr.o(.constdata)
    COM_USART_CLK                            0x0802e1b8   Data          28  stm324x9i_eval.o(.constdata)
    COM_TX_PORT_CLK                          0x0802e1d4   Data          28  stm324x9i_eval.o(.constdata)
    COM_RX_PORT_CLK                          0x0802e1f0   Data          28  stm324x9i_eval.o(.constdata)
    COM_TX_PIN                               0x0802e20c   Data          14  stm324x9i_eval.o(.constdata)
    COM_RX_PIN                               0x0802e21a   Data          14  stm324x9i_eval.o(.constdata)
    COM_TX_PIN_SOURCE                        0x0802e228   Data          14  stm324x9i_eval.o(.constdata)
    COM_RX_PIN_SOURCE                        0x0802e236   Data          14  stm324x9i_eval.o(.constdata)
    COM_TX_AF                                0x0802e244   Data          14  stm324x9i_eval.o(.constdata)
    COM_RX_AF                                0x0802e252   Data          14  stm324x9i_eval.o(.constdata)
    GPIO_PIN                                 0x0802e260   Data          60  port.o(.constdata)
    GPIO_CLK                                 0x0802e29c   Data         120  port.o(.constdata)
    Region$$Table$$Base                      0x0802e514   Number         0  anon$$obj.o(Region$$Table)
    Region$$Table$$Limit                     0x0802e534   Number         0  anon$$obj.o(Region$$Table)
    ReRun                                    0x20000000   Data           4  main.o(.data)
    tt                                       0x20000004   Data           4  main.o(.data)
    meas_dly                                 0x20000008   Data           1  main.o(.data)
    bm_dly                                   0x20000009   Data           1  main.o(.data)
    bm_pnt                                   0x2000000a   Data           1  main.o(.data)
    even500                                  0x2000000c   Data           2  main.o(.data)
    push_tch                                 0x2000000e   Data           1  main.o(.data)
    pull_tch                                 0x2000000f   Data           1  main.o(.data)
    cs_data                                  0x20000010   Data           2  main.o(.data)
    ds_fault                                 0x20000014   Data           1  resm.o(.data)
    run_stepa                                0x20000016   Data           2  resm.o(.data)
    run_stepb                                0x20000018   Data           2  resm.o(.data)
    meas_pnt                                 0x2000001a   Data           2  resm.o(.data)
    meas_size                                0x2000001c   Data           2  resm.o(.data)
    meas_step                                0x2000001e   Data           1  resm.o(.data)
    meas_wait                                0x2000001f   Data           1  resm.o(.data)
    meas_flag                                0x20000020   Data           1  resm.o(.data)
    setyear                                  0x20000021   Data           1  resm.o(.data)
    setmonth                                 0x20000022   Data           1  resm.o(.data)
    setday                                   0x20000023   Data           1  resm.o(.data)
    sethour                                  0x20000024   Data           1  resm.o(.data)
    setmin                                   0x20000025   Data           1  resm.o(.data)
    setsec                                   0x20000026   Data           1  resm.o(.data)
    year                                     0x20000027   Data           1  resm.o(.data)
    month                                    0x20000028   Data           1  resm.o(.data)
    day                                      0x20000029   Data           1  resm.o(.data)
    hour                                     0x2000002a   Data           1  resm.o(.data)
    min                                      0x2000002b   Data           1  resm.o(.data)
    sec                                      0x2000002c   Data           1  resm.o(.data)
    time_flag                                0x2000002d   Data           1  resm.o(.data)
    testrtc                                  0x2000002e   Data           1  resm.o(.data)
    ENG40ADR                                 0x20000030   Data           4  resm.o(.data)
    ENG48ADR                                 0x20000034   Data           4  resm.o(.data)
    ENG56ADR                                 0x20000038   Data           4  resm.o(.data)
    ENG64ADR                                 0x2000003c   Data           4  resm.o(.data)
    Fstat                                    0x20000040   Data           1  resm.o(.data)
    text_SEQ_NO                              0x20000044   Data           4  lcd.o(.data)
    text_ID_NO                               0x20000048   Data           4  lcd.o(.data)
    LCDx_res                                 0x2000004c   Data           4  lcd.o(.data)
    LCDy_res                                 0x20000050   Data           4  lcd.o(.data)
    LCDx_bpp_res                             0x20000054   Data           4  lcd.o(.data)
    RASTNO                                   0x20000058   Data           1  lcd.o(.data)
    ENG32ADR                                 0x2000005c   Data           4  lcd.o(.data)
    HAN32ADR                                 0x20000060   Data           4  lcd.o(.data)
    ENG24ADR                                 0x20000064   Data           4  lcd.o(.data)
    HAN24ADR                                 0x20000068   Data           4  lcd.o(.data)
    ENG16ADR                                 0x2000006c   Data           4  lcd.o(.data)
    HAN16ADR                                 0x20000070   Data           4  lcd.o(.data)
    FIG32ADR                                 0x20000074   Data           4  lcd.o(.data)
    ENG20ADR                                 0x20000078   Data           4  lcd.o(.data)
    LcdBuffer                                0x2000007c   Data           4  lcd.o(.data)
    STRIPNO                                  0x20000080   Data           1  lcd.o(.data)
    USBH_USR_ApplicationState                0x20000081   Data           1  usb.o(.data)
    USBFS_EnumDone                           0x20000082   Data           1  usb.o(.data)
    USBHS_EnumDone                           0x20000083   Data           1  usb.o(.data)
    HS_DemoDisconnHandled                    0x20000084   Data           1  usb.o(.data)
    FS_DemoDisconnHandled                    0x20000085   Data           1  usb.o(.data)
    demo                                     0x20000086   Data           5  usb.o(.data)
    DEMO_StartHID                            0x2000008c   Data           1  usbh_hid_usr.o(.data)
    new_barcode                              0x2000008d   Data           1  usbh_hid_usr.o(.data)
    barcode_counter                          0x2000008e   Data           1  usbh_hid_usr.o(.data)
    USR_HID_cb                               0x20000090   Data          72  usbh_hid_usr.o(.data)
    line_idx                                 0x200000d8   Data           1  usbh_msc_usr.o(.data)
    writeTextBuff                            0x200000d9   Data          62  usbh_msc_usr.o(.data)
    USR_MSC_cb                               0x20000118   Data          72  usbh_msc_usr.o(.data)
    file_count                               0x20000160   Data           1  usb_file.o(.data)
    res                                      0x20000161   Data           1  usb_file.o(.data)
    cs_move                                  0x20000162   Data           2  touch.o(.data)
    tch_main_tb                              0x20000164   Data          48  touch.o(.data)
    modex                                    0x20000194   Data           2  touch.o(.data)
    flag_run                                 0x20000196   Data           2  touch.o(.data)
    tchx                                     0x20000198   Data           2  touch.o(.data)
    tchy                                     0x2000019a   Data           2  touch.o(.data)
    mt_tick                                  0x2000019c   Data           2  touch.o(.data)
    mt_step                                  0x2000019e   Data           2  touch.o(.data)
    mt_wait                                  0x200001a0   Data           2  touch.o(.data)
    cs_have                                  0x200001a2   Data           1  touch.o(.data)
    cs_none                                  0x200001a3   Data           1  touch.o(.data)
    cs_flag                                  0x200001a4   Data           1  touch.o(.data)
    cs_step                                  0x200001a5   Data           1  touch.o(.data)
    cs_wait                                  0x200001a6   Data           1  touch.o(.data)
    tcode                                    0x200001a8   Data           2  touch.o(.data)
    Read                                     0x200001aa   Data           2  dma2.o(.data)
    NVIC_InitStruct                          0x200001ac   Data           4  dma2.o(.data)
    Write                                    0x200001b0   Data           2  dma2.o(.data)
    flag_dam2                                0x200001b2   Data           1  dma2.o(.data)
    scan_adc                                 0x200001bc   Data           1  tm_adc.o(.data)
    cnt_adc                                  0x200001bd   Data           1  tm_adc.o(.data)
    ntc_adc                                  0x200001be   Data           2  tm_adc.o(.data)
    xp_adc                                   0x200001c0   Data           2  tm_adc.o(.data)
    yp_adc                                   0x200001c2   Data           2  tm_adc.o(.data)
    strip_adc                                0x200001c4   Data           2  tm_adc.o(.data)
    ntc_sum                                  0x200001c6   Data           2  tm_adc.o(.data)
    xp_sum                                   0x200001c8   Data           2  tm_adc.o(.data)
    yp_sum                                   0x200001ca   Data           2  tm_adc.o(.data)
    strip_sum                                0x200001cc   Data           2  tm_adc.o(.data)
    dscan                                    0x200001d0   Data           1  usart.o(.data)
    TIM_delay                                0x200001d4   Data           4  usart.o(.data)
    evenodd                                  0x200001d8   Data           1  usart.o(.data)
    evenod2                                  0x200001d9   Data           1  usart.o(.data)
    evenod3                                  0x200001da   Data           1  usart.o(.data)
    rxw3                                     0x200001dc   Data           2  usart.o(.data)
    rxr3                                     0x200001de   Data           2  usart.o(.data)
    txw3                                     0x200001e0   Data           2  usart.o(.data)
    txr3                                     0x200001e2   Data           2  usart.o(.data)
    rxw4                                     0x200001e4   Data           2  usart.o(.data)
    rxr4                                     0x200001e6   Data           2  usart.o(.data)
    txw4                                     0x200001e8   Data           2  usart.o(.data)
    txr4                                     0x200001ea   Data           2  usart.o(.data)
    rxw5                                     0x200001ec   Data           2  usart.o(.data)
    rxr5                                     0x200001ee   Data           2  usart.o(.data)
    txw5                                     0x200001f0   Data           2  usart.o(.data)
    txr5                                     0x200001f2   Data           2  usart.o(.data)
    dly_phsw2                                0x200001f4   Data           2  usart.o(.data)
    dly_phsw3                                0x200001f6   Data           2  usart.o(.data)
    rxw1                                     0x200001f8   Data           1  usart.o(.data)
    rxr1                                     0x200001f9   Data           1  usart.o(.data)
    txw1                                     0x200001fa   Data           1  usart.o(.data)
    txr1                                     0x200001fb   Data           1  usart.o(.data)
    rxw2                                     0x200001fc   Data           1  usart.o(.data)
    rxr2                                     0x200001fd   Data           1  usart.o(.data)
    txw2                                     0x200001fe   Data           1  usart.o(.data)
    txr2                                     0x200001ff   Data           1  usart.o(.data)
    rxw6                                     0x20000200   Data           1  usart.o(.data)
    rxr6                                     0x20000201   Data           1  usart.o(.data)
    txw6                                     0x20000202   Data           1  usart.o(.data)
    txr6                                     0x20000203   Data           1  usart.o(.data)
    rxw7                                     0x20000204   Data           1  usart.o(.data)
    rxr7                                     0x20000205   Data           1  usart.o(.data)
    txw7                                     0x20000206   Data           1  usart.o(.data)
    txr7                                     0x20000207   Data           1  usart.o(.data)
    usec_delay                               0x20000208   Data           2  usart.o(.data)
    MS10                                     0x2000020a   Data           2  usart.o(.data)
    MS500                                    0x2000020c   Data           2  usart.o(.data)
    rcv_wait                                 0x2000020e   Data           2  usart.o(.data)
    rcv_step                                 0x20000210   Data           2  usart.o(.data)
    rcv_size                                 0x20000214   Data           4  usart.o(.data)
    rcv_sum                                  0x20000218   Data           4  usart.o(.data)
    rcvwp                                    0x2000021c   Data           4  usart.o(.data)
    delay_150                                0x20000220   Data           4  usart.o(.data)
    meas_sum                                 0x20000224   Data           2  usart.o(.data)
    usbpnt                                   0x20000228   Data           4  usart.o(.data)
    dly_stepa                                0x2000022c   Data           2  usart.o(.data)
    dly_stepb                                0x2000022e   Data           2  usart.o(.data)
    tx5delay                                 0x20000230   Data           1  usart.o(.data)
    COM_USART                                0x20000234   Data          28  stm324x9i_eval.o(.data)
    COM_TX_PORT                              0x20000250   Data          28  stm324x9i_eval.o(.data)
    COM_RX_PORT                              0x2000026c   Data          28  stm324x9i_eval.o(.data)
    GPIO_PORT                                0x20000288   Data         120  port.o(.data)
    BSP_delay                                0x20000310   Data           4  usb_bsp.o(.data)
    HSEStartUpStatus                         0x20000314   Data           1  usb_bsp.o(.data)
    USBH_HCD_INT_cb                          0x20000318   Data          20  usbh_core.o(.data)
    USBH_HCD_INT_fops                        0x2000032c   Data           4  usbh_core.o(.data)
    suspend_flag                             0x20000330   Data           4  usbh_core.o(.data)
    start_toggle                             0x20000338   Data           1  usbh_hid_core.o(.data)
    HID_cb                                   0x2000033c   Data          16  usbh_hid_core.o(.data)
    HID_Setup                                0x2000034c   Data           8  usbh_hid_core.o(.data)
    HID_KEYBRD_cb                            0x20000354   Data           8  usbh_hid_keybd.o(.data)
    HID_MOUSE_cb                             0x20000374   Data           8  usbh_hid_mouse.o(.data)
    HID_MOUSE_Data                           0x2000037c   Data           4  usbh_hid_mouse.o(.data)
    MSCErrorCount                            0x20000398   Data           1  usbh_msc_core.o(.data)
    USBH_MSC_cb                              0x2000039c   Data          16  usbh_msc_core.o(.data)
    MSC_Setup                                0x200003ae   Data           8  usbh_msc_core.o(.data)
    meas_buff                                0x200003c4   Data        6000  resm.o(.bss)
    tsst_buff                                0x20001b34   Data        6000  resm.o(.bss)
    blu_buff                                 0x200032a4   Data        1776  resm.o(.bss)
    red_buff                                 0x20003994   Data        1776  resm.o(.bss)
    grn_buff                                 0x20004084   Data        1776  resm.o(.bss)
    BMP_TB                                   0x20004774   Data        2048  resm.o(.bss)
    NAND_TB                                  0x20004f74   Data        2048  resm.o(.bss)
    FONT_HEAD                                0x20005774   Data        4096  resm.o(.bss)
    flash_buff                               0x20006774   Data        4096  resm.o(.bss)
    flash_read                               0x20007774   Data        4096  resm.o(.bss)
    buff256                                  0x20008774   Data         256  resm.o(.bss)
    STORE_RAM                                0x20008874   Data        4096  resm.o(.bss)
    size16                                   0x20009874   Data         128  lcd.o(.bss)
    size24                                   0x200098f4   Data         128  lcd.o(.bss)
    size32                                   0x20009974   Data         128  lcd.o(.bss)
    size40                                   0x200099f4   Data         128  lcd.o(.bss)
    size48                                   0x20009a74   Data         128  lcd.o(.bss)
    size56                                   0x20009af4   Data         128  lcd.o(.bss)
    size64                                   0x20009b74   Data         128  lcd.o(.bss)
    top_str                                  0x20009bf4   Data          64  lcd.o(.bss)
    bmp_head                                 0x20009c34   Data        1536  lcd.o(.bss)
    USB_OTG_Core                             0x2000a234   Data        1456  usb.o(.bss)
    USB_Host                                 0x2000a7e4   Data         148  usb.o(.bss)
    USB_OTG_FS_Core                          0x2000a878   Data        1456  usb.o(.bss)
    USB_FS_Host                              0x2000ae28   Data         148  usb.o(.bss)
    barcode                                  0x2000aebc   Data          30  usbh_hid_usr.o(.bss)
    usb_read_buffer                          0x2000aedc   Data       16384  usb_file.o(.bss)
    usb_write_buffer                         0x2000eedc   Data        1024  usb_file.o(.bss)
    fatfs                                    0x2000f2dc   Data         560  usb_file.o(.bss)
    file                                     0x2000f50c   Data         548  usb_file.o(.bss)
    nandTxBuffer                             0x2000f730   Data        2048  fsmc_nand.o(.bss)
    nandRxBuffer                             0x2000ff30   Data        2048  fsmc_nand.o(.bss)
    rx1buf                                   0x20010730   Data         256  usart.o(.bss)
    tx1buf                                   0x20010830   Data         256  usart.o(.bss)
    rx2buf                                   0x20010930   Data         256  usart.o(.bss)
    tx2buf                                   0x20010a30   Data         256  usart.o(.bss)
    rx6buf                                   0x20010b30   Data         256  usart.o(.bss)
    tx6buf                                   0x20010c30   Data         256  usart.o(.bss)
    rx7buf                                   0x20010d30   Data         256  usart.o(.bss)
    tx7buf                                   0x20010e30   Data         256  usart.o(.bss)
    string                                   0x20010f30   Data         256  usart.o(.bss)
    charbuff                                 0x20011030   Data         256  usart.o(.bss)
    rcv_buff                                 0x20011130   Data          32  usart.o(.bss)
    HID_Machine                              0x20011150   Data          84  usbh_hid_core.o(.bss)
    HID_Report                               0x200111a4   Data          72  usbh_hid_core.o(.bss)
    HID_Desc                                 0x200111ec   Data          10  usbh_hid_core.o(.bss)
    USBH_MSC_CBWData                         0x200111f8   Data          32  usbh_msc_bot.o(.bss)
    USBH_MSC_CSWData                         0x20011218   Data          16  usbh_msc_bot.o(.bss)
    USBH_MSC_BOTXferParam                    0x20011228   Data          16  usbh_msc_bot.o(.bss)
    MSC_Machine                              0x20011238   Data          74  usbh_msc_core.o(.bss)
    USBH_MSC_Param                           0x20011284   Data          16  usbh_msc_scsi.o(.bss)
    USBH_DataInBuffer                        0x20011294   Data         512  usbh_msc_scsi.o(.bss)
    USBH_DataOutBuffer                       0x20011494   Data         512  usbh_msc_scsi.o(.bss)
    USBH_CfgDesc                             0x20011694   Data         512  usbh_stdreq.o(.bss)
    __initial_sp                             0x20011c98   Data           0  startup_stm32f40xx.o(STACK)



==============================================================================

Memory Map of the image

  Image Entry point : 0x08020189

  Load Region LR_IROM1 (Base: 0x08020000, Size: 0x0000e8f8, Max: 0x00060000, ABSOLUTE, COMPRESSED[0x0000e6cc])

    Execution Region ER_IROM1 (Base: 0x08020000, Size: 0x0000e534, Max: 0x00060000, ABSOLUTE)

    Base Addr    Size         Type   Attr      Idx    E Section Name        Object

    0x08020000   0x00000188   Data   RO         2504    RESET               startup_stm32f40xx.o
    0x08020188   0x00000000   Code   RO         8687  * .ARM.Collect$$$$00000000  mc_w.l(entry.o)
    0x08020188   0x00000004   Code   RO         8951    .ARM.Collect$$$$00000001  mc_w.l(entry2.o)
    0x0802018c   0x00000004   Code   RO         8954    .ARM.Collect$$$$00000004  mc_w.l(entry5.o)
    0x08020190   0x00000000   Code   RO         8956    .ARM.Collect$$$$00000008  mc_w.l(entry7b.o)
    0x08020190   0x00000000   Code   RO         8958    .ARM.Collect$$$$0000000A  mc_w.l(entry8b.o)
    0x08020190   0x00000008   Code   RO         8959    .ARM.Collect$$$$0000000B  mc_w.l(entry9a.o)
    0x08020198   0x00000000   Code   RO         8961    .ARM.Collect$$$$0000000D  mc_w.l(entry10a.o)
    0x08020198   0x00000000   Code   RO         8963    .ARM.Collect$$$$0000000F  mc_w.l(entry11a.o)
    0x08020198   0x00000004   Code   RO         8952    .ARM.Collect$$$$00002712  mc_w.l(entry2.o)
    0x0802019c   0x00000024   Code   RO         2505    .text               startup_stm32f40xx.o
    0x080201c0   0x0000002c   Code   RO         8968    .text               mc_w.l(uidiv.o)
    0x080201ec   0x00000062   Code   RO         8970    .text               mc_w.l(uldiv.o)
    0x0802024e   0x00000000   Code   RO         8972    .text               mc_w.l(iusefp.o)
    0x0802024e   0x0000014e   Code   RO         8973    .text               mf_w.l(dadd.o)
    0x0802039c   0x000000e4   Code   RO         8975    .text               mf_w.l(dmul.o)
    0x08020480   0x000000de   Code   RO         8977    .text               mf_w.l(ddiv.o)
    0x0802055e   0x00000030   Code   RO         8979    .text               mf_w.l(dfixul.o)
    0x0802058e   0x00000002   PAD
    0x08020590   0x00000028   Code   RO         8981    .text               mf_w.l(cdrcmple.o)
    0x080205b8   0x00000024   Code   RO         8983    .text               mc_w.l(init.o)
    0x080205dc   0x0000001e   Code   RO         8986    .text               mc_w.l(llshl.o)
    0x080205fa   0x00000020   Code   RO         8988    .text               mc_w.l(llushr.o)
    0x0802061a   0x00000024   Code   RO         8990    .text               mc_w.l(llsshr.o)
    0x0802063e   0x000000be   Code   RO         8993    .text               mf_w.l(depilogue.o)
    0x080206fc   0x0000005c   Code   RO         9003    .text               mc_w.l(__dczerorl2.o)
    0x08020758   0x00000038   Code   RO         4803    i.ADC_CommonInit    stm32f4xx_adc.o
    0x08020790   0x00000054   Code   RO         4822    i.ADC_Init          stm32f4xx_adc.o
    0x080207e4   0x000000b8   Code   RO         4827    i.ADC_RegularChannelConfig  stm32f4xx_adc.o
    0x0802089c   0x0000002c   Code   RO         7218    i.BSP_Delay         usb_bsp.o
    0x080208c8   0x0000006c   Code   RO         7219    i.BSP_SetTime       usb_bsp.o
    0x08020934   0x00000004   Code   RO         2335    i.BusFault_Handler  stm32f4xx_it.o
    0x08020938   0x00000050   Code   RO         1639    i.DMA2_Stream5_IRQHandler  dma2.o
    0x08020988   0x00000016   Code   RO         6272    i.DMA_Cmd           stm32f4xx_dma.o
    0x0802099e   0x0000003a   Code   RO         6283    i.DMA_ITConfig      stm32f4xx_dma.o
    0x080209d8   0x000000a8   Code   RO         2441    i.DSW_Init          port.o
    0x08020a80   0x00000002   Code   RO         2336    i.DebugMon_Handler  stm32f4xx_it.o
    0x08020a82   0x0000000c   Code   RO          298    i.Delay1302         resm.o
    0x08020a8e   0x00000002   PAD
    0x08020a90   0x0000017c   Code   RO         1457    i.ExploreUSB        usb_file.o
    0x08020c0c   0x0000004c   Code   RO         7045    i.FMC_GetFlagStatus  stm32f4xx_fmc.o
    0x08020c58   0x0000005c   Code   RO         7049    i.FMC_NANDCmd       stm32f4xx_fmc.o
    0x08020cb4   0x00000048   Code   RO         7050    i.FMC_NANDDeInit    stm32f4xx_fmc.o
    0x08020cfc   0x0000008c   Code   RO         7052    i.FMC_NANDInit      stm32f4xx_fmc.o
    0x08020d88   0x00000038   Code   RO         1904    i.FMC_NAND_AddressIncrement  fsmc_nand.o
    0x08020dc0   0x00000164   Code   RO          299    i.FMC_NAND_Check    resm.o
    0x08020f24   0x00000050   Code   RO         1905    i.FMC_NAND_EraseBlock  fsmc_nand.o
    0x08020f74   0x0000002a   Code   RO         1906    i.FMC_NAND_GetStatus  fsmc_nand.o
    0x08020f9e   0x00000002   PAD
    0x08020fa0   0x00000174   Code   RO         1907    i.FMC_NAND_Init     fsmc_nand.o
    0x08021114   0x0000002c   Code   RO         1908    i.FMC_NAND_ReadID   fsmc_nand.o
    0x08021140   0x000000ac   Code   RO         1909    i.FMC_NAND_ReadSmallPage  fsmc_nand.o
    0x080211ec   0x000000b0   Code   RO         1910    i.FMC_NAND_ReadSpareArea  fsmc_nand.o
    0x0802129c   0x0000002c   Code   RO         1911    i.FMC_NAND_ReadStatus  fsmc_nand.o
    0x080212c8   0x000000c0   Code   RO         1914    i.FMC_NAND_WriteSmallPage  fsmc_nand.o
    0x08021388   0x000000c0   Code   RO         1915    i.FMC_NAND_WriteSpareArea  fsmc_nand.o
    0x08021448   0x00000020   Code   RO         7062    i.FMC_SDRAMCmdConfig  stm32f4xx_fmc.o
    0x08021468   0x000000fc   Code   RO         7064    i.FMC_SDRAMInit     stm32f4xx_fmc.o
    0x08021564   0x00000018   Code   RO         7068    i.FMC_SetRefreshCount  stm32f4xx_fmc.o
    0x0802157c   0x00000090   Code   RO         5189    i.GPIO_Init         stm32f4xx_gpio.o
    0x0802160c   0x00000046   Code   RO         5190    i.GPIO_PinAFConfig  stm32f4xx_gpio.o
    0x08021652   0x00000012   Code   RO         5193    i.GPIO_ReadInputDataBit  stm32f4xx_gpio.o
    0x08021664   0x00000004   Code   RO         5196    i.GPIO_ResetBits    stm32f4xx_gpio.o
    0x08021668   0x00000004   Code   RO         5197    i.GPIO_SetBits      stm32f4xx_gpio.o
    0x0802166c   0x0000000a   Code   RO         5201    i.GPIO_WriteBit     stm32f4xx_gpio.o
    0x08021676   0x0000000a   Code   RO         7530    i.HCD_GetCurrentFrame  usb_hcd.o
    0x08021680   0x00000014   Code   RO         7531    i.HCD_GetCurrentSpeed  usb_hcd.o
    0x08021694   0x0000000a   Code   RO         7533    i.HCD_GetURB_State  usb_hcd.o
    0x0802169e   0x0000000c   Code   RO         7534    i.HCD_GetXferCnt    usb_hcd.o
    0x080216aa   0x00000060   Code   RO         7536    i.HCD_Init          usb_hcd.o
    0x0802170a   0x00000008   Code   RO         7537    i.HCD_IsDeviceConnected  usb_hcd.o
    0x08021712   0x00000008   Code   RO         7538    i.HCD_IsPortEnabled  usb_hcd.o
    0x0802171a   0x0000000e   Code   RO         7539    i.HCD_ResetPort     usb_hcd.o
    0x08021728   0x00000020   Code   RO         7540    i.HCD_SubmitRequest  usb_hcd.o
    0x08021748   0x00000004   Code   RO         2337    i.HardFault_Handler  stm32f4xx_it.o
    0x0802174c   0x00000154   Code   RO         7941    i.KEYBRD_Decode     usbh_hid_keybd.o
    0x080218a0   0x00000008   Code   RO         7942    i.KEYBRD_Init       usbh_hid_keybd.o
    0x080218a8   0x00000158   Code   RO         1725    i.LCD_AF_GPIOConfig  32f429_lcd.o
    0x08021a00   0x00000020   Code   RO         1726    i.LCD_ChipSelect    32f429_lcd.o
    0x08021a20   0x00000084   Code   RO         1727    i.LCD_Clear         32f429_lcd.o
    0x08021aa4   0x0000003c   Code   RO         1730    i.LCD_CtrlLinesConfig  32f429_lcd.o
    0x08021ae0   0x00000014   Code   RO         1731    i.LCD_CtrlLinesWrite  32f429_lcd.o
    0x08021af4   0x00000090   Code   RO         1743    i.LCD_Init          32f429_lcd.o
    0x08021b84   0x0000009c   Code   RO         1744    i.LCD_LayerInit     32f429_lcd.o
    0x08021c20   0x0000001c   Code   RO         1748    i.LCD_SetLayer      32f429_lcd.o
    0x08021c3c   0x000000f4   Code   RO          650    i.LCDbmpxx          lcd.o
    0x08021d30   0x00000024   Code   RO         6809    i.LTDC_Cmd          stm32f4xx_ltdc.o
    0x08021d54   0x00000024   Code   RO         6813    i.LTDC_DitherCmd    stm32f4xx_ltdc.o
    0x08021d78   0x00000188   Code   RO         6820    i.LTDC_Init         stm32f4xx_ltdc.o
    0x08021f00   0x00000016   Code   RO         6824    i.LTDC_LayerCmd     stm32f4xx_ltdc.o
    0x08021f16   0x00000114   Code   RO         6825    i.LTDC_LayerInit    stm32f4xx_ltdc.o
    0x0802202a   0x00000002   PAD
    0x0802202c   0x0000000c   Code   RO         6831    i.LTDC_ReloadConfig  stm32f4xx_ltdc.o
    0x08022038   0x00000020   Code   RO         7976    i.MOUSE_Decode      usbh_hid_mouse.o
    0x08022058   0x00000008   Code   RO         7977    i.MOUSE_Init        usbh_hid_mouse.o
    0x08022060   0x00000004   Code   RO         2338    i.MemManage_Handler  stm32f4xx_it.o
    0x08022064   0x00000002   Code   RO         2339    i.NMI_Handler       stm32f4xx_it.o
    0x08022066   0x00000002   PAD
    0x08022068   0x00000078   Code   RO         2511    i.NVIC_Init         misc.o
    0x080220e0   0x00000014   Code   RO         2512    i.NVIC_PriorityGroupConfig  misc.o
    0x080220f4   0x00000010   Code   RO         2340    i.OTG_FS_IRQHandler  stm32f4xx_it.o
    0x08022104   0x00000010   Code   RO         2341    i.OTG_HS_IRQHandler  stm32f4xx_it.o
    0x08022114   0x000000e4   Code   RO         2443    i.PORT_Config       port.o
    0x080221f8   0x00000058   Code   RO         2444    i.PORT_LEDInit      port.o
    0x08022250   0x00000018   Code   RO         2445    i.PORT_LEDOff       port.o
    0x08022268   0x00000018   Code   RO         2446    i.PORT_LEDOn        port.o
    0x08022280   0x00000024   Code   RO         2447    i.PORT_LEDTog       port.o
    0x080222a4   0x00000002   Code   RO         2342    i.PendSV_Handler    stm32f4xx_it.o
    0x080222a6   0x00000002   PAD
    0x080222a8   0x00000020   Code   RO         5510    i.RCC_AHB1PeriphClockCmd  stm32f4xx_rcc.o
    0x080222c8   0x00000020   Code   RO         5511    i.RCC_AHB1PeriphClockLPModeCmd  stm32f4xx_rcc.o
    0x080222e8   0x00000020   Code   RO         5513    i.RCC_AHB2PeriphClockCmd  stm32f4xx_rcc.o
    0x08022308   0x00000020   Code   RO         5516    i.RCC_AHB3PeriphClockCmd  stm32f4xx_rcc.o
    0x08022328   0x00000020   Code   RO         5519    i.RCC_APB1PeriphClockCmd  stm32f4xx_rcc.o
    0x08022348   0x00000020   Code   RO         5522    i.RCC_APB2PeriphClockCmd  stm32f4xx_rcc.o
    0x08022368   0x000000e8   Code   RO         5531    i.RCC_GetClocksFreq  stm32f4xx_rcc.o
    0x08022450   0x00000040   Code   RO         5532    i.RCC_GetFlagStatus  stm32f4xx_rcc.o
    0x08022490   0x00000018   Code   RO         5542    i.RCC_LTDCCLKDivConfig  stm32f4xx_rcc.o
    0x080224a8   0x0000000c   Code   RO         5551    i.RCC_PLLSAICmd     stm32f4xx_rcc.o
    0x080224b4   0x00000018   Code   RO         5552    i.RCC_PLLSAIConfig  stm32f4xx_rcc.o
    0x080224cc   0x000001ac   Code   RO         1458    i.ReadFileFromUSB   usb_file.o
    0x08022678   0x000001f8   Code   RO         1673    i.SDRAM_GPIOConfig  32f429_sdram.o
    0x08022870   0x00000066   Code   RO         1674    i.SDRAM_Init        32f429_sdram.o
    0x080228d6   0x000000c8   Code   RO         1675    i.SDRAM_InitSequence  32f429_sdram.o
    0x0802299e   0x00000002   PAD
    0x080229a0   0x00000110   Code   RO         2308    i.STM_EVAL_COMInit  stm324x9i_eval.o
    0x08022ab0   0x00000002   Code   RO         2343    i.SVC_Handler       stm32f4xx_it.o
    0x08022ab2   0x00000002   PAD
    0x08022ab4   0x0000011c   Code   RO         2280    i.SetSysClock       system_stm32f4xx.o
    0x08022bd0   0x00000002   Code   RO         2344    i.SysTick_Handler   stm32f4xx_it.o
    0x08022bd2   0x00000002   PAD
    0x08022bd4   0x0000006c   Code   RO         2281    i.SystemInit        system_stm32f4xx.o
    0x08022c40   0x00000384   Code   RO         2100    i.TIM2_IRQHandler   usart.o
    0x08022fc4   0x00000008   Code   RO         2345    i.TIM5_IRQHandler   stm32f4xx_it.o
    0x08022fcc   0x00000018   Code   RO         4176    i.TIM_ARRPreloadConfig  stm32f4xx_tim.o
    0x08022fe4   0x00000006   Code   RO         4183    i.TIM_ClearITPendingBit  stm32f4xx_tim.o
    0x08022fea   0x00000018   Code   RO         4188    i.TIM_Cmd           stm32f4xx_tim.o
    0x08023002   0x0000002e   Code   RO         2101    i.TIM_Config        usart.o
    0x08023030   0x00000022   Code   RO         4209    i.TIM_GetITStatus   stm32f4xx_tim.o
    0x08023052   0x00000012   Code   RO         4213    i.TIM_ITConfig      stm32f4xx_tim.o
    0x08023064   0x0000005c   Code   RO         2103    i.TIM_SetUsec       usart.o
    0x080230c0   0x00000084   Code   RO         4260    i.TIM_TimeBaseInit  stm32f4xx_tim.o
    0x08023144   0x00000028   Code   RO         1998    i.TM_ADC_INT_Channel_4_Init  tm_adc.o
    0x0802316c   0x00000028   Code   RO         1999    i.TM_ADC_INT_Channel_5_Init  tm_adc.o
    0x08023194   0x00000028   Code   RO         2000    i.TM_ADC_INT_Channel_6_Init  tm_adc.o
    0x080231bc   0x00000040   Code   RO         2001    i.TM_ADC_INT_Channel_7_Init  tm_adc.o
    0x080231fc   0x0000001e   Code   RO         2002    i.TM_ADC_INT_InitPin  tm_adc.o
    0x0802321a   0x0000003e   Code   RO         2003    i.TM_ADC_Init       tm_adc.o
    0x08023258   0x000000a0   Code   RO         2004    i.TM_ADC_InitADC    tm_adc.o
    0x080232f8   0x00000018   Code   RO         6036    i.USART_Cmd         stm32f4xx_usart.o
    0x08023310   0x00000154   Code   RO         2104    i.USART_Config      usart.o
    0x08023464   0x0000001a   Code   RO         6039    i.USART_GetFlagStatus  stm32f4xx_usart.o
    0x0802347e   0x00000002   PAD
    0x08023480   0x000000d4   Code   RO         6043    i.USART_Init        stm32f4xx_usart.o
    0x08023554   0x0000000a   Code   RO         6050    i.USART_ReceiveData  stm32f4xx_usart.o
    0x0802355e   0x00000002   PAD
    0x08023560   0x00000014   Code   RO         1459    i.USBFatReady       usb_file.o
    0x08023574   0x00000026   Code   RO         7795    i.USBH_Alloc_Channel  usbh_hcs.o
    0x0802359a   0x00000060   Code   RO         8010    i.USBH_BulkReceiveData  usbh_ioreq.o
    0x080235fa   0x0000005e   Code   RO         8011    i.USBH_BulkSendData  usbh_ioreq.o
    0x08023658   0x0000004c   Code   RO         8308    i.USBH_ClrFeature   usbh_stdreq.o
    0x080236a4   0x0000000c   Code   RO         7684    i.USBH_Connected    usbh_core.o
    0x080236b0   0x00000046   Code   RO         8012    i.USBH_CtlReceiveData  usbh_ioreq.o
    0x080236f6   0x00000064   Code   RO         8013    i.USBH_CtlReq       usbh_ioreq.o
    0x0802375a   0x0000006e   Code   RO         8014    i.USBH_CtlSendData  usbh_ioreq.o
    0x080237c8   0x00000042   Code   RO         8015    i.USBH_CtlSendSetup  usbh_ioreq.o
    0x0802380a   0x0000001c   Code   RO         7796    i.USBH_DeAllocate_AllChannel  usbh_hcs.o
    0x08023826   0x0000003a   Code   RO         7685    i.USBH_DeInit       usbh_core.o
    0x08023860   0x0000000c   Code   RO         7686    i.USBH_Disconnected  usbh_core.o
    0x0802386c   0x0000002e   Code   RO         7687    i.USBH_ErrorHandle  usbh_core.o
    0x0802389a   0x0000001e   Code   RO         7797    i.USBH_Free_Channel  usbh_hcs.o
    0x080238b8   0x00000044   Code   RO         8309    i.USBH_GetDescriptor  usbh_stdreq.o
    0x080238fc   0x00000028   Code   RO         7798    i.USBH_GetFreeChannel  usbh_hcs.o
    0x08023924   0x00000012   Code   RO         8310    i.USBH_GetNextDesc  usbh_stdreq.o
    0x08023936   0x00000002   PAD
    0x08023938   0x0000006c   Code   RO         8311    i.USBH_Get_CfgDesc  usbh_stdreq.o
    0x080239a4   0x00000038   Code   RO         8312    i.USBH_Get_DevDesc  usbh_stdreq.o
    0x080239dc   0x00000028   Code   RO         7861    i.USBH_Get_HID_Descriptor  usbh_hid_core.o
    0x08023a04   0x00000028   Code   RO         7862    i.USBH_Get_HID_ReportDescriptor  usbh_hid_core.o
    0x08023a2c   0x0000003c   Code   RO         8313    i.USBH_Get_StringDesc  usbh_stdreq.o
    0x08023a68   0x000000b0   Code   RO         7863    i.USBH_HID_ClassRequest  usbh_hid_core.o
    0x08023b18   0x00000104   Code   RO         7864    i.USBH_HID_Handle   usbh_hid_core.o
    0x08023c1c   0x00000068   Code   RO         7865    i.USBH_HID_InterfaceDeInit  usbh_hid_core.o
    0x08023c84   0x00000304   Code   RO         7866    i.USBH_HID_InterfaceInit  usbh_hid_core.o
    0x08023f88   0x00000020   Code   RO         1169    i.USBH_HID_USR_Configuration_DescAvailable  usbh_hid_usr.o
    0x08023fa8   0x00000002   Code   RO         1170    i.USBH_HID_USR_DeInit  usbh_hid_usr.o
    0x08023faa   0x00000002   Code   RO         1171    i.USBH_HID_USR_DeviceAddressAssigned  usbh_hid_usr.o
    0x08023fac   0x00000010   Code   RO         1172    i.USBH_HID_USR_DeviceAttached  usbh_hid_usr.o
    0x08023fbc   0x00000018   Code   RO         1173    i.USBH_HID_USR_DeviceDisconnected  usbh_hid_usr.o
    0x08023fd4   0x00000030   Code   RO         1174    i.USBH_HID_USR_DeviceNotSupported  usbh_hid_usr.o
    0x08024004   0x00000040   Code   RO         1175    i.USBH_HID_USR_DeviceSpeedDetected  usbh_hid_usr.o
    0x08024044   0x00000048   Code   RO         1176    i.USBH_HID_USR_Device_DescAvailable  usbh_hid_usr.o
    0x0802408c   0x00000018   Code   RO         1177    i.USBH_HID_USR_EnumerationDone  usbh_hid_usr.o
    0x080240a4   0x00000002   Code   RO         1178    i.USBH_HID_USR_Init  usbh_hid_usr.o
    0x080240a6   0x00000002   PAD
    0x080240a8   0x0000003c   Code   RO         1179    i.USBH_HID_USR_Manufacturer_String  usbh_hid_usr.o
    0x080240e4   0x00000030   Code   RO         1180    i.USBH_HID_USR_OverCurrentDetected  usbh_hid_usr.o
    0x08024114   0x00000034   Code   RO         1181    i.USBH_HID_USR_Product_String  usbh_hid_usr.o
    0x08024148   0x00000002   Code   RO         1182    i.USBH_HID_USR_ResetDevice  usbh_hid_usr.o
    0x0802414a   0x00000002   PAD
    0x0802414c   0x0000003c   Code   RO         1183    i.USBH_HID_USR_SerialNum_String  usbh_hid_usr.o
    0x08024188   0x00000010   Code   RO         1184    i.USBH_HID_USR_UnrecoveredError  usbh_hid_usr.o
    0x08024198   0x00000004   Code   RO         1185    i.USBH_HID_USR_UserInput  usbh_hid_usr.o
    0x0802419c   0x0000022c   Code   RO         7688    i.USBH_HandleControl  usbh_core.o
    0x080243c8   0x000001e4   Code   RO         7689    i.USBH_HandleEnum   usbh_core.o
    0x080245ac   0x00000034   Code   RO         7690    i.USBH_Init         usbh_core.o
    0x080245e0   0x00000078   Code   RO         8016    i.USBH_InterruptReceiveData  usbh_ioreq.o
    0x08024658   0x00000060   Code   RO         8089    i.USBH_MSC_BOT_Abort  usbh_msc_bot.o
    0x080246b8   0x00000014   Code   RO         8142    i.USBH_MSC_ClassRequest  usbh_msc_core.o
    0x080246cc   0x00000080   Code   RO         8090    i.USBH_MSC_DecodeCSW  usbh_msc_bot.o
    0x0802474c   0x00000044   Code   RO         8143    i.USBH_MSC_ErrorHandle  usbh_msc_core.o
    0x08024790   0x0000002c   Code   RO         8144    i.USBH_MSC_GETMaxLUN  usbh_msc_core.o
    0x080247bc   0x00000184   Code   RO         8145    i.USBH_MSC_Handle   usbh_msc_core.o
    0x08024940   0x00000408   Code   RO         8091    i.USBH_MSC_HandleBOTXfer  usbh_msc_bot.o
    0x08024d48   0x00000044   Code   RO         8092    i.USBH_MSC_Init     usbh_msc_bot.o
    0x08024d8c   0x0000004c   Code   RO         8146    i.USBH_MSC_InterfaceDeInit  usbh_msc_core.o
    0x08024dd8   0x00000278   Code   RO         8147    i.USBH_MSC_InterfaceInit  usbh_msc_core.o
    0x08025050   0x000000d0   Code   RO         8250    i.USBH_MSC_ModeSense6  usbh_msc_scsi.o
    0x08025120   0x00000100   Code   RO         8251    i.USBH_MSC_Read10   usbh_msc_scsi.o
    0x08025220   0x000000dc   Code   RO         8252    i.USBH_MSC_ReadCapacity10  usbh_msc_scsi.o
    0x080252fc   0x000000e0   Code   RO         8253    i.USBH_MSC_RequestSense  usbh_msc_scsi.o
    0x080253dc   0x000000b0   Code   RO         8254    i.USBH_MSC_TestUnitReady  usbh_msc_scsi.o
    0x0802548c   0x000000e4   Code   RO         8255    i.USBH_MSC_Write10  usbh_msc_scsi.o
    0x08025570   0x00000064   Code   RO         7799    i.USBH_Modify_Channel  usbh_hcs.o
    0x080255d4   0x000000a8   Code   RO         7610    i.USBH_OTG_ISR_Handler  usb_hcd_int.o
    0x0802567c   0x0000009a   Code   RO         7800    i.USBH_Open_Channel  usbh_hcs.o
    0x08025716   0x00000002   PAD
    0x08025718   0x00000134   Code   RO         8314    i.USBH_ParseCfgDesc  usbh_stdreq.o
    0x0802584c   0x00000058   Code   RO         8315    i.USBH_ParseDevDesc  usbh_stdreq.o
    0x080258a4   0x00000020   Code   RO         8316    i.USBH_ParseEPDesc  usbh_stdreq.o
    0x080258c4   0x0000002a   Code   RO         7867    i.USBH_ParseHIDDesc  usbh_hid_core.o
    0x080258ee   0x00000026   Code   RO         8317    i.USBH_ParseInterfaceDesc  usbh_stdreq.o
    0x08025914   0x00000036   Code   RO         8318    i.USBH_ParseStringDesc  usbh_stdreq.o
    0x0802594a   0x0000000c   Code   RO         7691    i.USBH_PortDisabled  usbh_core.o
    0x08025956   0x0000000c   Code   RO         7692    i.USBH_PortEnabled  usbh_core.o
    0x08025962   0x000001dc   Code   RO         7693    i.USBH_Process      usbh_core.o
    0x08025b3e   0x00000006   Code   RO         7694    i.USBH_SOF          usbh_core.o
    0x08025b44   0x00000026   Code   RO         8319    i.USBH_SetAddress   usbh_stdreq.o
    0x08025b6a   0x00000026   Code   RO         8320    i.USBH_SetCfg       usbh_stdreq.o
    0x08025b90   0x00000030   Code   RO         7868    i.USBH_Set_Idle     usbh_hid_core.o
    0x08025bc0   0x00000030   Code   RO         7869    i.USBH_Set_Protocol  usbh_hid_core.o
    0x08025bf0   0x00000018   Code   RO         8020    i.USBH_SubmitSetupRequest  usbh_ioreq.o
    0x08025c08   0x00000020   Code   RO         1326    i.USBH_USR_Configuration_DescAvailable  usbh_msc_usr.o
    0x08025c28   0x0000000c   Code   RO         1327    i.USBH_USR_DeInit   usbh_msc_usr.o
    0x08025c34   0x00000002   Code   RO         1328    i.USBH_USR_DeviceAddressAssigned  usbh_msc_usr.o
    0x08025c36   0x00000002   PAD
    0x08025c38   0x00000010   Code   RO         1329    i.USBH_USR_DeviceAttached  usbh_msc_usr.o
    0x08025c48   0x00000024   Code   RO         1330    i.USBH_USR_DeviceDisconnected  usbh_msc_usr.o
    0x08025c6c   0x0000003c   Code   RO         1331    i.USBH_USR_DeviceNotSupported  usbh_msc_usr.o
    0x08025ca8   0x00000040   Code   RO         1332    i.USBH_USR_DeviceSpeedDetected  usbh_msc_usr.o
    0x08025ce8   0x00000038   Code   RO         1333    i.USBH_USR_Device_DescAvailable  usbh_msc_usr.o
    0x08025d20   0x00000018   Code   RO         1334    i.USBH_USR_EnumerationDone  usbh_msc_usr.o
    0x08025d38   0x0000000c   Code   RO         1335    i.USBH_USR_Init     usbh_msc_usr.o
    0x08025d44   0x0000009c   Code   RO         1336    i.USBH_USR_MSC_Application  usbh_msc_usr.o
    0x08025de0   0x00000030   Code   RO         1337    i.USBH_USR_Manufacturer_String  usbh_msc_usr.o
    0x08025e10   0x0000002c   Code   RO         1338    i.USBH_USR_OverCurrentDetected  usbh_msc_usr.o
    0x08025e3c   0x00000028   Code   RO         1339    i.USBH_USR_Product_String  usbh_msc_usr.o
    0x08025e64   0x0000000c   Code   RO         1340    i.USBH_USR_ResetDevice  usbh_msc_usr.o
    0x08025e70   0x00000030   Code   RO         1341    i.USBH_USR_SerialNum_String  usbh_msc_usr.o
    0x08025ea0   0x00000010   Code   RO         1342    i.USBH_USR_UnrecoveredError  usbh_msc_usr.o
    0x08025eb0   0x00000004   Code   RO         1343    i.USBH_USR_UserInput  usbh_msc_usr.o
    0x08025eb4   0x0000008c   Code   RO         1113    i.USB_Init          usb.o
    0x08025f40   0x00000094   Code   RO         7220    i.USB_OTG_BSP_ConfigVBUS  usb_bsp.o
    0x08025fd4   0x00000048   Code   RO         7221    i.USB_OTG_BSP_DriveVBUS  usb_bsp.o
    0x0802601c   0x00000056   Code   RO         7222    i.USB_OTG_BSP_EnableInterrupt  usb_bsp.o
    0x08026072   0x00000002   PAD
    0x08026074   0x000000c0   Code   RO         7223    i.USB_OTG_BSP_Init  usb_bsp.o
    0x08026134   0x0000002e   Code   RO         7224    i.USB_OTG_BSP_TimeInit  usb_bsp.o
    0x08026162   0x00000002   PAD
    0x08026164   0x00000038   Code   RO         7225    i.USB_OTG_BSP_TimerIRQ  usb_bsp.o
    0x0802619c   0x0000000e   Code   RO         7226    i.USB_OTG_BSP_mDelay  usb_bsp.o
    0x080261aa   0x0000000e   Code   RO         7227    i.USB_OTG_BSP_uDelay  usb_bsp.o
    0x080261b8   0x00000132   Code   RO         7300    i.USB_OTG_CoreInit  usb_core.o
    0x080262ea   0x0000011c   Code   RO         7301    i.USB_OTG_CoreInitHost  usb_core.o
    0x08026406   0x00000002   PAD
    0x08026408   0x0000006c   Code   RO         7302    i.USB_OTG_CoreReset  usb_core.o
    0x08026474   0x00000022   Code   RO         7303    i.USB_OTG_DisableGlobalInt  usb_core.o
    0x08026496   0x0000005c   Code   RO         7304    i.USB_OTG_DriveVbus  usb_core.o
    0x080264f2   0x00000034   Code   RO         7305    i.USB_OTG_EnableCommonInt  usb_core.o
    0x08026526   0x00000022   Code   RO         7306    i.USB_OTG_EnableGlobalInt  usb_core.o
    0x08026548   0x00000084   Code   RO         7307    i.USB_OTG_EnableHostInt  usb_core.o
    0x080265cc   0x0000004c   Code   RO         7308    i.USB_OTG_FlushRxFifo  usb_core.o
    0x08026618   0x00000054   Code   RO         7309    i.USB_OTG_FlushTxFifo  usb_core.o
    0x0802666c   0x0000000c   Code   RO         7310    i.USB_OTG_GetMode   usb_core.o
    0x08026678   0x0000005a   Code   RO         7311    i.USB_OTG_HC_DoPing  usb_core.o
    0x080266d2   0x0000009a   Code   RO         7312    i.USB_OTG_HC_Halt   usb_core.o
    0x0802676c   0x00000238   Code   RO         7313    i.USB_OTG_HC_Init   usb_core.o
    0x080269a4   0x000001f6   Code   RO         7314    i.USB_OTG_HC_StartXfer  usb_core.o
    0x08026b9a   0x00000018   Code   RO         7315    i.USB_OTG_InitFSLSPClkSel  usb_core.o
    0x08026bb2   0x00000010   Code   RO         7317    i.USB_OTG_IsEvenFrame  usb_core.o
    0x08026bc2   0x00000014   Code   RO         7318    i.USB_OTG_IsHostMode  usb_core.o
    0x08026bd6   0x00000010   Code   RO         7319    i.USB_OTG_ReadCoreItr  usb_core.o
    0x08026be6   0x00000030   Code   RO         7320    i.USB_OTG_ReadHPRT0  usb_core.o
    0x08026c16   0x00000008   Code   RO         7321    i.USB_OTG_ReadHostAllChannels_intr  usb_core.o
    0x08026c1e   0x00000028   Code   RO         7323    i.USB_OTG_ReadPacket  usb_core.o
    0x08026c46   0x00000040   Code   RO         7324    i.USB_OTG_ResetPort  usb_core.o
    0x08026c86   0x00000002   PAD
    0x08026c88   0x000000d4   Code   RO         7325    i.USB_OTG_SelectCore  usb_core.o
    0x08026d5c   0x0000004e   Code   RO         7326    i.USB_OTG_SetCurrentMode  usb_core.o
    0x08026daa   0x00000002   PAD
    0x08026dac   0x0000002c   Code   RO         7611    i.USB_OTG_USBH_handle_Disconnect_ISR  usb_hcd_int.o
    0x08026dd8   0x00000046   Code   RO         7612    i.USB_OTG_USBH_handle_IncompletePeriodicXfer_ISR  usb_hcd_int.o
    0x08026e1e   0x00000056   Code   RO         7613    i.USB_OTG_USBH_handle_hc_ISR  usb_hcd_int.o
    0x08026e74   0x0000041c   Code   RO         7614    i.USB_OTG_USBH_handle_hc_n_In_ISR  usb_hcd_int.o
    0x08027290   0x000003b8   Code   RO         7615    i.USB_OTG_USBH_handle_hc_n_Out_ISR  usb_hcd_int.o
    0x08027648   0x0000012e   Code   RO         7616    i.USB_OTG_USBH_handle_nptxfempty_ISR  usb_hcd_int.o
    0x08027776   0x00000002   PAD
    0x08027778   0x0000013c   Code   RO         7617    i.USB_OTG_USBH_handle_port_ISR  usb_hcd_int.o
    0x080278b4   0x0000012e   Code   RO         7618    i.USB_OTG_USBH_handle_ptxfempty_ISR  usb_hcd_int.o
    0x080279e2   0x00000164   Code   RO         7619    i.USB_OTG_USBH_handle_rx_qlvl_ISR  usb_hcd_int.o
    0x08027b46   0x00000002   PAD
    0x08027b48   0x0000002c   Code   RO         7620    i.USB_OTG_USBH_handle_sof_ISR  usb_hcd_int.o
    0x08027b74   0x00000040   Code   RO         7328    i.USB_OTG_WritePacket  usb_core.o
    0x08027bb4   0x00000034   Code   RO         1114    i.USB_Process       usb.o
    0x08027be8   0x00000010   Code   RO         1186    i.USR_KEYBRD_Init   usbh_hid_usr.o
    0x08027bf8   0x000000ac   Code   RO         1187    i.USR_KEYBRD_ProcessData  usbh_hid_usr.o
    0x08027ca4   0x00000002   Code   RO         1188    i.USR_MOUSE_Init    usbh_hid_usr.o
    0x08027ca6   0x00000002   Code   RO         1189    i.USR_MOUSE_ProcessData  usbh_hid_usr.o
    0x08027ca8   0x00000028   Code   RO         2107    i.Uart_Send5        usart.o
    0x08027cd0   0x00000004   Code   RO         2346    i.UsageFault_Handler  stm32f4xx_it.o
    0x08027cd4   0x00000028   Code   RO         8925    i.__0sprintf        mc_w.l(printfa.o)
    0x08027cfc   0x00000024   Code   RO         8929    i.__0vsprintf       mc_w.l(printfa.o)
    0x08027d20   0x0000000e   Code   RO         8997    i.__scatterload_copy  mc_w.l(handlers.o)
    0x08027d2e   0x00000002   Code   RO         8998    i.__scatterload_null  mc_w.l(handlers.o)
    0x08027d30   0x0000000e   Code   RO         8999    i.__scatterload_zeroinit  mc_w.l(handlers.o)
    0x08027d3e   0x00000002   PAD
    0x08027d40   0x0000015c   Code   RO         8930    i._fp_digits        mc_w.l(printfa.o)
    0x08027e9c   0x000006f0   Code   RO         8931    i._printf_core      mc_w.l(printfa.o)
    0x0802858c   0x00000026   Code   RO         8932    i._printf_post_padding  mc_w.l(printfa.o)
    0x080285b2   0x00000030   Code   RO         8933    i._printf_pre_padding  mc_w.l(printfa.o)
    0x080285e2   0x0000000a   Code   RO         8935    i._sputc            mc_w.l(printfa.o)
    0x080285ec   0x000001bc   Code   RO         2008    i.adc_loop          tm_adc.o
    0x080287a8   0x00000014   Code   RO          301    i.bcd2bin2          resm.o
    0x080287bc   0x00000030   Code   RO          303    i.blankFR4K         resm.o
    0x080287ec   0x00000098   Code   RO         8422    i.check_fs          ff.o
    0x08028884   0x00000014   Code   RO         8423    i.chk_chr           ff.o
    0x08028898   0x00000140   Code   RO            3    i.chk_strip         main.o
    0x080289d8   0x00000020   Code   RO         8424    i.clust2sect        ff.o
    0x080289f8   0x000000ea   Code   RO         8425    i.create_chain      ff.o
    0x08028ae2   0x00000002   PAD
    0x08028ae4   0x00000164   Code   RO         8426    i.create_name       ff.o
    0x08028c48   0x0000003c   Code   RO          305    i.dataRTC           resm.o
    0x08028c84   0x00000024   Code   RO         1678    i.delay             32f429_sdram.o
    0x08028ca8   0x00000012   Code   RO          306    i.delay_FR          resm.o
    0x08028cba   0x00000002   PAD
    0x08028cbc   0x00000020   Code   RO          307    i.delay_ms          resm.o
    0x08028cdc   0x00000010   Code   RO          308    i.delay_us          resm.o
    0x08028cec   0x00000064   Code   RO         8427    i.dir_alloc         ff.o
    0x08028d50   0x00000064   Code   RO         8428    i.dir_find          ff.o
    0x08028db4   0x00000158   Code   RO         8429    i.dir_next          ff.o
    0x08028f0c   0x0000007a   Code   RO         8430    i.dir_read          ff.o
    0x08028f86   0x00000046   Code   RO         8431    i.dir_register      ff.o
    0x08028fcc   0x000000c8   Code   RO         8433    i.dir_sdi           ff.o
    0x08029094   0x00000028   Code   RO         8194    i.disk_initialize   usbh_msc_fatfs.o
    0x080290bc   0x00000060   Code   RO         8195    i.disk_ioctl        usbh_msc_fatfs.o
    0x0802911c   0x0000006c   Code   RO         8196    i.disk_read         usbh_msc_fatfs.o
    0x08029188   0x00000014   Code   RO         8197    i.disk_status       usbh_msc_fatfs.o
    0x0802919c   0x0000007c   Code   RO         8198    i.disk_write        usbh_msc_fatfs.o
    0x08029218   0x0000006c   Code   RO          666    i.draw_box          lcd.o
    0x08029284   0x00000148   Code   RO         1609    i.dsp_first         dsp.o
    0x080293cc   0x00000068   Code   RO         1610    i.dsp_strip         dsp.o
    0x08029434   0x0000006c   Code   RO          309    i.eraseFR           resm.o
    0x080294a0   0x0000007a   Code   RO          310    i.eraseFR4K         resm.o
    0x0802951a   0x00000022   Code   RO         8435    i.f_close           ff.o
    0x0802953c   0x00000060   Code   RO         8440    i.f_mount           ff.o
    0x0802959c   0x0000017a   Code   RO         8441    i.f_open            ff.o
    0x08029716   0x00000080   Code   RO         8442    i.f_opendir         ff.o
    0x08029796   0x000001ee   Code   RO         8443    i.f_read            ff.o
    0x08029984   0x0000005c   Code   RO         8444    i.f_readdir         ff.o
    0x080299e0   0x000000ce   Code   RO         8447    i.f_sync            ff.o
    0x08029aae   0x00000002   PAD
    0x08029ab0   0x000003d4   Code   RO         8452    i.find_volume       ff.o
    0x08029e84   0x0000009c   Code   RO         8453    i.follow_path       ff.o
    0x08029f20   0x0000001c   Code   RO         2109    i.get_cmd2          usart.o
    0x08029f3c   0x0000001c   Code   RO         2112    i.get_cmd5          usart.o
    0x08029f58   0x000000ee   Code   RO         8454    i.get_fat           ff.o
    0x0802a046   0x00000004   Code   RO         8199    i.get_fattime       usbh_msc_fatfs.o
    0x0802a04a   0x00000072   Code   RO         8455    i.get_fileinfo      ff.o
    0x0802a0bc   0x00000048   Code   RO         8456    i.get_ldnumber      ff.o
    0x0802a104   0x0000001a   Code   RO          311    i.get_max_wide      resm.o
    0x0802a11e   0x00000002   PAD
    0x0802a120   0x0000013c   Code   RO          312    i.initRTC           resm.o
    0x0802a25c   0x0000002c   Code   RO         2009    i.init_ADC          tm_adc.o
    0x0802a288   0x00000034   Code   RO          313    i.init_RAM          resm.o
    0x0802a2bc   0x00000038   Code   RO          676    i.init_lcd          lcd.o
    0x0802a2f4   0x00000026   Code   RO            4    i.kdelay            main.o
    0x0802a31a   0x00000002   Code   RO         1522    i.key_buzzer        touch.o
    0x0802a31c   0x00000030   Code   RO         1524    i.key_decode        touch.o
    0x0802a34c   0x00000022   Code   RO         8457    i.ld_clust          ff.o
    0x0802a36e   0x00000002   PAD
    0x0802a370   0x00000170   Code   RO          677    i.line_box          lcd.o
    0x0802a4e0   0x000001e4   Code   RO            5    i.main              main.o
    0x0802a6c4   0x00000026   Code   RO         8458    i.mem_cmp           ff.o
    0x0802a6ea   0x0000001a   Code   RO         8459    i.mem_cpy           ff.o
    0x0802a704   0x00000014   Code   RO         8460    i.mem_set           ff.o
    0x0802a718   0x00000144   Code   RO          314    i.move_BMP          resm.o
    0x0802a85c   0x00000280   Code   RO          315    i.move_FONT         resm.o
    0x0802aadc   0x00000048   Code   RO          316    i.move_font16       resm.o
    0x0802ab24   0x0000004c   Code   RO          317    i.move_font24       resm.o
    0x0802ab70   0x0000004c   Code   RO          318    i.move_font32       resm.o
    0x0802abbc   0x0000004c   Code   RO          319    i.move_font40       resm.o
    0x0802ac08   0x0000004c   Code   RO          320    i.move_font48       resm.o
    0x0802ac54   0x0000004c   Code   RO          321    i.move_font56       resm.o
    0x0802aca0   0x0000004c   Code   RO          322    i.move_font64       resm.o
    0x0802acec   0x00000018   Code   RO          323    i.move_strip        resm.o
    0x0802ad04   0x00000038   Code   RO         8461    i.move_window       ff.o
    0x0802ad3c   0x00000198   Code   RO            8    i.mt_loop           main.o
    0x0802aed4   0x00000042   Code   RO          683    i.out_line_16       lcd.o
    0x0802af16   0x00000042   Code   RO          684    i.out_line_24       lcd.o
    0x0802af58   0x00000042   Code   RO          685    i.out_line_32       lcd.o
    0x0802af9a   0x00000042   Code   RO          686    i.out_line_40       lcd.o
    0x0802afdc   0x00000042   Code   RO          687    i.out_line_48       lcd.o
    0x0802b01e   0x00000042   Code   RO          688    i.out_line_56       lcd.o
    0x0802b060   0x00000042   Code   RO          689    i.out_line_64       lcd.o
    0x0802b0a2   0x00000002   PAD
    0x0802b0a4   0x000000c8   Code   RO          690    i.out_text_16e      lcd.o
    0x0802b16c   0x000000dc   Code   RO          691    i.out_text_24e      lcd.o
    0x0802b248   0x000000dc   Code   RO          692    i.out_text_32e      lcd.o
    0x0802b324   0x00000164   Code   RO          693    i.out_text_40e      lcd.o
    0x0802b488   0x00000180   Code   RO          694    i.out_text_48e      lcd.o
    0x0802b608   0x00000198   Code   RO          695    i.out_text_56e      lcd.o
    0x0802b7a0   0x000001b0   Code   RO          696    i.out_text_64e      lcd.o
    0x0802b950   0x00000028   Code   RO         2116    i.printf5           usart.o
    0x0802b978   0x00000018   Code   RO          325    i.push_strip        resm.o
    0x0802b990   0x0000014a   Code   RO         8462    i.put_fat           ff.o
    0x0802bada   0x00000002   PAD
    0x0802badc   0x000002bc   Code   RO         2117    i.rcv_loop          usart.o
    0x0802bd98   0x0000007c   Code   RO          326    i.readAllRTC        resm.o
    0x0802be14   0x00000178   Code   RO          327    i.readFR            resm.o
    0x0802bf8c   0x000001ac   Code   RO          328    i.readFR4k          resm.o
    0x0802c138   0x00000040   Code   RO          329    i.readRTC           resm.o
    0x0802c178   0x000000d0   Code   RO          331    i.read_jedec        resm.o
    0x0802c248   0x00000070   Code   RO          332    i.read_stat         resm.o
    0x0802c2b8   0x0000007a   Code   RO         8463    i.remove_chain      ff.o
    0x0802c332   0x00000002   PAD
    0x0802c334   0x0000030c   Code   RO          333    i.run_format        resm.o
    0x0802c640   0x0000001c   Code   RO         2118    i.sav_cmd1          usart.o
    0x0802c65c   0x000000c6   Code   RO          335    i.sendFR            resm.o
    0x0802c722   0x00000040   Code   RO          336    i.sendRTC           resm.o
    0x0802c762   0x00000064   Code   RO          337    i.sendWRSR          resm.o
    0x0802c7c6   0x0000001c   Code   RO          338    i.send_ck           resm.o
    0x0802c7e2   0x0000001c   Code   RO          339    i.send_clk02        resm.o
    0x0802c7fe   0x00000010   Code   RO         8464    i.st_clust          ff.o
    0x0802c80e   0x00000002   PAD
    0x0802c810   0x00000184   Code   RO         2120    i.stepa_loop        usart.o
    0x0802c994   0x0000018c   Code   RO         2121    i.stepb_loop        usart.o
    0x0802cb20   0x000000bc   Code   RO          340    i.store_bmp         resm.o
    0x0802cbdc   0x00000318   Code   RO          341    i.store_font        resm.o
    0x0802cef4   0x00000066   Code   RO         1461    i.strext            usb_file.o
    0x0802cf5a   0x000000f4   Code   RO         8465    i.sync_fs           ff.o
    0x0802d04e   0x00000060   Code   RO         8466    i.sync_window       ff.o
    0x0802d0ae   0x00000002   PAD
    0x0802d0b0   0x00000064   Code   RO         1525    i.tch_check         touch.o
    0x0802d114   0x000001e8   Code   RO         1526    i.tch_main          touch.o
    0x0802d2fc   0x00000002   Code   RO         1527    i.tch_menu          touch.o
    0x0802d2fe   0x00000002   PAD
    0x0802d300   0x000000d4   Code   RO            9    i.tch_read          main.o
    0x0802d3d4   0x00000002   Code   RO         1528    i.tch_set           touch.o
    0x0802d3d6   0x00000002   PAD
    0x0802d3d8   0x000001b8   Code   RO          344    i.test_flash        resm.o
    0x0802d590   0x00000026   Code   RO         1529    i.test_usb_file     touch.o
    0x0802d5b6   0x00000002   PAD
    0x0802d5b8   0x0000027c   Code   RO           10    i.time_loop         main.o
    0x0802d834   0x000001ec   Code   RO         1462    i.usb_store_pf      usb_file.o
    0x0802da20   0x00000002   Code   RO         1463    i.usb_store_program  usb_file.o
    0x0802da22   0x00000042   Code   RO         8467    i.validate          ff.o
    0x0802da64   0x00000018   Code   RO         2125    i.wait_tx5          usart.o
    0x0802da7c   0x000000d0   Code   RO          348    i.writeFR256        resm.o
    0x0802db4c   0x00000040   Code   RO          350    i.writeRTC          resm.o
    0x0802db8c   0x0000027c   Code   RO          351    i.write_bmp         resm.o
    0x0802de08   0x00000048   Data   RO          353    .constdata          resm.o
    0x0802de50   0x00000197   Data   RO         1191    .constdata          usbh_hid_usr.o
    0x0802dfe7   0x000001ce   Data   RO         1344    .constdata          usbh_msc_usr.o
    0x0802e1b5   0x00000003   PAD
    0x0802e1b8   0x000000a8   Data   RO         2309    .constdata          stm324x9i_eval.o
    0x0802e260   0x000000b4   Data   RO         2448    .constdata          port.o
    0x0802e314   0x000001ec   Data   RO         7943    .constdata          usbh_hid_keybd.o
    0x0802e500   0x00000011   Data   RO          707    .conststring        lcd.o
    0x0802e511   0x00000003   PAD
    0x0802e514   0x00000020   Data   RO         8995    Region$$Table       anon$$obj.o


    Execution Region RW_IRAM1 (Base: 0x20000000, Size: 0x00011c98, Max: 0x00030000, ABSOLUTE, COMPRESSED[0x00000198])

    Base Addr    Size         Type   Attr      Idx    E Section Name        Object

    0x20000000   0x00000012   Data   RW           11    .data               main.o
    0x20000012   0x00000002   PAD
    0x20000014   0x0000002d   Data   RW          354    .data               resm.o
    0x20000041   0x00000003   PAD
    0x20000044   0x0000003d   Data   RW          708    .data               lcd.o
    0x20000081   0x0000000a   Data   RW         1116    .data               usb.o
    0x2000008b   0x00000001   PAD
    0x2000008c   0x0000004c   Data   RW         1192    .data               usbh_hid_usr.o
    0x200000d8   0x00000088   Data   RW         1345    .data               usbh_msc_usr.o
    0x20000160   0x00000002   Data   RW         1466    .data               usb_file.o
    0x20000162   0x00000048   Data   RW         1530    .data               touch.o
    0x200001aa   0x00000009   Data   RW         1642    .data               dma2.o
    0x200001b3   0x00000001   PAD
    0x200001b4   0x00000008   Data   RW         1751    .data               32f429_lcd.o
    0x200001bc   0x00000012   Data   RW         2010    .data               tm_adc.o
    0x200001ce   0x00000002   PAD
    0x200001d0   0x00000061   Data   RW         2127    .data               usart.o
    0x20000231   0x00000003   PAD
    0x20000234   0x00000054   Data   RW         2310    .data               stm324x9i_eval.o
    0x20000288   0x00000078   Data   RW         2449    .data               port.o
    0x20000300   0x00000010   Data   RW         5562    .data               stm32f4xx_rcc.o
    0x20000310   0x00000005   Data   RW         7228    .data               usb_bsp.o
    0x20000315   0x00000003   PAD
    0x20000318   0x0000001e   Data   RW         7697    .data               usbh_core.o
    0x20000336   0x00000002   PAD
    0x20000338   0x0000001c   Data   RW         7872    .data               usbh_hid_core.o
    0x20000354   0x0000001f   Data   RW         7944    .data               usbh_hid_keybd.o
    0x20000373   0x00000001   PAD
    0x20000374   0x0000000c   Data   RW         7978    .data               usbh_hid_mouse.o
    0x20000380   0x00000015   Data   RW         8094    .data               usbh_msc_bot.o
    0x20000395   0x00000003   PAD
    0x20000398   0x0000001e   Data   RW         8149    .data               usbh_msc_core.o
    0x200003b6   0x00000001   Data   RW         8200    .data               usbh_msc_fatfs.o
    0x200003b7   0x00000001   Data   RW         8257    .data               usbh_msc_scsi.o
    0x200003b8   0x00000003   Data   RW         8324    .data               usbh_stdreq.o
    0x200003bb   0x00000001   PAD
    0x200003bc   0x00000006   Data   RW         8468    .data               ff.o
    0x200003c2   0x00000002   PAD
    0x200003c4   0x000094b0   Zero   RW          352    .bss                resm.o
    0x20009874   0x000009c0   Zero   RW          706    .bss                lcd.o
    0x2000a234   0x00000c88   Zero   RW         1115    .bss                usb.o
    0x2000aebc   0x0000001e   Zero   RW         1190    .bss                usbh_hid_usr.o
    0x2000aeda   0x00000002   PAD
    0x2000aedc   0x00004854   Zero   RW         1464    .bss                usb_file.o
    0x2000f730   0x00001000   Zero   RW         1916    .bss                fsmc_nand.o
    0x20010730   0x00000a20   Zero   RW         2126    .bss                usart.o
    0x20011150   0x000000a6   Zero   RW         7871    .bss                usbh_hid_core.o
    0x200111f6   0x00000002   PAD
    0x200111f8   0x00000040   Zero   RW         8093    .bss                usbh_msc_bot.o
    0x20011238   0x0000004a   Zero   RW         8148    .bss                usbh_msc_core.o
    0x20011282   0x00000002   PAD
    0x20011284   0x00000410   Zero   RW         8256    .bss                usbh_msc_scsi.o
    0x20011694   0x00000200   Zero   RW         8323    .bss                usbh_stdreq.o
    0x20011894   0x00000004   PAD
    0x20011898   0x00000400   Zero   RW         2502    STACK               startup_stm32f40xx.o


==============================================================================

Image component sizes


      Code (inc. data)   RO Data    RW Data    ZI Data      Debug   Object Name

       916         52          0          8          0       4918   32f429_lcd.o
       842         24          0          0          0       2649   32f429_sdram.o
        80         24          0          9          0        748   dma2.o
       432         54          0          0          0        892   dsp.o
      5766         46          0          6          0      29096   ff.o
      1370         82          0          0       4096       9193   fsmc_nand.o
      3458        152         17         61       2496     347246   lcd.o
      2098        622          0         18          0     345199   main.o
       140         22          0          0          0       1607   misc.o
       568         60        180        120          0       7663   port.o
      7564       1590         72         45      38064      27230   resm.o
        36          8        392          0       1024        876   startup_stm32f40xx.o
       272         48        168         84          0       5327   stm324x9i_eval.o
       324         22          0          0          0       3303   stm32f4xx_adc.o
        80          0          0          0          0       2441   stm32f4xx_dma.o
       688         58          0          0          0       5385   stm32f4xx_fmc.o
       250          0          0          0          0       4195   stm32f4xx_gpio.o
        66         12          0          0          0       8168   stm32f4xx_it.o
       774         32          0          0          0       4233   stm32f4xx_ltdc.o
       548         76          0         16          0       8910   stm32f4xx_rcc.o
       238         28          0          0          0       4337   stm32f4xx_tim.o
       272          8          0          0          0       3315   stm32f4xx_usart.o
       392         40          0          0          0       1417   system_stm32f4xx.o
       924        140          0         18          0       6401   tm_adc.o
       680        134          0         72          0       4447   touch.o
      3050        584          0         97       2592      10661   usart.o
       192         56          0         10       3208       3967   usb.o
       780         48          0          5          0       6320   usb_bsp.o
      3118         18          0          0          0      40231   usb_core.o
      1424        494          0          2      18516       4708   usb_file.o
       210          0          0          0          0       4939   usb_hcd.o
      3692         16          0          0          0       9443   usb_hcd_int.o
      1726         48          0         30          0      16529   usbh_core.o
       390          0          0          0          0      23640   usbh_hcs.o
      1530        360          0         28        166       7800   usbh_hid_core.o
       348         44        492         31          0       3565   usbh_hid_keybd.o
        40          6          0         12          0       3263   usbh_hid_mouse.o
       720        352        407         76         30      12342   usbh_hid_usr.o
       680          0          0          0          0       5370   usbh_ioreq.o
      1324        106          0         21         64       6081   usbh_msc_bot.o
      1228        366          0         30         74       5017   usbh_msc_core.o
       392         52          0          1          0       4892   usbh_msc_fatfs.o
      1312         88          0          1       1040       6272   usbh_msc_scsi.o
       682        372        462        136          0      10141   usbh_msc_usr.o
       982         12          0          3        512       9157   usbh_stdreq.o

    ----------------------------------------------------------------------
     52668       6356       2228        964      71892    1033534   Object Totals
         0          0         32          0          0          0   (incl. Generated)
        70          0          6         24         10          0   (incl. Padding)

    ----------------------------------------------------------------------

      Code (inc. data)   RO Data    RW Data    ZI Data      Debug   Library Member Name

        92          0          0          0          0          0   __dczerorl2.o
         0          0          0          0          0          0   entry.o
         0          0          0          0          0          0   entry10a.o
         0          0          0          0          0          0   entry11a.o
         8          4          0          0          0          0   entry2.o
         4          0          0          0          0          0   entry5.o
         0          0          0          0          0          0   entry7b.o
         0          0          0          0          0          0   entry8b.o
         8          4          0          0          0          0   entry9a.o
        30          0          0          0          0          0   handlers.o
        36          8          0          0          0         68   init.o
         0          0          0          0          0          0   iusefp.o
        30          0          0          0          0         68   llshl.o
        36          0          0          0          0         68   llsshr.o
        32          0          0          0          0         68   llushr.o
      2296         92          0          0          0        592   printfa.o
        44          0          0          0          0         80   uidiv.o
        98          0          0          0          0         92   uldiv.o
        40          2          0          0          0         68   cdrcmple.o
       334          0          0          0          0        148   dadd.o
       222          0          0          0          0        100   ddiv.o
       190          0          0          0          0        176   depilogue.o
        48          0          0          0          0         68   dfixul.o
       228          0          0          0          0         96   dmul.o

    ----------------------------------------------------------------------
      3780        110          0          0          0       1692   Library Totals
         4          0          0          0          0          0   (incl. Padding)

    ----------------------------------------------------------------------

      Code (inc. data)   RO Data    RW Data    ZI Data      Debug   Library Name

      2714        108          0          0          0       1036   mc_w.l
      1062          2          0          0          0        656   mf_w.l

    ----------------------------------------------------------------------
      3780        110          0          0          0       1692   Library Totals

    ----------------------------------------------------------------------

==============================================================================


      Code (inc. data)   RO Data    RW Data    ZI Data      Debug   

     56448       6466       2228        964      71892     995242   Grand Totals
     56448       6466       2228        408      71892     995242   ELF Image Totals (compressed)
     56448       6466       2228        408          0          0   ROM Totals

==============================================================================

    Total RO  Size (Code + RO Data)                58676 (  57.30kB)
    Total RW  Size (RW Data + ZI Data)             72856 (  71.15kB)
    Total ROM Size (Code + RO Data + RW Data)      59084 (  57.70kB)

==============================================================================

