<html>
<body>
<pre>
<h1>µVision Build Log</h1>
<h2>Project:</h2>
D:\DFI\MT\Prj\M7\MDK-ARM\Project.uvproj
Project File Date:  06/20/2018

<h2>Output:</h2>
Build target 'STM32F429_439xx'
linking...
Program Size: Code=9924 RO-data=11336 RW-data=172 ZI-data=1028  
FromELF: creating hex file...
".\STM32F429_439xx\M7_06.axf" - 0 Error(s), 0 Warning(s).
Load "D:\\DFI\\MT\\Prj\\M7\\MDK-ARM\\STM32F429_439xx\\STM32F429_439xx.axf" 
Set JLink Project File to "D:\DFI\MT\Prj\M7\MDK-ARM\JLinkSettings.ini"
* JLink Info: Device "STM32F439II" selected.
 
JLink info:
------------
DLL: V6.14 , compiled Feb 23 2017 17:29:32
Firmware: J-Link ARM V8 compiled Nov 28 2014 13:44:46
Hardware: V8.00
S/N : 58007740 
Feature(s) : RDI,FlashDL,FlashBP,JFlash,GDBFull 
 
* JLink Info: Found SWD-DP with ID 0x2BA01477
* JLink Info: Found SWD-DP with ID 0x2BA01477
* JLink Info: AP-IDR: 0x24770011, Type: AHB-AP
* JLink Info: AHB-AP ROM: 0xE00FF000 (Base addr. of first ROM table)
* JLink Info: Found Cortex-M4 r0p1, Little endian.
* JLink Info: FPUnit: 6 code (BP) slots and 2 literal slots
* JLink Info: CoreSight components:
* JLink Info: ROMTbl 0 @ E00FF000
* JLink Info: ROMTbl 0 [0]: FFF0F000, CID: B105E00D, PID: 000BB00C SCS
* JLink Info: ROMTbl 0 [1]: FFF02000, CID: B105E00D, PID: 003BB002 DWT
* JLink Info: ROMTbl 0 [2]: FFF03000, CID: B105E00D, PID: 002BB003 FPB
* JLink Info: ROMTbl 0 [3]: FFF01000, CID: B105E00D, PID: 003BB001 ITM
* JLink Info: ROMTbl 0 [4]: FFF41000, CID: B105900D, PID: 000BB9A1 TPIU
* JLink Info: ROMTbl 0 [5]: FFF42000, CID: B105900D, PID: 000BB925 ETM
ROMTableAddr = 0xE00FF003
 
Target info:
------------
Device: STM32F439II
VTarget = 3.300V
State of Pins: 
TCK: 0, TDI: 1, TDO: 1, TMS: 1, TRES: 1, TRST: 1
Hardware-Breakpoints: 6
Software-Breakpoints: 8192
Watchpoints:          4
JTAG speed: 2000 kHz
 
Erase Done.
Programming Done.
Verify OK.
Application running ...
92
Watchpoints:          4
JTAG speed: 2000 kHz
 
Erase Done.
Programming Done.
Verify OK.
Application running ...
g ...
STM32F429_439xx\STM32F429_439xx.axf" - 0 Error(s), 1 Warning(s).

        GPIO_Init(LED3_Port, &GPIO_InitStructure);
..\main.c(218): error:  #20: identifier "LED4_Pin" is undefined
        GPIO_InitStructure.GPIO_Pin = LED4_Pin;
..\main.c(219): error:  #20: identifier "LED4_Port" is undefined
        GPIO_Init(LED4_Port, &GPIO_InitStructure);
..\main.c: 0 warnings, 19 errors
compiling usart.c...
compiling 32f429_lcd.c...
..\32f429_lcd.c(1590): warning:  #177-D: function "delay" was declared but never referenced
  static void delay(__IO uint32_t nCount)
..\32f429_lcd.c: 1 warning, 0 errors
".\STM32F429_439xx\STM32F429_439xx.axf" - 19 Error(s), 1 Warning(s).
Target not created
